ARM GAS  C:\Users\l1234\AppData\Local\Temp\ccfMDzsc.s 			page 1


   1              		.cpu cortex-m7
   2              		.arch armv7e-m
   3              		.fpu fpv5-d16
   4              		.eabi_attribute 28, 1
   5              		.eabi_attribute 20, 1
   6              		.eabi_attribute 21, 1
   7              		.eabi_attribute 23, 3
   8              		.eabi_attribute 24, 1
   9              		.eabi_attribute 25, 1
  10              		.eabi_attribute 26, 1
  11              		.eabi_attribute 30, 2
  12              		.eabi_attribute 34, 1
  13              		.eabi_attribute 18, 4
  14              		.file	"bsp_motor_feedback.c"
  15              		.text
  16              	.Ltext0:
  17              		.cfi_sections	.debug_frame
  18              		.file 1 "Bsp/Src/bsp_motor_feedback.c"
  19              		.section	.text.BSP_MotorFeedback_Init,"ax",%progbits
  20              		.align	1
  21              		.p2align 2,,3
  22              		.global	BSP_MotorFeedback_Init
  23              		.syntax unified
  24              		.thumb
  25              		.thumb_func
  27              	BSP_MotorFeedback_Init:
  28              	.LFB144:
   1:Bsp/Src/bsp_motor_feedback.c **** #include "bsp_motor_feedback.h"
   2:Bsp/Src/bsp_motor_feedback.c **** #include "bsp_inverse_kinematics.h"
   3:Bsp/Src/bsp_motor_feedback.c **** #include "main.h"
   4:Bsp/Src/bsp_motor_feedback.c **** 
   5:Bsp/Src/bsp_motor_feedback.c **** // Static buffer for motor feedback data
   6:Bsp/Src/bsp_motor_feedback.c **** static motor_feedback_buffer_t feedback_buffer = {0};
   7:Bsp/Src/bsp_motor_feedback.c **** 
   8:Bsp/Src/bsp_motor_feedback.c **** // Constants for speed conversion
   9:Bsp/Src/bsp_motor_feedback.c **** #define RPM_TO_RAD_PER_SEC (2.0f * M_PI / 60.0f)  // Convert RPM to rad/s
  10:Bsp/Src/bsp_motor_feedback.c **** 
  11:Bsp/Src/bsp_motor_feedback.c **** void BSP_MotorFeedback_Init(void)
  12:Bsp/Src/bsp_motor_feedback.c **** {
  29              		.loc 1 12 1 view -0
  30              		.cfi_startproc
  31              		@ args = 0, pretend = 0, frame = 0
  32              		@ frame_needed = 0, uses_anonymous_args = 0
  33              		@ link register save eliminated.
  13:Bsp/Src/bsp_motor_feedback.c ****     // Initialize the feedback buffer
  14:Bsp/Src/bsp_motor_feedback.c ****     for(int i = 0; i < 4; i++) {
  34              		.loc 1 14 5 view .LVU1
  35              	.LBB2:
  36              		.loc 1 14 9 view .LVU2
  37              	.LVL0:
  38              		.loc 1 14 22 view .LVU3
  15:Bsp/Src/bsp_motor_feedback.c ****         feedback_buffer.motors[i].rotor_angle = 0;
  39              		.loc 1 15 9 view .LVU4
  16:Bsp/Src/bsp_motor_feedback.c ****         feedback_buffer.motors[i].rotor_speed = 0;
  40              		.loc 1 16 9 view .LVU5
  17:Bsp/Src/bsp_motor_feedback.c ****         feedback_buffer.motors[i].torque_current = 0;
  41              		.loc 1 17 9 view .LVU6
ARM GAS  C:\Users\l1234\AppData\Local\Temp\ccfMDzsc.s 			page 2


  18:Bsp/Src/bsp_motor_feedback.c ****         feedback_buffer.motors[i].temperature = 0;
  42              		.loc 1 18 9 view .LVU7
  19:Bsp/Src/bsp_motor_feedback.c ****         feedback_buffer.motors[i].error_status = 0;
  43              		.loc 1 19 9 view .LVU8
  20:Bsp/Src/bsp_motor_feedback.c ****         velocity_debug.actual_motor_speeds[i] = 0;
  44              		.loc 1 20 9 view .LVU9
  15:Bsp/Src/bsp_motor_feedback.c ****         feedback_buffer.motors[i].rotor_speed = 0;
  45              		.loc 1 15 47 is_stmt 0 view .LVU10
  46 0000 094B     		ldr	r3, .L3
  47 0002 0022     		movs	r2, #0
  48              		.loc 1 20 47 view .LVU11
  49 0004 0949     		ldr	r1, .L3+4
  50 0006 0020     		movs	r0, #0
  17:Bsp/Src/bsp_motor_feedback.c ****         feedback_buffer.motors[i].temperature = 0;
  51              		.loc 1 17 50 view .LVU12
  52 0008 C3E90022 		strd	r2, r2, [r3]
  53              		.loc 1 20 47 view .LVU13
  54 000c 0862     		str	r0, [r1, #32]	@ float
  14:Bsp/Src/bsp_motor_feedback.c ****         feedback_buffer.motors[i].rotor_angle = 0;
  55              		.loc 1 14 28 is_stmt 1 view .LVU14
  56              	.LVL1:
  14:Bsp/Src/bsp_motor_feedback.c ****         feedback_buffer.motors[i].rotor_angle = 0;
  57              		.loc 1 14 22 view .LVU15
  15:Bsp/Src/bsp_motor_feedback.c ****         feedback_buffer.motors[i].rotor_speed = 0;
  58              		.loc 1 15 9 view .LVU16
  16:Bsp/Src/bsp_motor_feedback.c ****         feedback_buffer.motors[i].torque_current = 0;
  59              		.loc 1 16 9 view .LVU17
  17:Bsp/Src/bsp_motor_feedback.c ****         feedback_buffer.motors[i].temperature = 0;
  60              		.loc 1 17 9 view .LVU18
  18:Bsp/Src/bsp_motor_feedback.c ****         feedback_buffer.motors[i].error_status = 0;
  61              		.loc 1 18 9 view .LVU19
  19:Bsp/Src/bsp_motor_feedback.c ****         velocity_debug.actual_motor_speeds[i] = 0;
  62              		.loc 1 19 9 view .LVU20
  63              		.loc 1 20 9 view .LVU21
  64              		.loc 1 20 47 is_stmt 0 view .LVU22
  65 000e 4862     		str	r0, [r1, #36]	@ float
  14:Bsp/Src/bsp_motor_feedback.c ****         feedback_buffer.motors[i].rotor_angle = 0;
  66              		.loc 1 14 28 is_stmt 1 view .LVU23
  67              	.LVL2:
  14:Bsp/Src/bsp_motor_feedback.c ****         feedback_buffer.motors[i].rotor_angle = 0;
  68              		.loc 1 14 22 view .LVU24
  15:Bsp/Src/bsp_motor_feedback.c ****         feedback_buffer.motors[i].rotor_speed = 0;
  69              		.loc 1 15 9 view .LVU25
  16:Bsp/Src/bsp_motor_feedback.c ****         feedback_buffer.motors[i].torque_current = 0;
  70              		.loc 1 16 9 view .LVU26
  17:Bsp/Src/bsp_motor_feedback.c ****         feedback_buffer.motors[i].temperature = 0;
  71              		.loc 1 17 9 view .LVU27
  18:Bsp/Src/bsp_motor_feedback.c ****         feedback_buffer.motors[i].error_status = 0;
  72              		.loc 1 18 9 view .LVU28
  19:Bsp/Src/bsp_motor_feedback.c ****         velocity_debug.actual_motor_speeds[i] = 0;
  73              		.loc 1 19 9 view .LVU29
  74              		.loc 1 20 9 view .LVU30
  75              		.loc 1 20 47 is_stmt 0 view .LVU31
  76 0010 8862     		str	r0, [r1, #40]	@ float
  14:Bsp/Src/bsp_motor_feedback.c ****         feedback_buffer.motors[i].rotor_angle = 0;
  77              		.loc 1 14 28 is_stmt 1 view .LVU32
  78              	.LVL3:
ARM GAS  C:\Users\l1234\AppData\Local\Temp\ccfMDzsc.s 			page 3


  14:Bsp/Src/bsp_motor_feedback.c ****         feedback_buffer.motors[i].rotor_angle = 0;
  79              		.loc 1 14 22 view .LVU33
  15:Bsp/Src/bsp_motor_feedback.c ****         feedback_buffer.motors[i].rotor_speed = 0;
  80              		.loc 1 15 9 view .LVU34
  16:Bsp/Src/bsp_motor_feedback.c ****         feedback_buffer.motors[i].torque_current = 0;
  81              		.loc 1 16 9 view .LVU35
  17:Bsp/Src/bsp_motor_feedback.c ****         feedback_buffer.motors[i].temperature = 0;
  82              		.loc 1 17 9 view .LVU36
  18:Bsp/Src/bsp_motor_feedback.c ****         feedback_buffer.motors[i].error_status = 0;
  83              		.loc 1 18 9 view .LVU37
  19:Bsp/Src/bsp_motor_feedback.c ****         velocity_debug.actual_motor_speeds[i] = 0;
  84              		.loc 1 19 9 view .LVU38
  85              		.loc 1 20 9 view .LVU39
  86              		.loc 1 20 47 is_stmt 0 view .LVU40
  87 0012 C862     		str	r0, [r1, #44]	@ float
  14:Bsp/Src/bsp_motor_feedback.c ****         feedback_buffer.motors[i].rotor_angle = 0;
  88              		.loc 1 14 28 is_stmt 1 view .LVU41
  89              	.LVL4:
  14:Bsp/Src/bsp_motor_feedback.c ****         feedback_buffer.motors[i].rotor_angle = 0;
  90              		.loc 1 14 22 view .LVU42
  91              	.LBE2:
  21:Bsp/Src/bsp_motor_feedback.c ****     }
  22:Bsp/Src/bsp_motor_feedback.c ****     feedback_buffer.last_update_time = 0;
  92              		.loc 1 22 5 view .LVU43
  23:Bsp/Src/bsp_motor_feedback.c ****     feedback_buffer.update_count = 0;
  93              		.loc 1 23 5 view .LVU44
  94              	.LBB3:
  17:Bsp/Src/bsp_motor_feedback.c ****         feedback_buffer.motors[i].temperature = 0;
  95              		.loc 1 17 50 is_stmt 0 view .LVU45
  96 0014 C3E90222 		strd	r2, r2, [r3, #8]
  97 0018 C3E90422 		strd	r2, r2, [r3, #16]
  98 001c C3E90622 		strd	r2, r2, [r3, #24]
  99              	.LBE3:
 100              		.loc 1 23 34 view .LVU46
 101 0020 C3E90822 		strd	r2, r2, [r3, #32]
  24:Bsp/Src/bsp_motor_feedback.c **** }
 102              		.loc 1 24 1 view .LVU47
 103 0024 7047     		bx	lr
 104              	.L4:
 105 0026 00BF     		.align	2
 106              	.L3:
 107 0028 00000000 		.word	feedback_buffer
 108 002c 00000000 		.word	velocity_debug
 109              		.cfi_endproc
 110              	.LFE144:
 112              		.section	.text.BSP_MotorFeedback_ProcessMessage,"ax",%progbits
 113              		.align	1
 114              		.p2align 2,,3
 115              		.global	BSP_MotorFeedback_ProcessMessage
 116              		.syntax unified
 117              		.thumb
 118              		.thumb_func
 120              	BSP_MotorFeedback_ProcessMessage:
 121              	.LVL5:
 122              	.LFB145:
  25:Bsp/Src/bsp_motor_feedback.c **** 
  26:Bsp/Src/bsp_motor_feedback.c **** void BSP_MotorFeedback_ProcessMessage(uint32_t motor_id, uint8_t* data)
ARM GAS  C:\Users\l1234\AppData\Local\Temp\ccfMDzsc.s 			page 4


  27:Bsp/Src/bsp_motor_feedback.c **** {
 123              		.loc 1 27 1 is_stmt 1 view -0
 124              		.cfi_startproc
 125              		@ args = 0, pretend = 0, frame = 0
 126              		@ frame_needed = 0, uses_anonymous_args = 0
  28:Bsp/Src/bsp_motor_feedback.c ****     // Check if motor_id is valid (1-4)
  29:Bsp/Src/bsp_motor_feedback.c ****     if(motor_id < 1 || motor_id > 4 || data == NULL) {
 127              		.loc 1 29 5 view .LVU49
 128              		.loc 1 29 21 is_stmt 0 view .LVU50
 129 0000 0138     		subs	r0, r0, #1
 130              	.LVL6:
 131              		.loc 1 29 37 view .LVU51
 132 0002 0328     		cmp	r0, #3
 133 0004 2AD8     		bhi	.L8
 134 0006 49B3     		cbz	r1, .L8
  30:Bsp/Src/bsp_motor_feedback.c ****         return;
  31:Bsp/Src/bsp_motor_feedback.c ****     }
  32:Bsp/Src/bsp_motor_feedback.c **** 
  33:Bsp/Src/bsp_motor_feedback.c ****     // Calculate array index (0-3) from motor ID (1-4)
  34:Bsp/Src/bsp_motor_feedback.c ****     uint8_t index = motor_id - 1;
 135              		.loc 1 34 5 is_stmt 1 view .LVU52
 136              	.LVL7:
  35:Bsp/Src/bsp_motor_feedback.c **** 
  36:Bsp/Src/bsp_motor_feedback.c ****     // Parse the data according to DM3519 protocol
  37:Bsp/Src/bsp_motor_feedback.c ****     // Rotor angle (0~8191)
  38:Bsp/Src/bsp_motor_feedback.c ****     feedback_buffer.motors[index].rotor_angle = (int16_t)((data[0] << 8) | data[1]);
 137              		.loc 1 38 5 view .LVU53
 138              		.loc 1 38 34 is_stmt 0 view .LVU54
 139 0008 C0B2     		uxtb	r0, r0
 140              	.LVL8:
  27:Bsp/Src/bsp_motor_feedback.c ****     // Check if motor_id is valid (1-4)
 141              		.loc 1 27 1 view .LVU55
 142 000a 10B5     		push	{r4, lr}
 143              	.LCFI0:
 144              		.cfi_def_cfa_offset 8
 145              		.cfi_offset 4, -8
 146              		.cfi_offset 14, -4
 147              		.loc 1 38 47 view .LVU56
 148 000c 0B88     		ldrh	r3, [r1]	@ unaligned
 149 000e 164C     		ldr	r4, .L11+8
 150 0010 5BBA     		rev16	r3, r3
 151 0012 24F83030 		strh	r3, [r4, r0, lsl #3]	@ movhi
  39:Bsp/Src/bsp_motor_feedback.c ****     
  40:Bsp/Src/bsp_motor_feedback.c ****     // Rotor speed (RPM)
  41:Bsp/Src/bsp_motor_feedback.c ****     feedback_buffer.motors[index].rotor_speed = (int16_t)((data[2] << 8) | data[3]);
 152              		.loc 1 41 5 is_stmt 1 view .LVU57
 153 0016 4A88     		ldrh	r2, [r1, #2]	@ unaligned
 154 0018 52BA     		rev16	r2, r2
 155 001a 13B2     		sxth	r3, r2
 156 001c 07EE103A 		vmov	s14, r3	@ int
 157              		.loc 1 41 47 is_stmt 0 view .LVU58
 158 0020 04EBC003 		add	r3, r4, r0, lsl #3
  42:Bsp/Src/bsp_motor_feedback.c ****     
  43:Bsp/Src/bsp_motor_feedback.c ****     // Torque current (-16384~16384 -> -20.5~20.5A)
  44:Bsp/Src/bsp_motor_feedback.c ****     feedback_buffer.motors[index].torque_current = (int16_t)((data[4] << 8) | data[5]);
  45:Bsp/Src/bsp_motor_feedback.c ****     
  46:Bsp/Src/bsp_motor_feedback.c ****     // Temperature (¡ãC)
ARM GAS  C:\Users\l1234\AppData\Local\Temp\ccfMDzsc.s 			page 5


  47:Bsp/Src/bsp_motor_feedback.c ****     feedback_buffer.motors[index].temperature = data[6];
  48:Bsp/Src/bsp_motor_feedback.c ****     
  49:Bsp/Src/bsp_motor_feedback.c ****     // Error status
  50:Bsp/Src/bsp_motor_feedback.c ****     feedback_buffer.motors[index].error_status = data[7];
  51:Bsp/Src/bsp_motor_feedback.c **** 
  52:Bsp/Src/bsp_motor_feedback.c ****     // Store rotor speed in rad/s for debugging
  53:Bsp/Src/bsp_motor_feedback.c ****     velocity_debug.actual_motor_speeds[index] = feedback_buffer.motors[index].rotor_speed * RPM_TO_
 159              		.loc 1 53 91 view .LVU59
 160 0024 9FED0E6B 		vldr.64	d6, .L11
 161 0028 B8EEC77B 		vcvt.f64.s32	d7, s14
  41:Bsp/Src/bsp_motor_feedback.c ****     
 162              		.loc 1 41 47 view .LVU60
 163 002c 5A80     		strh	r2, [r3, #2]	@ movhi
  44:Bsp/Src/bsp_motor_feedback.c ****     
 164              		.loc 1 44 5 is_stmt 1 view .LVU61
  44:Bsp/Src/bsp_motor_feedback.c ****     
 165              		.loc 1 44 50 is_stmt 0 view .LVU62
 166 002e 8A88     		ldrh	r2, [r1, #4]	@ unaligned
 167              		.loc 1 53 91 view .LVU63
 168 0030 27EE067B 		vmul.f64	d7, d7, d6
  44:Bsp/Src/bsp_motor_feedback.c ****     
 169              		.loc 1 44 50 view .LVU64
 170 0034 52BA     		rev16	r2, r2
 171 0036 9A80     		strh	r2, [r3, #4]	@ movhi
  47:Bsp/Src/bsp_motor_feedback.c ****     
 172              		.loc 1 47 5 is_stmt 1 view .LVU65
  47:Bsp/Src/bsp_motor_feedback.c ****     
 173              		.loc 1 47 47 is_stmt 0 view .LVU66
 174 0038 8A79     		ldrb	r2, [r1, #6]	@ zero_extendqisi2
 175 003a 9A71     		strb	r2, [r3, #6]
  50:Bsp/Src/bsp_motor_feedback.c **** 
 176              		.loc 1 50 5 is_stmt 1 view .LVU67
 177              		.loc 1 53 47 is_stmt 0 view .LVU68
 178 003c 0B4A     		ldr	r2, .L11+12
 179              		.loc 1 53 91 view .LVU69
 180 003e B7EEC77B 		vcvt.f32.f64	s14, d7
  50:Bsp/Src/bsp_motor_feedback.c **** 
 181              		.loc 1 50 48 view .LVU70
 182 0042 C979     		ldrb	r1, [r1, #7]	@ zero_extendqisi2
 183              	.LVL9:
 184              		.loc 1 53 47 view .LVU71
 185 0044 02EB8002 		add	r2, r2, r0, lsl #2
  50:Bsp/Src/bsp_motor_feedback.c **** 
 186              		.loc 1 50 48 view .LVU72
 187 0048 D971     		strb	r1, [r3, #7]
 188              		.loc 1 53 5 is_stmt 1 view .LVU73
 189              		.loc 1 53 91 is_stmt 0 view .LVU74
 190 004a 82ED087A 		vstr.32	s14, [r2, #32]
  54:Bsp/Src/bsp_motor_feedback.c **** 
  55:Bsp/Src/bsp_motor_feedback.c ****     // Update timing information
  56:Bsp/Src/bsp_motor_feedback.c ****     feedback_buffer.last_update_time = HAL_GetTick();
 191              		.loc 1 56 5 is_stmt 1 view .LVU75
 192              		.loc 1 56 40 is_stmt 0 view .LVU76
 193 004e FFF7FEFF 		bl	HAL_GetTick
 194              	.LVL10:
  57:Bsp/Src/bsp_motor_feedback.c ****     feedback_buffer.update_count++;
 195              		.loc 1 57 33 view .LVU77
ARM GAS  C:\Users\l1234\AppData\Local\Temp\ccfMDzsc.s 			page 6


 196 0052 636A     		ldr	r3, [r4, #36]
 197 0054 0133     		adds	r3, r3, #1
 198 0056 C4E90803 		strd	r0, r3, [r4, #32]
  58:Bsp/Src/bsp_motor_feedback.c **** }
 199              		.loc 1 58 1 view .LVU78
 200 005a 10BD     		pop	{r4, pc}
 201              	.LVL11:
 202              	.L8:
 203              	.LCFI1:
 204              		.cfi_def_cfa_offset 0
 205              		.cfi_restore 4
 206              		.cfi_restore 14
 207              		.loc 1 58 1 view .LVU79
 208 005c 7047     		bx	lr
 209              	.L12:
 210 005e 00BF     		.align	3
 211              	.L11:
 212 0060 D5EB7BF3 		.word	-209982507
 213 0064 E9CEBA3F 		.word	1069207273
 214 0068 00000000 		.word	feedback_buffer
 215 006c 00000000 		.word	velocity_debug
 216              		.cfi_endproc
 217              	.LFE145:
 219              		.section	.text.BSP_MotorFeedback_GetMotorData,"ax",%progbits
 220              		.align	1
 221              		.p2align 2,,3
 222              		.global	BSP_MotorFeedback_GetMotorData
 223              		.syntax unified
 224              		.thumb
 225              		.thumb_func
 227              	BSP_MotorFeedback_GetMotorData:
 228              	.LVL12:
 229              	.LFB146:
  59:Bsp/Src/bsp_motor_feedback.c **** 
  60:Bsp/Src/bsp_motor_feedback.c **** motor_feedback_t* BSP_MotorFeedback_GetMotorData(uint8_t motor_index)
  61:Bsp/Src/bsp_motor_feedback.c **** {
 230              		.loc 1 61 1 is_stmt 1 view -0
 231              		.cfi_startproc
 232              		@ args = 0, pretend = 0, frame = 0
 233              		@ frame_needed = 0, uses_anonymous_args = 0
 234              		@ link register save eliminated.
  62:Bsp/Src/bsp_motor_feedback.c ****     // Check if motor_index is valid (0-3)
  63:Bsp/Src/bsp_motor_feedback.c ****     if(motor_index >= 4) {
 235              		.loc 1 63 5 view .LVU81
 236              		.loc 1 63 7 is_stmt 0 view .LVU82
 237 0000 0328     		cmp	r0, #3
 238 0002 03D8     		bhi	.L15
  64:Bsp/Src/bsp_motor_feedback.c ****         return NULL;
  65:Bsp/Src/bsp_motor_feedback.c ****     }
  66:Bsp/Src/bsp_motor_feedback.c ****     return &feedback_buffer.motors[motor_index];
 239              		.loc 1 66 5 is_stmt 1 view .LVU83
 240              		.loc 1 66 12 is_stmt 0 view .LVU84
 241 0004 024B     		ldr	r3, .L16
 242 0006 03EBC000 		add	r0, r3, r0, lsl #3
 243              	.LVL13:
 244              		.loc 1 66 12 view .LVU85
 245 000a 7047     		bx	lr
ARM GAS  C:\Users\l1234\AppData\Local\Temp\ccfMDzsc.s 			page 7


 246              	.LVL14:
 247              	.L15:
  64:Bsp/Src/bsp_motor_feedback.c ****         return NULL;
 248              		.loc 1 64 16 view .LVU86
 249 000c 0020     		movs	r0, #0
 250              	.LVL15:
  67:Bsp/Src/bsp_motor_feedback.c **** }
 251              		.loc 1 67 1 view .LVU87
 252 000e 7047     		bx	lr
 253              	.L17:
 254              		.align	2
 255              	.L16:
 256 0010 00000000 		.word	feedback_buffer
 257              		.cfi_endproc
 258              	.LFE146:
 260              		.section	.text.BSP_MotorFeedback_GetLastUpdateTime,"ax",%progbits
 261              		.align	1
 262              		.p2align 2,,3
 263              		.global	BSP_MotorFeedback_GetLastUpdateTime
 264              		.syntax unified
 265              		.thumb
 266              		.thumb_func
 268              	BSP_MotorFeedback_GetLastUpdateTime:
 269              	.LFB147:
  68:Bsp/Src/bsp_motor_feedback.c **** 
  69:Bsp/Src/bsp_motor_feedback.c **** uint32_t BSP_MotorFeedback_GetLastUpdateTime(void)
  70:Bsp/Src/bsp_motor_feedback.c **** {
 270              		.loc 1 70 1 is_stmt 1 view -0
 271              		.cfi_startproc
 272              		@ args = 0, pretend = 0, frame = 0
 273              		@ frame_needed = 0, uses_anonymous_args = 0
 274              		@ link register save eliminated.
  71:Bsp/Src/bsp_motor_feedback.c ****     return feedback_buffer.last_update_time;
 275              		.loc 1 71 5 view .LVU89
 276              		.loc 1 71 27 is_stmt 0 view .LVU90
 277 0000 014B     		ldr	r3, .L19
  72:Bsp/Src/bsp_motor_feedback.c **** }
 278              		.loc 1 72 1 view .LVU91
 279 0002 186A     		ldr	r0, [r3, #32]
 280 0004 7047     		bx	lr
 281              	.L20:
 282 0006 00BF     		.align	2
 283              	.L19:
 284 0008 00000000 		.word	feedback_buffer
 285              		.cfi_endproc
 286              	.LFE147:
 288              		.section	.text.BSP_MotorFeedback_GetUpdateCount,"ax",%progbits
 289              		.align	1
 290              		.p2align 2,,3
 291              		.global	BSP_MotorFeedback_GetUpdateCount
 292              		.syntax unified
 293              		.thumb
 294              		.thumb_func
 296              	BSP_MotorFeedback_GetUpdateCount:
 297              	.LFB148:
  73:Bsp/Src/bsp_motor_feedback.c **** 
  74:Bsp/Src/bsp_motor_feedback.c **** uint32_t BSP_MotorFeedback_GetUpdateCount(void)
ARM GAS  C:\Users\l1234\AppData\Local\Temp\ccfMDzsc.s 			page 8


  75:Bsp/Src/bsp_motor_feedback.c **** {
 298              		.loc 1 75 1 is_stmt 1 view -0
 299              		.cfi_startproc
 300              		@ args = 0, pretend = 0, frame = 0
 301              		@ frame_needed = 0, uses_anonymous_args = 0
 302              		@ link register save eliminated.
  76:Bsp/Src/bsp_motor_feedback.c ****     return feedback_buffer.update_count;
 303              		.loc 1 76 5 view .LVU93
 304              		.loc 1 76 27 is_stmt 0 view .LVU94
 305 0000 014B     		ldr	r3, .L22
  77:Bsp/Src/bsp_motor_feedback.c **** }
 306              		.loc 1 77 1 view .LVU95
 307 0002 586A     		ldr	r0, [r3, #36]
 308 0004 7047     		bx	lr
 309              	.L23:
 310 0006 00BF     		.align	2
 311              	.L22:
 312 0008 00000000 		.word	feedback_buffer
 313              		.cfi_endproc
 314              	.LFE148:
 316              		.section	.text.BSP_MotorFeedback_GetErrorStatus,"ax",%progbits
 317              		.align	1
 318              		.p2align 2,,3
 319              		.global	BSP_MotorFeedback_GetErrorStatus
 320              		.syntax unified
 321              		.thumb
 322              		.thumb_func
 324              	BSP_MotorFeedback_GetErrorStatus:
 325              	.LVL16:
 326              	.LFB149:
  78:Bsp/Src/bsp_motor_feedback.c **** 
  79:Bsp/Src/bsp_motor_feedback.c **** uint8_t BSP_MotorFeedback_GetErrorStatus(uint8_t motor_id)
  80:Bsp/Src/bsp_motor_feedback.c **** {
 327              		.loc 1 80 1 is_stmt 1 view -0
 328              		.cfi_startproc
 329              		@ args = 0, pretend = 0, frame = 0
 330              		@ frame_needed = 0, uses_anonymous_args = 0
 331              		@ link register save eliminated.
  81:Bsp/Src/bsp_motor_feedback.c ****     // Check if motor_id is valid (1-4)
  82:Bsp/Src/bsp_motor_feedback.c ****     if(motor_id < 1 || motor_id > 4) {
 332              		.loc 1 82 5 view .LVU97
 333              		.loc 1 82 21 is_stmt 0 view .LVU98
 334 0000 0138     		subs	r0, r0, #1
 335              	.LVL17:
 336              		.loc 1 82 7 view .LVU99
 337 0002 C3B2     		uxtb	r3, r0
 338 0004 032B     		cmp	r3, #3
 339 0006 04D8     		bhi	.L26
  83:Bsp/Src/bsp_motor_feedback.c ****         return 0xFF;  // Invalid motor ID
  84:Bsp/Src/bsp_motor_feedback.c ****     }
  85:Bsp/Src/bsp_motor_feedback.c ****     return feedback_buffer.motors[motor_id - 1].error_status;
 340              		.loc 1 85 5 is_stmt 1 view .LVU100
 341              		.loc 1 85 48 is_stmt 0 view .LVU101
 342 0008 034B     		ldr	r3, .L27
 343 000a 03EBC003 		add	r3, r3, r0, lsl #3
 344 000e D879     		ldrb	r0, [r3, #7]	@ zero_extendqisi2
 345 0010 7047     		bx	lr
ARM GAS  C:\Users\l1234\AppData\Local\Temp\ccfMDzsc.s 			page 9


 346              	.L26:
  83:Bsp/Src/bsp_motor_feedback.c ****         return 0xFF;  // Invalid motor ID
 347              		.loc 1 83 16 view .LVU102
 348 0012 FF20     		movs	r0, #255
  86:Bsp/Src/bsp_motor_feedback.c **** } ...
 349              		.loc 1 86 1 view .LVU103
 350 0014 7047     		bx	lr
 351              	.L28:
 352 0016 00BF     		.align	2
 353              	.L27:
 354 0018 00000000 		.word	feedback_buffer
 355              		.cfi_endproc
 356              	.LFE149:
 358              		.section	.bss.feedback_buffer,"aw",%nobits
 359              		.align	2
 362              	feedback_buffer:
 363 0000 00000000 		.space	40
 363      00000000 
 363      00000000 
 363      00000000 
 363      00000000 
 364              		.text
 365              	.Letext0:
 366              		.file 2 "c:\\msys64\\mingw64\\arm-none-eabi\\include\\machine\\_default_types.h"
 367              		.file 3 "c:\\msys64\\mingw64\\arm-none-eabi\\include\\sys\\_stdint.h"
 368              		.file 4 "Bsp/Inc/bsp_motor_feedback.h"
 369              		.file 5 "Bsp/Inc/bsp_inverse_kinematics.h"
 370              		.file 6 "Drivers/STM32H7xx_HAL_Driver/Inc/stm32h7xx_hal.h"
ARM GAS  C:\Users\l1234\AppData\Local\Temp\ccfMDzsc.s 			page 10


DEFINED SYMBOLS
                            *ABS*:00000000 bsp_motor_feedback.c
C:\Users\l1234\AppData\Local\Temp\ccfMDzsc.s:20     .text.BSP_MotorFeedback_Init:00000000 $t
C:\Users\l1234\AppData\Local\Temp\ccfMDzsc.s:27     .text.BSP_MotorFeedback_Init:00000000 BSP_MotorFeedback_Init
C:\Users\l1234\AppData\Local\Temp\ccfMDzsc.s:107    .text.BSP_MotorFeedback_Init:00000028 $d
C:\Users\l1234\AppData\Local\Temp\ccfMDzsc.s:362    .bss.feedback_buffer:00000000 feedback_buffer
C:\Users\l1234\AppData\Local\Temp\ccfMDzsc.s:113    .text.BSP_MotorFeedback_ProcessMessage:00000000 $t
C:\Users\l1234\AppData\Local\Temp\ccfMDzsc.s:120    .text.BSP_MotorFeedback_ProcessMessage:00000000 BSP_MotorFeedback_ProcessMessage
C:\Users\l1234\AppData\Local\Temp\ccfMDzsc.s:212    .text.BSP_MotorFeedback_ProcessMessage:00000060 $d
C:\Users\l1234\AppData\Local\Temp\ccfMDzsc.s:220    .text.BSP_MotorFeedback_GetMotorData:00000000 $t
C:\Users\l1234\AppData\Local\Temp\ccfMDzsc.s:227    .text.BSP_MotorFeedback_GetMotorData:00000000 BSP_MotorFeedback_GetMotorData
C:\Users\l1234\AppData\Local\Temp\ccfMDzsc.s:256    .text.BSP_MotorFeedback_GetMotorData:00000010 $d
C:\Users\l1234\AppData\Local\Temp\ccfMDzsc.s:261    .text.BSP_MotorFeedback_GetLastUpdateTime:00000000 $t
C:\Users\l1234\AppData\Local\Temp\ccfMDzsc.s:268    .text.BSP_MotorFeedback_GetLastUpdateTime:00000000 BSP_MotorFeedback_GetLastUpdateTime
C:\Users\l1234\AppData\Local\Temp\ccfMDzsc.s:284    .text.BSP_MotorFeedback_GetLastUpdateTime:00000008 $d
C:\Users\l1234\AppData\Local\Temp\ccfMDzsc.s:289    .text.BSP_MotorFeedback_GetUpdateCount:00000000 $t
C:\Users\l1234\AppData\Local\Temp\ccfMDzsc.s:296    .text.BSP_MotorFeedback_GetUpdateCount:00000000 BSP_MotorFeedback_GetUpdateCount
C:\Users\l1234\AppData\Local\Temp\ccfMDzsc.s:312    .text.BSP_MotorFeedback_GetUpdateCount:00000008 $d
C:\Users\l1234\AppData\Local\Temp\ccfMDzsc.s:317    .text.BSP_MotorFeedback_GetErrorStatus:00000000 $t
C:\Users\l1234\AppData\Local\Temp\ccfMDzsc.s:324    .text.BSP_MotorFeedback_GetErrorStatus:00000000 BSP_MotorFeedback_GetErrorStatus
C:\Users\l1234\AppData\Local\Temp\ccfMDzsc.s:354    .text.BSP_MotorFeedback_GetErrorStatus:00000018 $d
C:\Users\l1234\AppData\Local\Temp\ccfMDzsc.s:359    .bss.feedback_buffer:00000000 $d

UNDEFINED SYMBOLS
velocity_debug
HAL_GetTick
