ARM GAS  C:\Users\l1234\AppData\Local\Temp\cc2Xfduz.s 			page 1


   1              		.cpu cortex-m7
   2              		.arch armv7e-m
   3              		.fpu fpv5-d16
   4              		.eabi_attribute 28, 1
   5              		.eabi_attribute 20, 1
   6              		.eabi_attribute 21, 1
   7              		.eabi_attribute 23, 3
   8              		.eabi_attribute 24, 1
   9              		.eabi_attribute 25, 1
  10              		.eabi_attribute 26, 1
  11              		.eabi_attribute 30, 2
  12              		.eabi_attribute 34, 1
  13              		.eabi_attribute 18, 4
  14              		.file	"dma.c"
  15              		.text
  16              	.Ltext0:
  17              		.cfi_sections	.debug_frame
  18              		.file 1 "Core/Src/dma.c"
  19              		.section	.text.MX_DMA_Init,"ax",%progbits
  20              		.align	1
  21              		.p2align 2,,3
  22              		.global	MX_DMA_Init
  23              		.syntax unified
  24              		.thumb
  25              		.thumb_func
  27              	MX_DMA_Init:
  28              	.LFB144:
   1:Core/Src/dma.c **** /* USER CODE BEGIN Header */
   2:Core/Src/dma.c **** /**
   3:Core/Src/dma.c ****   ******************************************************************************
   4:Core/Src/dma.c ****   * @file    dma.c
   5:Core/Src/dma.c ****   * @brief   This file provides code for the configuration
   6:Core/Src/dma.c ****   *          of all the requested memory to memory DMA transfers.
   7:Core/Src/dma.c ****   ******************************************************************************
   8:Core/Src/dma.c ****   * @attention
   9:Core/Src/dma.c ****   *
  10:Core/Src/dma.c ****   * Copyright (c) 2025 STMicroelectronics.
  11:Core/Src/dma.c ****   * All rights reserved.
  12:Core/Src/dma.c ****   *
  13:Core/Src/dma.c ****   * This software is licensed under terms that can be found in the LICENSE file
  14:Core/Src/dma.c ****   * in the root directory of this software component.
  15:Core/Src/dma.c ****   * If no LICENSE file comes with this software, it is provided AS-IS.
  16:Core/Src/dma.c ****   *
  17:Core/Src/dma.c ****   ******************************************************************************
  18:Core/Src/dma.c ****   */
  19:Core/Src/dma.c **** /* USER CODE END Header */
  20:Core/Src/dma.c **** 
  21:Core/Src/dma.c **** /* Includes ------------------------------------------------------------------*/
  22:Core/Src/dma.c **** #include "dma.h"
  23:Core/Src/dma.c **** 
  24:Core/Src/dma.c **** /* USER CODE BEGIN 0 */
  25:Core/Src/dma.c **** 
  26:Core/Src/dma.c **** /* USER CODE END 0 */
  27:Core/Src/dma.c **** 
  28:Core/Src/dma.c **** /*----------------------------------------------------------------------------*/
  29:Core/Src/dma.c **** /* Configure DMA                                                              */
  30:Core/Src/dma.c **** /*----------------------------------------------------------------------------*/
ARM GAS  C:\Users\l1234\AppData\Local\Temp\cc2Xfduz.s 			page 2


  31:Core/Src/dma.c **** 
  32:Core/Src/dma.c **** /* USER CODE BEGIN 1 */
  33:Core/Src/dma.c **** 
  34:Core/Src/dma.c **** /* USER CODE END 1 */
  35:Core/Src/dma.c **** 
  36:Core/Src/dma.c **** /**
  37:Core/Src/dma.c ****   * Enable DMA controller clock
  38:Core/Src/dma.c ****   */
  39:Core/Src/dma.c **** void MX_DMA_Init(void)
  40:Core/Src/dma.c **** {
  29              		.loc 1 40 1 view -0
  30              		.cfi_startproc
  31              		@ args = 0, pretend = 0, frame = 8
  32              		@ frame_needed = 0, uses_anonymous_args = 0
  41:Core/Src/dma.c **** 
  42:Core/Src/dma.c ****   /* DMA controller clock enable */
  43:Core/Src/dma.c ****   __HAL_RCC_DMA1_CLK_ENABLE();
  33              		.loc 1 43 3 view .LVU1
  34              	.LBB2:
  35              		.loc 1 43 3 view .LVU2
  36              		.loc 1 43 3 view .LVU3
  37 0000 244B     		ldr	r3, .L4
  38              	.LBE2:
  44:Core/Src/dma.c **** 
  45:Core/Src/dma.c ****   /* DMA interrupt init */
  46:Core/Src/dma.c ****   /* DMA1_Stream0_IRQn interrupt configuration */
  47:Core/Src/dma.c ****   HAL_NVIC_SetPriority(DMA1_Stream0_IRQn, 0, 0);
  39              		.loc 1 47 3 is_stmt 0 view .LVU4
  40 0002 0022     		movs	r2, #0
  41 0004 0B20     		movs	r0, #11
  42 0006 1146     		mov	r1, r2
  40:Core/Src/dma.c **** 
  43              		.loc 1 40 1 view .LVU5
  44 0008 10B5     		push	{r4, lr}
  45              	.LCFI0:
  46              		.cfi_def_cfa_offset 8
  47              		.cfi_offset 4, -8
  48              		.cfi_offset 14, -4
  49              	.LBB3:
  43:Core/Src/dma.c **** 
  50              		.loc 1 43 3 view .LVU6
  51 000a D3F8D840 		ldr	r4, [r3, #216]
  52              	.LBE3:
  40:Core/Src/dma.c **** 
  53              		.loc 1 40 1 view .LVU7
  54 000e 82B0     		sub	sp, sp, #8
  55              	.LCFI1:
  56              		.cfi_def_cfa_offset 16
  57              	.LBB4:
  43:Core/Src/dma.c **** 
  58              		.loc 1 43 3 view .LVU8
  59 0010 44F00104 		orr	r4, r4, #1
  60 0014 C3F8D840 		str	r4, [r3, #216]
  43:Core/Src/dma.c **** 
  61              		.loc 1 43 3 is_stmt 1 view .LVU9
  62 0018 D3F8D830 		ldr	r3, [r3, #216]
  63 001c 03F00103 		and	r3, r3, #1
ARM GAS  C:\Users\l1234\AppData\Local\Temp\cc2Xfduz.s 			page 3


  64 0020 0193     		str	r3, [sp, #4]
  43:Core/Src/dma.c **** 
  65              		.loc 1 43 3 view .LVU10
  66 0022 019B     		ldr	r3, [sp, #4]
  67              	.LBE4:
  43:Core/Src/dma.c **** 
  68              		.loc 1 43 3 view .LVU11
  69              		.loc 1 47 3 view .LVU12
  70 0024 FFF7FEFF 		bl	HAL_NVIC_SetPriority
  71              	.LVL0:
  48:Core/Src/dma.c ****   HAL_NVIC_EnableIRQ(DMA1_Stream0_IRQn);
  72              		.loc 1 48 3 view .LVU13
  73 0028 0B20     		movs	r0, #11
  74 002a FFF7FEFF 		bl	HAL_NVIC_EnableIRQ
  75              	.LVL1:
  49:Core/Src/dma.c ****   /* DMA1_Stream1_IRQn interrupt configuration */
  50:Core/Src/dma.c ****   HAL_NVIC_SetPriority(DMA1_Stream1_IRQn, 0, 0);
  76              		.loc 1 50 3 view .LVU14
  77 002e 0022     		movs	r2, #0
  78 0030 0C20     		movs	r0, #12
  79 0032 1146     		mov	r1, r2
  80 0034 FFF7FEFF 		bl	HAL_NVIC_SetPriority
  81              	.LVL2:
  51:Core/Src/dma.c ****   HAL_NVIC_EnableIRQ(DMA1_Stream1_IRQn);
  82              		.loc 1 51 3 view .LVU15
  83 0038 0C20     		movs	r0, #12
  84 003a FFF7FEFF 		bl	HAL_NVIC_EnableIRQ
  85              	.LVL3:
  52:Core/Src/dma.c ****   /* DMA1_Stream2_IRQn interrupt configuration */
  53:Core/Src/dma.c ****   HAL_NVIC_SetPriority(DMA1_Stream2_IRQn, 0, 0);
  86              		.loc 1 53 3 view .LVU16
  87 003e 0022     		movs	r2, #0
  88 0040 0D20     		movs	r0, #13
  89 0042 1146     		mov	r1, r2
  90 0044 FFF7FEFF 		bl	HAL_NVIC_SetPriority
  91              	.LVL4:
  54:Core/Src/dma.c ****   HAL_NVIC_EnableIRQ(DMA1_Stream2_IRQn);
  92              		.loc 1 54 3 view .LVU17
  93 0048 0D20     		movs	r0, #13
  94 004a FFF7FEFF 		bl	HAL_NVIC_EnableIRQ
  95              	.LVL5:
  55:Core/Src/dma.c ****   /* DMA1_Stream3_IRQn interrupt configuration */
  56:Core/Src/dma.c ****   HAL_NVIC_SetPriority(DMA1_Stream3_IRQn, 0, 0);
  96              		.loc 1 56 3 view .LVU18
  97 004e 0022     		movs	r2, #0
  98 0050 0E20     		movs	r0, #14
  99 0052 1146     		mov	r1, r2
 100 0054 FFF7FEFF 		bl	HAL_NVIC_SetPriority
 101              	.LVL6:
  57:Core/Src/dma.c ****   HAL_NVIC_EnableIRQ(DMA1_Stream3_IRQn);
 102              		.loc 1 57 3 view .LVU19
 103 0058 0E20     		movs	r0, #14
 104 005a FFF7FEFF 		bl	HAL_NVIC_EnableIRQ
 105              	.LVL7:
  58:Core/Src/dma.c ****   /* DMA1_Stream4_IRQn interrupt configuration */
  59:Core/Src/dma.c ****   HAL_NVIC_SetPriority(DMA1_Stream4_IRQn, 0, 0);
 106              		.loc 1 59 3 view .LVU20
ARM GAS  C:\Users\l1234\AppData\Local\Temp\cc2Xfduz.s 			page 4


 107 005e 0022     		movs	r2, #0
 108 0060 0F20     		movs	r0, #15
 109 0062 1146     		mov	r1, r2
 110 0064 FFF7FEFF 		bl	HAL_NVIC_SetPriority
 111              	.LVL8:
  60:Core/Src/dma.c ****   HAL_NVIC_EnableIRQ(DMA1_Stream4_IRQn);
 112              		.loc 1 60 3 view .LVU21
 113 0068 0F20     		movs	r0, #15
 114 006a FFF7FEFF 		bl	HAL_NVIC_EnableIRQ
 115              	.LVL9:
  61:Core/Src/dma.c ****   /* DMA1_Stream5_IRQn interrupt configuration */
  62:Core/Src/dma.c ****   HAL_NVIC_SetPriority(DMA1_Stream5_IRQn, 0, 0);
 116              		.loc 1 62 3 view .LVU22
 117 006e 0022     		movs	r2, #0
 118 0070 1020     		movs	r0, #16
 119 0072 1146     		mov	r1, r2
 120 0074 FFF7FEFF 		bl	HAL_NVIC_SetPriority
 121              	.LVL10:
  63:Core/Src/dma.c ****   HAL_NVIC_EnableIRQ(DMA1_Stream5_IRQn);
 122              		.loc 1 63 3 view .LVU23
 123 0078 1020     		movs	r0, #16
 124 007a FFF7FEFF 		bl	HAL_NVIC_EnableIRQ
 125              	.LVL11:
  64:Core/Src/dma.c ****   /* DMA1_Stream6_IRQn interrupt configuration */
  65:Core/Src/dma.c ****   HAL_NVIC_SetPriority(DMA1_Stream6_IRQn, 0, 0);
 126              		.loc 1 65 3 view .LVU24
 127 007e 0022     		movs	r2, #0
 128 0080 1120     		movs	r0, #17
 129 0082 1146     		mov	r1, r2
 130 0084 FFF7FEFF 		bl	HAL_NVIC_SetPriority
 131              	.LVL12:
  66:Core/Src/dma.c ****   HAL_NVIC_EnableIRQ(DMA1_Stream6_IRQn);
 132              		.loc 1 66 3 view .LVU25
 133 0088 1120     		movs	r0, #17
  67:Core/Src/dma.c **** 
  68:Core/Src/dma.c **** }
 134              		.loc 1 68 1 is_stmt 0 view .LVU26
 135 008a 02B0     		add	sp, sp, #8
 136              	.LCFI2:
 137              		.cfi_def_cfa_offset 8
 138              		@ sp needed
 139 008c BDE81040 		pop	{r4, lr}
 140              	.LCFI3:
 141              		.cfi_restore 14
 142              		.cfi_restore 4
 143              		.cfi_def_cfa_offset 0
  66:Core/Src/dma.c ****   HAL_NVIC_EnableIRQ(DMA1_Stream6_IRQn);
 144              		.loc 1 66 3 view .LVU27
 145 0090 FFF7FEBF 		b	HAL_NVIC_EnableIRQ
 146              	.LVL13:
 147              	.L5:
 148              		.align	2
 149              	.L4:
 150 0094 00440258 		.word	1476543488
 151              		.cfi_endproc
 152              	.LFE144:
 154              		.text
ARM GAS  C:\Users\l1234\AppData\Local\Temp\cc2Xfduz.s 			page 5


 155              	.Letext0:
 156              		.file 2 "Drivers/CMSIS/Device/ST/STM32H7xx/Include/stm32h723xx.h"
 157              		.file 3 "c:\\msys64\\mingw64\\arm-none-eabi\\include\\machine\\_default_types.h"
 158              		.file 4 "c:\\msys64\\mingw64\\arm-none-eabi\\include\\sys\\_stdint.h"
 159              		.file 5 "Drivers/STM32H7xx_HAL_Driver/Inc/stm32h7xx_hal_cortex.h"
ARM GAS  C:\Users\l1234\AppData\Local\Temp\cc2Xfduz.s 			page 6


DEFINED SYMBOLS
                            *ABS*:00000000 dma.c
C:\Users\l1234\AppData\Local\Temp\cc2Xfduz.s:20     .text.MX_DMA_Init:00000000 $t
C:\Users\l1234\AppData\Local\Temp\cc2Xfduz.s:27     .text.MX_DMA_Init:00000000 MX_DMA_Init
C:\Users\l1234\AppData\Local\Temp\cc2Xfduz.s:150    .text.MX_DMA_Init:00000094 $d

UNDEFINED SYMBOLS
HAL_NVIC_SetPriority
HAL_NVIC_EnableIRQ
