ARM GAS  C:\Users\l1234\AppData\Local\Temp\ccAKjZoe.s 			page 1


   1              		.cpu cortex-m7
   2              		.arch armv7e-m
   3              		.fpu fpv5-d16
   4              		.eabi_attribute 28, 1
   5              		.eabi_attribute 20, 1
   6              		.eabi_attribute 21, 1
   7              		.eabi_attribute 23, 3
   8              		.eabi_attribute 24, 1
   9              		.eabi_attribute 25, 1
  10              		.eabi_attribute 26, 1
  11              		.eabi_attribute 30, 2
  12              		.eabi_attribute 34, 1
  13              		.eabi_attribute 18, 4
  14              		.file	"stm32h7xx_hal_timebase_tim.c"
  15              		.text
  16              	.Ltext0:
  17              		.cfi_sections	.debug_frame
  18              		.file 1 "Core/Src/stm32h7xx_hal_timebase_tim.c"
  19              		.section	.text.HAL_InitTick,"ax",%progbits
  20              		.align	1
  21              		.p2align 2,,3
  22              		.global	HAL_InitTick
  23              		.syntax unified
  24              		.thumb
  25              		.thumb_func
  27              	HAL_InitTick:
  28              	.LVL0:
  29              	.LFB144:
   1:Core/Src/stm32h7xx_hal_timebase_tim.c **** /* USER CODE BEGIN Header */
   2:Core/Src/stm32h7xx_hal_timebase_tim.c **** /**
   3:Core/Src/stm32h7xx_hal_timebase_tim.c ****   ******************************************************************************
   4:Core/Src/stm32h7xx_hal_timebase_tim.c ****   * @file    stm32h7xx_hal_timebase_tim.c
   5:Core/Src/stm32h7xx_hal_timebase_tim.c ****   * @brief   HAL time base based on the hardware TIM.
   6:Core/Src/stm32h7xx_hal_timebase_tim.c ****   ******************************************************************************
   7:Core/Src/stm32h7xx_hal_timebase_tim.c ****   * @attention
   8:Core/Src/stm32h7xx_hal_timebase_tim.c ****   *
   9:Core/Src/stm32h7xx_hal_timebase_tim.c ****   * Copyright (c) 2025 STMicroelectronics.
  10:Core/Src/stm32h7xx_hal_timebase_tim.c ****   * All rights reserved.
  11:Core/Src/stm32h7xx_hal_timebase_tim.c ****   *
  12:Core/Src/stm32h7xx_hal_timebase_tim.c ****   * This software is licensed under terms that can be found in the LICENSE file
  13:Core/Src/stm32h7xx_hal_timebase_tim.c ****   * in the root directory of this software component.
  14:Core/Src/stm32h7xx_hal_timebase_tim.c ****   * If no LICENSE file comes with this software, it is provided AS-IS.
  15:Core/Src/stm32h7xx_hal_timebase_tim.c ****   *
  16:Core/Src/stm32h7xx_hal_timebase_tim.c ****   ******************************************************************************
  17:Core/Src/stm32h7xx_hal_timebase_tim.c ****   */
  18:Core/Src/stm32h7xx_hal_timebase_tim.c **** /* USER CODE END Header */
  19:Core/Src/stm32h7xx_hal_timebase_tim.c **** 
  20:Core/Src/stm32h7xx_hal_timebase_tim.c **** /* Includes ------------------------------------------------------------------*/
  21:Core/Src/stm32h7xx_hal_timebase_tim.c **** #include "stm32h7xx_hal.h"
  22:Core/Src/stm32h7xx_hal_timebase_tim.c **** #include "stm32h7xx_hal_tim.h"
  23:Core/Src/stm32h7xx_hal_timebase_tim.c **** 
  24:Core/Src/stm32h7xx_hal_timebase_tim.c **** /* Private typedef -----------------------------------------------------------*/
  25:Core/Src/stm32h7xx_hal_timebase_tim.c **** /* Private define ------------------------------------------------------------*/
  26:Core/Src/stm32h7xx_hal_timebase_tim.c **** /* Private macro -------------------------------------------------------------*/
  27:Core/Src/stm32h7xx_hal_timebase_tim.c **** /* Private variables ---------------------------------------------------------*/
  28:Core/Src/stm32h7xx_hal_timebase_tim.c **** TIM_HandleTypeDef        htim6;
  29:Core/Src/stm32h7xx_hal_timebase_tim.c **** /* Private function prototypes -----------------------------------------------*/
ARM GAS  C:\Users\l1234\AppData\Local\Temp\ccAKjZoe.s 			page 2


  30:Core/Src/stm32h7xx_hal_timebase_tim.c **** /* Private functions ---------------------------------------------------------*/
  31:Core/Src/stm32h7xx_hal_timebase_tim.c **** 
  32:Core/Src/stm32h7xx_hal_timebase_tim.c **** /**
  33:Core/Src/stm32h7xx_hal_timebase_tim.c ****   * @brief  This function configures the TIM6 as a time base source.
  34:Core/Src/stm32h7xx_hal_timebase_tim.c ****   *         The time source is configured  to have 1ms time base with a dedicated
  35:Core/Src/stm32h7xx_hal_timebase_tim.c ****   *         Tick interrupt priority.
  36:Core/Src/stm32h7xx_hal_timebase_tim.c ****   * @note   This function is called  automatically at the beginning of program after
  37:Core/Src/stm32h7xx_hal_timebase_tim.c ****   *         reset by HAL_Init() or at any time when clock is configured, by HAL_RCC_ClockConfig().
  38:Core/Src/stm32h7xx_hal_timebase_tim.c ****   * @param  TickPriority: Tick interrupt priority.
  39:Core/Src/stm32h7xx_hal_timebase_tim.c ****   * @retval HAL status
  40:Core/Src/stm32h7xx_hal_timebase_tim.c ****   */
  41:Core/Src/stm32h7xx_hal_timebase_tim.c **** HAL_StatusTypeDef HAL_InitTick(uint32_t TickPriority)
  42:Core/Src/stm32h7xx_hal_timebase_tim.c **** {
  30              		.loc 1 42 1 view -0
  31              		.cfi_startproc
  32              		@ args = 0, pretend = 0, frame = 40
  33              		@ frame_needed = 0, uses_anonymous_args = 0
  43:Core/Src/stm32h7xx_hal_timebase_tim.c ****   RCC_ClkInitTypeDef    clkconfig;
  34              		.loc 1 43 3 view .LVU1
  44:Core/Src/stm32h7xx_hal_timebase_tim.c ****   uint32_t              uwTimclock, uwAPB1Prescaler;
  35              		.loc 1 44 3 view .LVU2
  45:Core/Src/stm32h7xx_hal_timebase_tim.c ****   uint32_t              uwPrescalerValue;
  36              		.loc 1 45 3 view .LVU3
  46:Core/Src/stm32h7xx_hal_timebase_tim.c ****   uint32_t              pFLatency;
  37              		.loc 1 46 3 view .LVU4
  47:Core/Src/stm32h7xx_hal_timebase_tim.c **** 
  48:Core/Src/stm32h7xx_hal_timebase_tim.c ****   /*Configure the TIM6 IRQ priority */
  49:Core/Src/stm32h7xx_hal_timebase_tim.c ****   if (TickPriority < (1UL << __NVIC_PRIO_BITS))
  38              		.loc 1 49 3 view .LVU5
  39              		.loc 1 49 6 is_stmt 0 view .LVU6
  40 0000 0F28     		cmp	r0, #15
  41 0002 01D9     		bls	.L2
  50:Core/Src/stm32h7xx_hal_timebase_tim.c ****    {
  51:Core/Src/stm32h7xx_hal_timebase_tim.c ****      HAL_NVIC_SetPriority(TIM6_DAC_IRQn, TickPriority ,0);
  52:Core/Src/stm32h7xx_hal_timebase_tim.c **** 
  53:Core/Src/stm32h7xx_hal_timebase_tim.c ****      /* Enable the TIM6 global Interrupt */
  54:Core/Src/stm32h7xx_hal_timebase_tim.c ****      HAL_NVIC_EnableIRQ(TIM6_DAC_IRQn);
  55:Core/Src/stm32h7xx_hal_timebase_tim.c ****      uwTickPrio = TickPriority;
  56:Core/Src/stm32h7xx_hal_timebase_tim.c ****     }
  57:Core/Src/stm32h7xx_hal_timebase_tim.c ****   else
  58:Core/Src/stm32h7xx_hal_timebase_tim.c ****   {
  59:Core/Src/stm32h7xx_hal_timebase_tim.c ****     return HAL_ERROR;
  42              		.loc 1 59 12 view .LVU7
  43 0004 0120     		movs	r0, #1
  44              	.LVL1:
  60:Core/Src/stm32h7xx_hal_timebase_tim.c ****   }
  61:Core/Src/stm32h7xx_hal_timebase_tim.c **** 
  62:Core/Src/stm32h7xx_hal_timebase_tim.c ****   /* Enable TIM6 clock */
  63:Core/Src/stm32h7xx_hal_timebase_tim.c ****   __HAL_RCC_TIM6_CLK_ENABLE();
  64:Core/Src/stm32h7xx_hal_timebase_tim.c **** 
  65:Core/Src/stm32h7xx_hal_timebase_tim.c **** /* Get clock configuration */
  66:Core/Src/stm32h7xx_hal_timebase_tim.c ****   HAL_RCC_GetClockConfig(&clkconfig, &pFLatency);
  67:Core/Src/stm32h7xx_hal_timebase_tim.c **** 
  68:Core/Src/stm32h7xx_hal_timebase_tim.c ****   /* Get APB1 prescaler */
  69:Core/Src/stm32h7xx_hal_timebase_tim.c ****   uwAPB1Prescaler = clkconfig.APB1CLKDivider;
  70:Core/Src/stm32h7xx_hal_timebase_tim.c ****   /* Compute TIM6 clock */
  71:Core/Src/stm32h7xx_hal_timebase_tim.c ****   if (uwAPB1Prescaler == RCC_HCLK_DIV1)
ARM GAS  C:\Users\l1234\AppData\Local\Temp\ccAKjZoe.s 			page 3


  72:Core/Src/stm32h7xx_hal_timebase_tim.c ****   {
  73:Core/Src/stm32h7xx_hal_timebase_tim.c ****     uwTimclock = HAL_RCC_GetPCLK1Freq();
  74:Core/Src/stm32h7xx_hal_timebase_tim.c ****   }
  75:Core/Src/stm32h7xx_hal_timebase_tim.c ****   else
  76:Core/Src/stm32h7xx_hal_timebase_tim.c ****   {
  77:Core/Src/stm32h7xx_hal_timebase_tim.c ****     uwTimclock = 2UL * HAL_RCC_GetPCLK1Freq();
  78:Core/Src/stm32h7xx_hal_timebase_tim.c ****   }
  79:Core/Src/stm32h7xx_hal_timebase_tim.c **** 
  80:Core/Src/stm32h7xx_hal_timebase_tim.c ****   /* Compute the prescaler value to have TIM6 counter clock equal to 1MHz */
  81:Core/Src/stm32h7xx_hal_timebase_tim.c ****   uwPrescalerValue = (uint32_t) ((uwTimclock / 1000000U) - 1U);
  82:Core/Src/stm32h7xx_hal_timebase_tim.c **** 
  83:Core/Src/stm32h7xx_hal_timebase_tim.c ****   /* Initialize TIM6 */
  84:Core/Src/stm32h7xx_hal_timebase_tim.c ****   htim6.Instance = TIM6;
  85:Core/Src/stm32h7xx_hal_timebase_tim.c **** 
  86:Core/Src/stm32h7xx_hal_timebase_tim.c ****   /* Initialize TIMx peripheral as follow:
  87:Core/Src/stm32h7xx_hal_timebase_tim.c **** 
  88:Core/Src/stm32h7xx_hal_timebase_tim.c ****   + Period = [(TIM6CLK/1000) - 1]. to have a (1/1000) s time base.
  89:Core/Src/stm32h7xx_hal_timebase_tim.c ****   + Prescaler = (uwTimclock/1000000 - 1) to have a 1MHz counter clock.
  90:Core/Src/stm32h7xx_hal_timebase_tim.c ****   + ClockDivision = 0
  91:Core/Src/stm32h7xx_hal_timebase_tim.c ****   + Counter direction = Up
  92:Core/Src/stm32h7xx_hal_timebase_tim.c ****   */
  93:Core/Src/stm32h7xx_hal_timebase_tim.c ****   htim6.Init.Period = (1000000U / 1000U) - 1U;
  94:Core/Src/stm32h7xx_hal_timebase_tim.c ****   htim6.Init.Prescaler = uwPrescalerValue;
  95:Core/Src/stm32h7xx_hal_timebase_tim.c ****   htim6.Init.ClockDivision = 0;
  96:Core/Src/stm32h7xx_hal_timebase_tim.c ****   htim6.Init.CounterMode = TIM_COUNTERMODE_UP;
  97:Core/Src/stm32h7xx_hal_timebase_tim.c **** 
  98:Core/Src/stm32h7xx_hal_timebase_tim.c ****   if(HAL_TIM_Base_Init(&htim6) == HAL_OK)
  99:Core/Src/stm32h7xx_hal_timebase_tim.c ****   {
 100:Core/Src/stm32h7xx_hal_timebase_tim.c ****     /* Start the TIM time Base generation in interrupt mode */
 101:Core/Src/stm32h7xx_hal_timebase_tim.c ****     return HAL_TIM_Base_Start_IT(&htim6);
 102:Core/Src/stm32h7xx_hal_timebase_tim.c ****   }
 103:Core/Src/stm32h7xx_hal_timebase_tim.c **** 
 104:Core/Src/stm32h7xx_hal_timebase_tim.c ****   /* Return function status */
 105:Core/Src/stm32h7xx_hal_timebase_tim.c ****   return HAL_ERROR;
 106:Core/Src/stm32h7xx_hal_timebase_tim.c **** }
  45              		.loc 1 106 1 view .LVU8
  46 0006 7047     		bx	lr
  47              	.LVL2:
  48              	.L2:
  51:Core/Src/stm32h7xx_hal_timebase_tim.c **** 
  49              		.loc 1 51 6 is_stmt 1 view .LVU9
  42:Core/Src/stm32h7xx_hal_timebase_tim.c ****   RCC_ClkInitTypeDef    clkconfig;
  50              		.loc 1 42 1 is_stmt 0 view .LVU10
  51 0008 30B5     		push	{r4, r5, lr}
  52              	.LCFI0:
  53              		.cfi_def_cfa_offset 12
  54              		.cfi_offset 4, -12
  55              		.cfi_offset 5, -8
  56              		.cfi_offset 14, -4
  51:Core/Src/stm32h7xx_hal_timebase_tim.c **** 
  57              		.loc 1 51 6 view .LVU11
  58 000a 0146     		mov	r1, r0
  42:Core/Src/stm32h7xx_hal_timebase_tim.c ****   RCC_ClkInitTypeDef    clkconfig;
  59              		.loc 1 42 1 view .LVU12
  60 000c 8BB0     		sub	sp, sp, #44
  61              	.LCFI1:
  62              		.cfi_def_cfa_offset 56
ARM GAS  C:\Users\l1234\AppData\Local\Temp\ccAKjZoe.s 			page 4


  51:Core/Src/stm32h7xx_hal_timebase_tim.c **** 
  63              		.loc 1 51 6 view .LVU13
  64 000e 0022     		movs	r2, #0
  65 0010 0446     		mov	r4, r0
  66 0012 3620     		movs	r0, #54
  67              	.LVL3:
  51:Core/Src/stm32h7xx_hal_timebase_tim.c **** 
  68              		.loc 1 51 6 view .LVU14
  69 0014 FFF7FEFF 		bl	HAL_NVIC_SetPriority
  70              	.LVL4:
  54:Core/Src/stm32h7xx_hal_timebase_tim.c ****      uwTickPrio = TickPriority;
  71              		.loc 1 54 6 is_stmt 1 view .LVU15
  72 0018 3620     		movs	r0, #54
  73 001a FFF7FEFF 		bl	HAL_NVIC_EnableIRQ
  74              	.LVL5:
  55:Core/Src/stm32h7xx_hal_timebase_tim.c ****     }
  75              		.loc 1 55 6 view .LVU16
  76              	.LBB2:
  63:Core/Src/stm32h7xx_hal_timebase_tim.c **** 
  77              		.loc 1 63 3 is_stmt 0 view .LVU17
  78 001e 1B4B     		ldr	r3, .L12
  79              	.LBE2:
  55:Core/Src/stm32h7xx_hal_timebase_tim.c ****     }
  80              		.loc 1 55 17 view .LVU18
  81 0020 1B4A     		ldr	r2, .L12+4
  66:Core/Src/stm32h7xx_hal_timebase_tim.c **** 
  82              		.loc 1 66 3 view .LVU19
  83 0022 6946     		mov	r1, sp
  84 0024 02A8     		add	r0, sp, #8
  55:Core/Src/stm32h7xx_hal_timebase_tim.c ****     }
  85              		.loc 1 55 17 view .LVU20
  86 0026 1460     		str	r4, [r2]
  63:Core/Src/stm32h7xx_hal_timebase_tim.c **** 
  87              		.loc 1 63 3 is_stmt 1 view .LVU21
  88              	.LBB3:
  63:Core/Src/stm32h7xx_hal_timebase_tim.c **** 
  89              		.loc 1 63 3 view .LVU22
  63:Core/Src/stm32h7xx_hal_timebase_tim.c **** 
  90              		.loc 1 63 3 view .LVU23
  91 0028 D3F8E820 		ldr	r2, [r3, #232]
  92 002c 42F01002 		orr	r2, r2, #16
  93 0030 C3F8E820 		str	r2, [r3, #232]
  63:Core/Src/stm32h7xx_hal_timebase_tim.c **** 
  94              		.loc 1 63 3 view .LVU24
  95 0034 D3F8E830 		ldr	r3, [r3, #232]
  96 0038 03F01003 		and	r3, r3, #16
  97 003c 0193     		str	r3, [sp, #4]
  63:Core/Src/stm32h7xx_hal_timebase_tim.c **** 
  98              		.loc 1 63 3 view .LVU25
  99 003e 019B     		ldr	r3, [sp, #4]
 100              	.LBE3:
  63:Core/Src/stm32h7xx_hal_timebase_tim.c **** 
 101              		.loc 1 63 3 view .LVU26
  66:Core/Src/stm32h7xx_hal_timebase_tim.c **** 
 102              		.loc 1 66 3 view .LVU27
 103 0040 FFF7FEFF 		bl	HAL_RCC_GetClockConfig
 104              	.LVL6:
ARM GAS  C:\Users\l1234\AppData\Local\Temp\ccAKjZoe.s 			page 5


  69:Core/Src/stm32h7xx_hal_timebase_tim.c ****   /* Compute TIM6 clock */
 105              		.loc 1 69 3 view .LVU28
  71:Core/Src/stm32h7xx_hal_timebase_tim.c ****   {
 106              		.loc 1 71 3 view .LVU29
  71:Core/Src/stm32h7xx_hal_timebase_tim.c ****   {
 107              		.loc 1 71 6 is_stmt 0 view .LVU30
 108 0044 079B     		ldr	r3, [sp, #28]
 109 0046 C3B9     		cbnz	r3, .L4
  73:Core/Src/stm32h7xx_hal_timebase_tim.c ****   }
 110              		.loc 1 73 5 is_stmt 1 view .LVU31
  73:Core/Src/stm32h7xx_hal_timebase_tim.c ****   }
 111              		.loc 1 73 18 is_stmt 0 view .LVU32
 112 0048 FFF7FEFF 		bl	HAL_RCC_GetPCLK1Freq
 113              	.LVL7:
  73:Core/Src/stm32h7xx_hal_timebase_tim.c ****   }
 114              		.loc 1 73 18 view .LVU33
 115 004c 0346     		mov	r3, r0
 116              	.LVL8:
 117              	.L5:
  81:Core/Src/stm32h7xx_hal_timebase_tim.c **** 
 118              		.loc 1 81 3 is_stmt 1 view .LVU34
  84:Core/Src/stm32h7xx_hal_timebase_tim.c **** 
 119              		.loc 1 84 3 view .LVU35
  81:Core/Src/stm32h7xx_hal_timebase_tim.c **** 
 120              		.loc 1 81 46 is_stmt 0 view .LVU36
 121 004e 1149     		ldr	r1, .L12+8
  95:Core/Src/stm32h7xx_hal_timebase_tim.c ****   htim6.Init.CounterMode = TIM_COUNTERMODE_UP;
 122              		.loc 1 95 28 view .LVU37
 123 0050 0022     		movs	r2, #0
  84:Core/Src/stm32h7xx_hal_timebase_tim.c **** 
 124              		.loc 1 84 18 view .LVU38
 125 0052 114C     		ldr	r4, .L12+12
 126              	.LVL9:
  81:Core/Src/stm32h7xx_hal_timebase_tim.c **** 
 127              		.loc 1 81 46 view .LVU39
 128 0054 A1FB0313 		umull	r1, r3, r1, r3
 129              	.LVL10:
  84:Core/Src/stm32h7xx_hal_timebase_tim.c **** 
 130              		.loc 1 84 18 view .LVU40
 131 0058 104D     		ldr	r5, .L12+16
  93:Core/Src/stm32h7xx_hal_timebase_tim.c ****   htim6.Init.Prescaler = uwPrescalerValue;
 132              		.loc 1 93 21 view .LVU41
 133 005a 40F2E731 		movw	r1, #999
  98:Core/Src/stm32h7xx_hal_timebase_tim.c ****   {
 134              		.loc 1 98 6 view .LVU42
 135 005e 2046     		mov	r0, r4
  81:Core/Src/stm32h7xx_hal_timebase_tim.c **** 
 136              		.loc 1 81 46 view .LVU43
 137 0060 9B0C     		lsrs	r3, r3, #18
  84:Core/Src/stm32h7xx_hal_timebase_tim.c **** 
 138              		.loc 1 84 18 view .LVU44
 139 0062 2560     		str	r5, [r4]
  93:Core/Src/stm32h7xx_hal_timebase_tim.c ****   htim6.Init.Prescaler = uwPrescalerValue;
 140              		.loc 1 93 3 is_stmt 1 view .LVU45
  96:Core/Src/stm32h7xx_hal_timebase_tim.c **** 
 141              		.loc 1 96 26 is_stmt 0 view .LVU46
 142 0064 A260     		str	r2, [r4, #8]
ARM GAS  C:\Users\l1234\AppData\Local\Temp\ccAKjZoe.s 			page 6


  81:Core/Src/stm32h7xx_hal_timebase_tim.c **** 
 143              		.loc 1 81 20 view .LVU47
 144 0066 013B     		subs	r3, r3, #1
  93:Core/Src/stm32h7xx_hal_timebase_tim.c ****   htim6.Init.Prescaler = uwPrescalerValue;
 145              		.loc 1 93 21 view .LVU48
 146 0068 C4E90312 		strd	r1, r2, [r4, #12]
  94:Core/Src/stm32h7xx_hal_timebase_tim.c ****   htim6.Init.ClockDivision = 0;
 147              		.loc 1 94 3 is_stmt 1 view .LVU49
  94:Core/Src/stm32h7xx_hal_timebase_tim.c ****   htim6.Init.ClockDivision = 0;
 148              		.loc 1 94 24 is_stmt 0 view .LVU50
 149 006c 6360     		str	r3, [r4, #4]
  95:Core/Src/stm32h7xx_hal_timebase_tim.c ****   htim6.Init.CounterMode = TIM_COUNTERMODE_UP;
 150              		.loc 1 95 3 is_stmt 1 view .LVU51
  96:Core/Src/stm32h7xx_hal_timebase_tim.c **** 
 151              		.loc 1 96 3 view .LVU52
  98:Core/Src/stm32h7xx_hal_timebase_tim.c ****   {
 152              		.loc 1 98 3 view .LVU53
  98:Core/Src/stm32h7xx_hal_timebase_tim.c ****   {
 153              		.loc 1 98 6 is_stmt 0 view .LVU54
 154 006e FFF7FEFF 		bl	HAL_TIM_Base_Init
 155              	.LVL11:
  98:Core/Src/stm32h7xx_hal_timebase_tim.c ****   {
 156              		.loc 1 98 5 view .LVU55
 157 0072 30B1     		cbz	r0, .L11
  59:Core/Src/stm32h7xx_hal_timebase_tim.c ****   }
 158              		.loc 1 59 12 view .LVU56
 159 0074 0120     		movs	r0, #1
 160              	.L3:
 161              		.loc 1 106 1 view .LVU57
 162 0076 0BB0     		add	sp, sp, #44
 163              	.LCFI2:
 164              		.cfi_remember_state
 165              		.cfi_def_cfa_offset 12
 166              		@ sp needed
 167 0078 30BD     		pop	{r4, r5, pc}
 168              	.LVL12:
 169              	.L4:
 170              	.LCFI3:
 171              		.cfi_restore_state
  77:Core/Src/stm32h7xx_hal_timebase_tim.c ****   }
 172              		.loc 1 77 5 is_stmt 1 view .LVU58
  77:Core/Src/stm32h7xx_hal_timebase_tim.c ****   }
 173              		.loc 1 77 24 is_stmt 0 view .LVU59
 174 007a FFF7FEFF 		bl	HAL_RCC_GetPCLK1Freq
 175              	.LVL13:
  77:Core/Src/stm32h7xx_hal_timebase_tim.c ****   }
 176              		.loc 1 77 16 view .LVU60
 177 007e 4300     		lsls	r3, r0, #1
 178              	.LVL14:
  77:Core/Src/stm32h7xx_hal_timebase_tim.c ****   }
 179              		.loc 1 77 16 view .LVU61
 180 0080 E5E7     		b	.L5
 181              	.LVL15:
 182              	.L11:
 101:Core/Src/stm32h7xx_hal_timebase_tim.c ****   }
 183              		.loc 1 101 5 is_stmt 1 view .LVU62
 101:Core/Src/stm32h7xx_hal_timebase_tim.c ****   }
ARM GAS  C:\Users\l1234\AppData\Local\Temp\ccAKjZoe.s 			page 7


 184              		.loc 1 101 12 is_stmt 0 view .LVU63
 185 0082 2046     		mov	r0, r4
 186 0084 FFF7FEFF 		bl	HAL_TIM_Base_Start_IT
 187              	.LVL16:
 188 0088 F5E7     		b	.L3
 189              	.L13:
 190 008a 00BF     		.align	2
 191              	.L12:
 192 008c 00440258 		.word	1476543488
 193 0090 00000000 		.word	uwTickPrio
 194 0094 83DE1B43 		.word	1125899907
 195 0098 00000000 		.word	htim6
 196 009c 00100040 		.word	1073745920
 197              		.cfi_endproc
 198              	.LFE144:
 200              		.section	.text.HAL_SuspendTick,"ax",%progbits
 201              		.align	1
 202              		.p2align 2,,3
 203              		.global	HAL_SuspendTick
 204              		.syntax unified
 205              		.thumb
 206              		.thumb_func
 208              	HAL_SuspendTick:
 209              	.LFB145:
 107:Core/Src/stm32h7xx_hal_timebase_tim.c **** 
 108:Core/Src/stm32h7xx_hal_timebase_tim.c **** /**
 109:Core/Src/stm32h7xx_hal_timebase_tim.c ****   * @brief  Suspend Tick increment.
 110:Core/Src/stm32h7xx_hal_timebase_tim.c ****   * @note   Disable the tick increment by disabling TIM6 update interrupt.
 111:Core/Src/stm32h7xx_hal_timebase_tim.c ****   * @param  None
 112:Core/Src/stm32h7xx_hal_timebase_tim.c ****   * @retval None
 113:Core/Src/stm32h7xx_hal_timebase_tim.c ****   */
 114:Core/Src/stm32h7xx_hal_timebase_tim.c **** void HAL_SuspendTick(void)
 115:Core/Src/stm32h7xx_hal_timebase_tim.c **** {
 210              		.loc 1 115 1 is_stmt 1 view -0
 211              		.cfi_startproc
 212              		@ args = 0, pretend = 0, frame = 0
 213              		@ frame_needed = 0, uses_anonymous_args = 0
 214              		@ link register save eliminated.
 116:Core/Src/stm32h7xx_hal_timebase_tim.c ****   /* Disable TIM6 update Interrupt */
 117:Core/Src/stm32h7xx_hal_timebase_tim.c ****   __HAL_TIM_DISABLE_IT(&htim6, TIM_IT_UPDATE);
 215              		.loc 1 117 3 view .LVU65
 216 0000 034B     		ldr	r3, .L15
 217 0002 1A68     		ldr	r2, [r3]
 218 0004 D368     		ldr	r3, [r2, #12]
 219 0006 23F00103 		bic	r3, r3, #1
 220 000a D360     		str	r3, [r2, #12]
 118:Core/Src/stm32h7xx_hal_timebase_tim.c **** }
 221              		.loc 1 118 1 is_stmt 0 view .LVU66
 222 000c 7047     		bx	lr
 223              	.L16:
 224 000e 00BF     		.align	2
 225              	.L15:
 226 0010 00000000 		.word	htim6
 227              		.cfi_endproc
 228              	.LFE145:
 230              		.section	.text.HAL_ResumeTick,"ax",%progbits
 231              		.align	1
ARM GAS  C:\Users\l1234\AppData\Local\Temp\ccAKjZoe.s 			page 8


 232              		.p2align 2,,3
 233              		.global	HAL_ResumeTick
 234              		.syntax unified
 235              		.thumb
 236              		.thumb_func
 238              	HAL_ResumeTick:
 239              	.LFB146:
 119:Core/Src/stm32h7xx_hal_timebase_tim.c **** 
 120:Core/Src/stm32h7xx_hal_timebase_tim.c **** /**
 121:Core/Src/stm32h7xx_hal_timebase_tim.c ****   * @brief  Resume Tick increment.
 122:Core/Src/stm32h7xx_hal_timebase_tim.c ****   * @note   Enable the tick increment by Enabling TIM6 update interrupt.
 123:Core/Src/stm32h7xx_hal_timebase_tim.c ****   * @param  None
 124:Core/Src/stm32h7xx_hal_timebase_tim.c ****   * @retval None
 125:Core/Src/stm32h7xx_hal_timebase_tim.c ****   */
 126:Core/Src/stm32h7xx_hal_timebase_tim.c **** void HAL_ResumeTick(void)
 127:Core/Src/stm32h7xx_hal_timebase_tim.c **** {
 240              		.loc 1 127 1 is_stmt 1 view -0
 241              		.cfi_startproc
 242              		@ args = 0, pretend = 0, frame = 0
 243              		@ frame_needed = 0, uses_anonymous_args = 0
 244              		@ link register save eliminated.
 128:Core/Src/stm32h7xx_hal_timebase_tim.c ****   /* Enable TIM6 Update interrupt */
 129:Core/Src/stm32h7xx_hal_timebase_tim.c ****   __HAL_TIM_ENABLE_IT(&htim6, TIM_IT_UPDATE);
 245              		.loc 1 129 3 view .LVU68
 246 0000 034B     		ldr	r3, .L18
 247 0002 1A68     		ldr	r2, [r3]
 248 0004 D368     		ldr	r3, [r2, #12]
 249 0006 43F00103 		orr	r3, r3, #1
 250 000a D360     		str	r3, [r2, #12]
 130:Core/Src/stm32h7xx_hal_timebase_tim.c **** }
 251              		.loc 1 130 1 is_stmt 0 view .LVU69
 252 000c 7047     		bx	lr
 253              	.L19:
 254 000e 00BF     		.align	2
 255              	.L18:
 256 0010 00000000 		.word	htim6
 257              		.cfi_endproc
 258              	.LFE146:
 260              		.global	htim6
 261              		.section	.bss.htim6,"aw",%nobits
 262              		.align	2
 265              	htim6:
 266 0000 00000000 		.space	76
 266      00000000 
 266      00000000 
 266      00000000 
 266      00000000 
 267              		.text
 268              	.Letext0:
 269              		.file 2 "Drivers/CMSIS/Device/ST/STM32H7xx/Include/stm32h723xx.h"
 270              		.file 3 "c:\\msys64\\mingw64\\arm-none-eabi\\include\\machine\\_default_types.h"
 271              		.file 4 "c:\\msys64\\mingw64\\arm-none-eabi\\include\\sys\\_stdint.h"
 272              		.file 5 "Drivers/STM32H7xx_HAL_Driver/Inc/stm32h7xx_hal_def.h"
 273              		.file 6 "Drivers/STM32H7xx_HAL_Driver/Inc/stm32h7xx_hal_rcc.h"
 274              		.file 7 "Drivers/STM32H7xx_HAL_Driver/Inc/stm32h7xx_hal_dma.h"
 275              		.file 8 "Drivers/STM32H7xx_HAL_Driver/Inc/stm32h7xx_hal_tim.h"
 276              		.file 9 "Drivers/STM32H7xx_HAL_Driver/Inc/stm32h7xx_hal.h"
ARM GAS  C:\Users\l1234\AppData\Local\Temp\ccAKjZoe.s 			page 9


 277              		.file 10 "Drivers/STM32H7xx_HAL_Driver/Inc/stm32h7xx_hal_cortex.h"
ARM GAS  C:\Users\l1234\AppData\Local\Temp\ccAKjZoe.s 			page 10


DEFINED SYMBOLS
                            *ABS*:00000000 stm32h7xx_hal_timebase_tim.c
C:\Users\l1234\AppData\Local\Temp\ccAKjZoe.s:20     .text.HAL_InitTick:00000000 $t
C:\Users\l1234\AppData\Local\Temp\ccAKjZoe.s:27     .text.HAL_InitTick:00000000 HAL_InitTick
C:\Users\l1234\AppData\Local\Temp\ccAKjZoe.s:192    .text.HAL_InitTick:0000008c $d
C:\Users\l1234\AppData\Local\Temp\ccAKjZoe.s:265    .bss.htim6:00000000 htim6
C:\Users\l1234\AppData\Local\Temp\ccAKjZoe.s:201    .text.HAL_SuspendTick:00000000 $t
C:\Users\l1234\AppData\Local\Temp\ccAKjZoe.s:208    .text.HAL_SuspendTick:00000000 HAL_SuspendTick
C:\Users\l1234\AppData\Local\Temp\ccAKjZoe.s:226    .text.HAL_SuspendTick:00000010 $d
C:\Users\l1234\AppData\Local\Temp\ccAKjZoe.s:231    .text.HAL_ResumeTick:00000000 $t
C:\Users\l1234\AppData\Local\Temp\ccAKjZoe.s:238    .text.HAL_ResumeTick:00000000 HAL_ResumeTick
C:\Users\l1234\AppData\Local\Temp\ccAKjZoe.s:256    .text.HAL_ResumeTick:00000010 $d
C:\Users\l1234\AppData\Local\Temp\ccAKjZoe.s:262    .bss.htim6:00000000 $d

UNDEFINED SYMBOLS
HAL_NVIC_SetPriority
HAL_NVIC_EnableIRQ
HAL_RCC_GetClockConfig
HAL_RCC_GetPCLK1Freq
HAL_TIM_Base_Init
HAL_TIM_Base_Start_IT
uwTickPrio
