ARM GAS  C:\Users\l1234\AppData\Local\Temp\ccstb9ZZ.s 			page 1


   1              		.cpu cortex-m7
   2              		.arch armv7e-m
   3              		.fpu fpv5-d16
   4              		.eabi_attribute 28, 1
   5              		.eabi_attribute 20, 1
   6              		.eabi_attribute 21, 1
   7              		.eabi_attribute 23, 3
   8              		.eabi_attribute 24, 1
   9              		.eabi_attribute 25, 1
  10              		.eabi_attribute 26, 1
  11              		.eabi_attribute 30, 2
  12              		.eabi_attribute 34, 1
  13              		.eabi_attribute 18, 4
  14              		.file	"stm32h7xx_it.c"
  15              		.text
  16              	.Ltext0:
  17              		.cfi_sections	.debug_frame
  18              		.file 1 "Core/Src/stm32h7xx_it.c"
  19              		.section	.text.NMI_Handler,"ax",%progbits
  20              		.align	1
  21              		.p2align 2,,3
  22              		.global	NMI_Handler
  23              		.syntax unified
  24              		.thumb
  25              		.thumb_func
  27              	NMI_Handler:
  28              	.LFB144:
   1:Core/Src/stm32h7xx_it.c **** /* USER CODE BEGIN Header */
   2:Core/Src/stm32h7xx_it.c **** /**
   3:Core/Src/stm32h7xx_it.c ****   ******************************************************************************
   4:Core/Src/stm32h7xx_it.c ****   * @file    stm32h7xx_it.c
   5:Core/Src/stm32h7xx_it.c ****   * @brief   Interrupt Service Routines.
   6:Core/Src/stm32h7xx_it.c ****   ******************************************************************************
   7:Core/Src/stm32h7xx_it.c ****   * @attention
   8:Core/Src/stm32h7xx_it.c ****   *
   9:Core/Src/stm32h7xx_it.c ****   * Copyright (c) 2025 STMicroelectronics.
  10:Core/Src/stm32h7xx_it.c ****   * All rights reserved.
  11:Core/Src/stm32h7xx_it.c ****   *
  12:Core/Src/stm32h7xx_it.c ****   * This software is licensed under terms that can be found in the LICENSE file
  13:Core/Src/stm32h7xx_it.c ****   * in the root directory of this software component.
  14:Core/Src/stm32h7xx_it.c ****   * If no LICENSE file comes with this software, it is provided AS-IS.
  15:Core/Src/stm32h7xx_it.c ****   *
  16:Core/Src/stm32h7xx_it.c ****   ******************************************************************************
  17:Core/Src/stm32h7xx_it.c ****   */
  18:Core/Src/stm32h7xx_it.c **** /* USER CODE END Header */
  19:Core/Src/stm32h7xx_it.c **** 
  20:Core/Src/stm32h7xx_it.c **** /* Includes ------------------------------------------------------------------*/
  21:Core/Src/stm32h7xx_it.c **** #include "main.h"
  22:Core/Src/stm32h7xx_it.c **** #include "stm32h7xx_it.h"
  23:Core/Src/stm32h7xx_it.c **** /* Private includes ----------------------------------------------------------*/
  24:Core/Src/stm32h7xx_it.c **** /* USER CODE BEGIN Includes */
  25:Core/Src/stm32h7xx_it.c **** /* USER CODE END Includes */
  26:Core/Src/stm32h7xx_it.c **** 
  27:Core/Src/stm32h7xx_it.c **** /* Private typedef -----------------------------------------------------------*/
  28:Core/Src/stm32h7xx_it.c **** /* USER CODE BEGIN TD */
  29:Core/Src/stm32h7xx_it.c **** 
  30:Core/Src/stm32h7xx_it.c **** /* USER CODE END TD */
ARM GAS  C:\Users\l1234\AppData\Local\Temp\ccstb9ZZ.s 			page 2


  31:Core/Src/stm32h7xx_it.c **** 
  32:Core/Src/stm32h7xx_it.c **** /* Private define ------------------------------------------------------------*/
  33:Core/Src/stm32h7xx_it.c **** /* USER CODE BEGIN PD */
  34:Core/Src/stm32h7xx_it.c **** 
  35:Core/Src/stm32h7xx_it.c **** /* USER CODE END PD */
  36:Core/Src/stm32h7xx_it.c **** 
  37:Core/Src/stm32h7xx_it.c **** /* Private macro -------------------------------------------------------------*/
  38:Core/Src/stm32h7xx_it.c **** /* USER CODE BEGIN PM */
  39:Core/Src/stm32h7xx_it.c **** 
  40:Core/Src/stm32h7xx_it.c **** /* USER CODE END PM */
  41:Core/Src/stm32h7xx_it.c **** 
  42:Core/Src/stm32h7xx_it.c **** /* Private variables ---------------------------------------------------------*/
  43:Core/Src/stm32h7xx_it.c **** /* USER CODE BEGIN PV */
  44:Core/Src/stm32h7xx_it.c **** 
  45:Core/Src/stm32h7xx_it.c **** /* USER CODE END PV */
  46:Core/Src/stm32h7xx_it.c **** 
  47:Core/Src/stm32h7xx_it.c **** /* Private function prototypes -----------------------------------------------*/
  48:Core/Src/stm32h7xx_it.c **** /* USER CODE BEGIN PFP */
  49:Core/Src/stm32h7xx_it.c **** 
  50:Core/Src/stm32h7xx_it.c **** /* USER CODE END PFP */
  51:Core/Src/stm32h7xx_it.c **** 
  52:Core/Src/stm32h7xx_it.c **** /* Private user code ---------------------------------------------------------*/
  53:Core/Src/stm32h7xx_it.c **** /* USER CODE BEGIN 0 */
  54:Core/Src/stm32h7xx_it.c **** 
  55:Core/Src/stm32h7xx_it.c **** /* USER CODE END 0 */
  56:Core/Src/stm32h7xx_it.c **** 
  57:Core/Src/stm32h7xx_it.c **** /* External variables --------------------------------------------------------*/
  58:Core/Src/stm32h7xx_it.c **** extern FDCAN_HandleTypeDef hfdcan1;
  59:Core/Src/stm32h7xx_it.c **** extern FDCAN_HandleTypeDef hfdcan2;
  60:Core/Src/stm32h7xx_it.c **** extern FDCAN_HandleTypeDef hfdcan3;
  61:Core/Src/stm32h7xx_it.c **** extern SPI_HandleTypeDef hspi1;
  62:Core/Src/stm32h7xx_it.c **** extern TIM_HandleTypeDef htim4;
  63:Core/Src/stm32h7xx_it.c **** extern TIM_HandleTypeDef htim23;
  64:Core/Src/stm32h7xx_it.c **** extern DMA_HandleTypeDef hdma_uart5_rx;
  65:Core/Src/stm32h7xx_it.c **** extern DMA_HandleTypeDef hdma_uart7_rx;
  66:Core/Src/stm32h7xx_it.c **** extern DMA_HandleTypeDef hdma_uart7_tx;
  67:Core/Src/stm32h7xx_it.c **** extern DMA_HandleTypeDef hdma_usart1_tx;
  68:Core/Src/stm32h7xx_it.c **** extern DMA_HandleTypeDef hdma_usart1_rx;
  69:Core/Src/stm32h7xx_it.c **** extern DMA_HandleTypeDef hdma_usart10_rx;
  70:Core/Src/stm32h7xx_it.c **** extern DMA_HandleTypeDef hdma_usart10_tx;
  71:Core/Src/stm32h7xx_it.c **** extern UART_HandleTypeDef huart5;
  72:Core/Src/stm32h7xx_it.c **** extern UART_HandleTypeDef huart7;
  73:Core/Src/stm32h7xx_it.c **** extern UART_HandleTypeDef huart1;
  74:Core/Src/stm32h7xx_it.c **** extern UART_HandleTypeDef huart10;
  75:Core/Src/stm32h7xx_it.c **** extern TIM_HandleTypeDef htim6;
  76:Core/Src/stm32h7xx_it.c **** 
  77:Core/Src/stm32h7xx_it.c **** /* USER CODE BEGIN EV */
  78:Core/Src/stm32h7xx_it.c **** 
  79:Core/Src/stm32h7xx_it.c **** /* USER CODE END EV */
  80:Core/Src/stm32h7xx_it.c **** 
  81:Core/Src/stm32h7xx_it.c **** /******************************************************************************/
  82:Core/Src/stm32h7xx_it.c **** /*           Cortex Processor Interruption and Exception Handlers          */
  83:Core/Src/stm32h7xx_it.c **** /******************************************************************************/
  84:Core/Src/stm32h7xx_it.c **** /**
  85:Core/Src/stm32h7xx_it.c ****   * @brief This function handles Non maskable interrupt.
  86:Core/Src/stm32h7xx_it.c ****   */
  87:Core/Src/stm32h7xx_it.c **** void NMI_Handler(void)
ARM GAS  C:\Users\l1234\AppData\Local\Temp\ccstb9ZZ.s 			page 3


  88:Core/Src/stm32h7xx_it.c **** {
  29              		.loc 1 88 1 view -0
  30              		.cfi_startproc
  31              		@ Volatile: function does not return.
  32              		@ args = 0, pretend = 0, frame = 0
  33              		@ frame_needed = 0, uses_anonymous_args = 0
  34              		@ link register save eliminated.
  35              	.L2:
  89:Core/Src/stm32h7xx_it.c ****   /* USER CODE BEGIN NonMaskableInt_IRQn 0 */
  90:Core/Src/stm32h7xx_it.c **** 
  91:Core/Src/stm32h7xx_it.c ****   /* USER CODE END NonMaskableInt_IRQn 0 */
  92:Core/Src/stm32h7xx_it.c ****   /* USER CODE BEGIN NonMaskableInt_IRQn 1 */
  93:Core/Src/stm32h7xx_it.c ****    while (1)
  36              		.loc 1 93 4 discriminator 1 view .LVU1
  94:Core/Src/stm32h7xx_it.c ****   {
  95:Core/Src/stm32h7xx_it.c ****   }
  37              		.loc 1 95 3 discriminator 1 view .LVU2
  93:Core/Src/stm32h7xx_it.c ****   {
  38              		.loc 1 93 10 discriminator 1 view .LVU3
  39 0000 FEE7     		b	.L2
  40              		.cfi_endproc
  41              	.LFE144:
  43 0002 00BF     		.section	.text.HardFault_Handler,"ax",%progbits
  44              		.align	1
  45              		.p2align 2,,3
  46              		.global	HardFault_Handler
  47              		.syntax unified
  48              		.thumb
  49              		.thumb_func
  51              	HardFault_Handler:
  52              	.LFB145:
  96:Core/Src/stm32h7xx_it.c ****   /* USER CODE END NonMaskableInt_IRQn 1 */
  97:Core/Src/stm32h7xx_it.c **** }
  98:Core/Src/stm32h7xx_it.c **** 
  99:Core/Src/stm32h7xx_it.c **** /**
 100:Core/Src/stm32h7xx_it.c ****   * @brief This function handles Hard fault interrupt.
 101:Core/Src/stm32h7xx_it.c ****   */
 102:Core/Src/stm32h7xx_it.c **** void HardFault_Handler(void)
 103:Core/Src/stm32h7xx_it.c **** {
  53              		.loc 1 103 1 view -0
  54              		.cfi_startproc
  55              		@ Volatile: function does not return.
  56              		@ args = 0, pretend = 0, frame = 0
  57              		@ frame_needed = 0, uses_anonymous_args = 0
  58              		@ link register save eliminated.
  59              	.L5:
 104:Core/Src/stm32h7xx_it.c ****   /* USER CODE BEGIN HardFault_IRQn 0 */
 105:Core/Src/stm32h7xx_it.c **** 
 106:Core/Src/stm32h7xx_it.c ****   /* USER CODE END HardFault_IRQn 0 */
 107:Core/Src/stm32h7xx_it.c ****   while (1)
  60              		.loc 1 107 3 discriminator 1 view .LVU5
 108:Core/Src/stm32h7xx_it.c ****   {
 109:Core/Src/stm32h7xx_it.c ****     /* USER CODE BEGIN W1_HardFault_IRQn 0 */
 110:Core/Src/stm32h7xx_it.c ****     /* USER CODE END W1_HardFault_IRQn 0 */
 111:Core/Src/stm32h7xx_it.c ****   }
  61              		.loc 1 111 3 discriminator 1 view .LVU6
 107:Core/Src/stm32h7xx_it.c ****   {
ARM GAS  C:\Users\l1234\AppData\Local\Temp\ccstb9ZZ.s 			page 4


  62              		.loc 1 107 9 discriminator 1 view .LVU7
  63 0000 FEE7     		b	.L5
  64              		.cfi_endproc
  65              	.LFE145:
  67 0002 00BF     		.section	.text.MemManage_Handler,"ax",%progbits
  68              		.align	1
  69              		.p2align 2,,3
  70              		.global	MemManage_Handler
  71              		.syntax unified
  72              		.thumb
  73              		.thumb_func
  75              	MemManage_Handler:
  76              	.LFB146:
 112:Core/Src/stm32h7xx_it.c **** }
 113:Core/Src/stm32h7xx_it.c **** 
 114:Core/Src/stm32h7xx_it.c **** /**
 115:Core/Src/stm32h7xx_it.c ****   * @brief This function handles Memory management fault.
 116:Core/Src/stm32h7xx_it.c ****   */
 117:Core/Src/stm32h7xx_it.c **** void MemManage_Handler(void)
 118:Core/Src/stm32h7xx_it.c **** {
  77              		.loc 1 118 1 view -0
  78              		.cfi_startproc
  79              		@ Volatile: function does not return.
  80              		@ args = 0, pretend = 0, frame = 0
  81              		@ frame_needed = 0, uses_anonymous_args = 0
  82              		@ link register save eliminated.
  83              	.L7:
 119:Core/Src/stm32h7xx_it.c ****   /* USER CODE BEGIN MemoryManagement_IRQn 0 */
 120:Core/Src/stm32h7xx_it.c **** 
 121:Core/Src/stm32h7xx_it.c ****   /* USER CODE END MemoryManagement_IRQn 0 */
 122:Core/Src/stm32h7xx_it.c ****   while (1)
  84              		.loc 1 122 3 discriminator 1 view .LVU9
 123:Core/Src/stm32h7xx_it.c ****   {
 124:Core/Src/stm32h7xx_it.c ****     /* USER CODE BEGIN W1_MemoryManagement_IRQn 0 */
 125:Core/Src/stm32h7xx_it.c ****     /* USER CODE END W1_MemoryManagement_IRQn 0 */
 126:Core/Src/stm32h7xx_it.c ****   }
  85              		.loc 1 126 3 discriminator 1 view .LVU10
 122:Core/Src/stm32h7xx_it.c ****   {
  86              		.loc 1 122 9 discriminator 1 view .LVU11
  87 0000 FEE7     		b	.L7
  88              		.cfi_endproc
  89              	.LFE146:
  91 0002 00BF     		.section	.text.BusFault_Handler,"ax",%progbits
  92              		.align	1
  93              		.p2align 2,,3
  94              		.global	BusFault_Handler
  95              		.syntax unified
  96              		.thumb
  97              		.thumb_func
  99              	BusFault_Handler:
 100              	.LFB147:
 127:Core/Src/stm32h7xx_it.c **** }
 128:Core/Src/stm32h7xx_it.c **** 
 129:Core/Src/stm32h7xx_it.c **** /**
 130:Core/Src/stm32h7xx_it.c ****   * @brief This function handles Pre-fetch fault, memory access fault.
 131:Core/Src/stm32h7xx_it.c ****   */
 132:Core/Src/stm32h7xx_it.c **** void BusFault_Handler(void)
ARM GAS  C:\Users\l1234\AppData\Local\Temp\ccstb9ZZ.s 			page 5


 133:Core/Src/stm32h7xx_it.c **** {
 101              		.loc 1 133 1 view -0
 102              		.cfi_startproc
 103              		@ Volatile: function does not return.
 104              		@ args = 0, pretend = 0, frame = 0
 105              		@ frame_needed = 0, uses_anonymous_args = 0
 106              		@ link register save eliminated.
 107              	.L9:
 134:Core/Src/stm32h7xx_it.c ****   /* USER CODE BEGIN BusFault_IRQn 0 */
 135:Core/Src/stm32h7xx_it.c **** 
 136:Core/Src/stm32h7xx_it.c ****   /* USER CODE END BusFault_IRQn 0 */
 137:Core/Src/stm32h7xx_it.c ****   while (1)
 108              		.loc 1 137 3 discriminator 1 view .LVU13
 138:Core/Src/stm32h7xx_it.c ****   {
 139:Core/Src/stm32h7xx_it.c ****     /* USER CODE BEGIN W1_BusFault_IRQn 0 */
 140:Core/Src/stm32h7xx_it.c ****     /* USER CODE END W1_BusFault_IRQn 0 */
 141:Core/Src/stm32h7xx_it.c ****   }
 109              		.loc 1 141 3 discriminator 1 view .LVU14
 137:Core/Src/stm32h7xx_it.c ****   {
 110              		.loc 1 137 9 discriminator 1 view .LVU15
 111 0000 FEE7     		b	.L9
 112              		.cfi_endproc
 113              	.LFE147:
 115 0002 00BF     		.section	.text.UsageFault_Handler,"ax",%progbits
 116              		.align	1
 117              		.p2align 2,,3
 118              		.global	UsageFault_Handler
 119              		.syntax unified
 120              		.thumb
 121              		.thumb_func
 123              	UsageFault_Handler:
 124              	.LFB148:
 142:Core/Src/stm32h7xx_it.c **** }
 143:Core/Src/stm32h7xx_it.c **** 
 144:Core/Src/stm32h7xx_it.c **** /**
 145:Core/Src/stm32h7xx_it.c ****   * @brief This function handles Undefined instruction or illegal state.
 146:Core/Src/stm32h7xx_it.c ****   */
 147:Core/Src/stm32h7xx_it.c **** void UsageFault_Handler(void)
 148:Core/Src/stm32h7xx_it.c **** {
 125              		.loc 1 148 1 view -0
 126              		.cfi_startproc
 127              		@ Volatile: function does not return.
 128              		@ args = 0, pretend = 0, frame = 0
 129              		@ frame_needed = 0, uses_anonymous_args = 0
 130              		@ link register save eliminated.
 131              	.L11:
 149:Core/Src/stm32h7xx_it.c ****   /* USER CODE BEGIN UsageFault_IRQn 0 */
 150:Core/Src/stm32h7xx_it.c **** 
 151:Core/Src/stm32h7xx_it.c ****   /* USER CODE END UsageFault_IRQn 0 */
 152:Core/Src/stm32h7xx_it.c ****   while (1)
 132              		.loc 1 152 3 discriminator 1 view .LVU17
 153:Core/Src/stm32h7xx_it.c ****   {
 154:Core/Src/stm32h7xx_it.c ****     /* USER CODE BEGIN W1_UsageFault_IRQn 0 */
 155:Core/Src/stm32h7xx_it.c ****     /* USER CODE END W1_UsageFault_IRQn 0 */
 156:Core/Src/stm32h7xx_it.c ****   }
 133              		.loc 1 156 3 discriminator 1 view .LVU18
 152:Core/Src/stm32h7xx_it.c ****   {
ARM GAS  C:\Users\l1234\AppData\Local\Temp\ccstb9ZZ.s 			page 6


 134              		.loc 1 152 9 discriminator 1 view .LVU19
 135 0000 FEE7     		b	.L11
 136              		.cfi_endproc
 137              	.LFE148:
 139 0002 00BF     		.section	.text.SVC_Handler,"ax",%progbits
 140              		.align	1
 141              		.p2align 2,,3
 142              		.global	SVC_Handler
 143              		.syntax unified
 144              		.thumb
 145              		.thumb_func
 147              	SVC_Handler:
 148              	.LFB149:
 157:Core/Src/stm32h7xx_it.c **** }
 158:Core/Src/stm32h7xx_it.c **** 
 159:Core/Src/stm32h7xx_it.c **** /**
 160:Core/Src/stm32h7xx_it.c ****   * @brief This function handles System service call via SWI instruction.
 161:Core/Src/stm32h7xx_it.c ****   */
 162:Core/Src/stm32h7xx_it.c **** void SVC_Handler(void)
 163:Core/Src/stm32h7xx_it.c **** {
 149              		.loc 1 163 1 view -0
 150              		.cfi_startproc
 151              		@ args = 0, pretend = 0, frame = 0
 152              		@ frame_needed = 0, uses_anonymous_args = 0
 153              		@ link register save eliminated.
 164:Core/Src/stm32h7xx_it.c ****   /* USER CODE BEGIN SVCall_IRQn 0 */
 165:Core/Src/stm32h7xx_it.c **** 
 166:Core/Src/stm32h7xx_it.c ****   /* USER CODE END SVCall_IRQn 0 */
 167:Core/Src/stm32h7xx_it.c ****   /* USER CODE BEGIN SVCall_IRQn 1 */
 168:Core/Src/stm32h7xx_it.c **** 
 169:Core/Src/stm32h7xx_it.c ****   /* USER CODE END SVCall_IRQn 1 */
 170:Core/Src/stm32h7xx_it.c **** }
 154              		.loc 1 170 1 view .LVU21
 155 0000 7047     		bx	lr
 156              		.cfi_endproc
 157              	.LFE149:
 159 0002 00BF     		.section	.text.DebugMon_Handler,"ax",%progbits
 160              		.align	1
 161              		.p2align 2,,3
 162              		.global	DebugMon_Handler
 163              		.syntax unified
 164              		.thumb
 165              		.thumb_func
 167              	DebugMon_Handler:
 168              	.LFB174:
 169              		.cfi_startproc
 171:Core/Src/stm32h7xx_it.c **** 
 172:Core/Src/stm32h7xx_it.c **** /**
 173:Core/Src/stm32h7xx_it.c ****   * @brief This function handles Debug monitor.
 174:Core/Src/stm32h7xx_it.c ****   */
 175:Core/Src/stm32h7xx_it.c **** void DebugMon_Handler(void)
 170              		.loc 1 175 6 view -0
 171              		@ args = 0, pretend = 0, frame = 0
 172              		@ frame_needed = 0, uses_anonymous_args = 0
 173              		@ link register save eliminated.
 174 0000 7047     		bx	lr
 175              		.cfi_endproc
ARM GAS  C:\Users\l1234\AppData\Local\Temp\ccstb9ZZ.s 			page 7


 176              	.LFE174:
 178 0002 00BF     		.section	.text.PendSV_Handler,"ax",%progbits
 179              		.align	1
 180              		.p2align 2,,3
 181              		.global	PendSV_Handler
 182              		.syntax unified
 183              		.thumb
 184              		.thumb_func
 186              	PendSV_Handler:
 187              	.LFB176:
 188              		.cfi_startproc
 176:Core/Src/stm32h7xx_it.c **** {
 177:Core/Src/stm32h7xx_it.c ****   /* USER CODE BEGIN DebugMonitor_IRQn 0 */
 178:Core/Src/stm32h7xx_it.c **** 
 179:Core/Src/stm32h7xx_it.c ****   /* USER CODE END DebugMonitor_IRQn 0 */
 180:Core/Src/stm32h7xx_it.c ****   /* USER CODE BEGIN DebugMonitor_IRQn 1 */
 181:Core/Src/stm32h7xx_it.c **** 
 182:Core/Src/stm32h7xx_it.c ****   /* USER CODE END DebugMonitor_IRQn 1 */
 183:Core/Src/stm32h7xx_it.c **** }
 184:Core/Src/stm32h7xx_it.c **** 
 185:Core/Src/stm32h7xx_it.c **** /**
 186:Core/Src/stm32h7xx_it.c ****   * @brief This function handles Pendable request for system service.
 187:Core/Src/stm32h7xx_it.c ****   */
 188:Core/Src/stm32h7xx_it.c **** void PendSV_Handler(void)
 189              		.loc 1 188 6 view -0
 190              		@ args = 0, pretend = 0, frame = 0
 191              		@ frame_needed = 0, uses_anonymous_args = 0
 192              		@ link register save eliminated.
 193 0000 7047     		bx	lr
 194              		.cfi_endproc
 195              	.LFE176:
 197 0002 00BF     		.section	.text.SysTick_Handler,"ax",%progbits
 198              		.align	1
 199              		.p2align 2,,3
 200              		.global	SysTick_Handler
 201              		.syntax unified
 202              		.thumb
 203              		.thumb_func
 205              	SysTick_Handler:
 206              	.LFB178:
 207              		.cfi_startproc
 189:Core/Src/stm32h7xx_it.c **** {
 190:Core/Src/stm32h7xx_it.c ****   /* USER CODE BEGIN PendSV_IRQn 0 */
 191:Core/Src/stm32h7xx_it.c **** 
 192:Core/Src/stm32h7xx_it.c ****   /* USER CODE END PendSV_IRQn 0 */
 193:Core/Src/stm32h7xx_it.c ****   /* USER CODE BEGIN PendSV_IRQn 1 */
 194:Core/Src/stm32h7xx_it.c **** 
 195:Core/Src/stm32h7xx_it.c ****   /* USER CODE END PendSV_IRQn 1 */
 196:Core/Src/stm32h7xx_it.c **** }
 197:Core/Src/stm32h7xx_it.c **** 
 198:Core/Src/stm32h7xx_it.c **** /**
 199:Core/Src/stm32h7xx_it.c ****   * @brief This function handles System tick timer.
 200:Core/Src/stm32h7xx_it.c ****   */
 201:Core/Src/stm32h7xx_it.c **** void SysTick_Handler(void)
 208              		.loc 1 201 6 view -0
 209              		@ args = 0, pretend = 0, frame = 0
 210              		@ frame_needed = 0, uses_anonymous_args = 0
ARM GAS  C:\Users\l1234\AppData\Local\Temp\ccstb9ZZ.s 			page 8


 211              		@ link register save eliminated.
 212 0000 7047     		bx	lr
 213              		.cfi_endproc
 214              	.LFE178:
 216 0002 00BF     		.section	.text.DMA1_Stream0_IRQHandler,"ax",%progbits
 217              		.align	1
 218              		.p2align 2,,3
 219              		.global	DMA1_Stream0_IRQHandler
 220              		.syntax unified
 221              		.thumb
 222              		.thumb_func
 224              	DMA1_Stream0_IRQHandler:
 225              	.LFB153:
 202:Core/Src/stm32h7xx_it.c **** {
 203:Core/Src/stm32h7xx_it.c ****   /* USER CODE BEGIN SysTick_IRQn 0 */
 204:Core/Src/stm32h7xx_it.c **** 
 205:Core/Src/stm32h7xx_it.c ****   /* USER CODE END SysTick_IRQn 0 */
 206:Core/Src/stm32h7xx_it.c **** 
 207:Core/Src/stm32h7xx_it.c ****   /* USER CODE BEGIN SysTick_IRQn 1 */
 208:Core/Src/stm32h7xx_it.c **** 
 209:Core/Src/stm32h7xx_it.c ****   /* USER CODE END SysTick_IRQn 1 */
 210:Core/Src/stm32h7xx_it.c **** }
 211:Core/Src/stm32h7xx_it.c **** 
 212:Core/Src/stm32h7xx_it.c **** /******************************************************************************/
 213:Core/Src/stm32h7xx_it.c **** /* STM32H7xx Peripheral Interrupt Handlers                                    */
 214:Core/Src/stm32h7xx_it.c **** /* Add here the Interrupt Handlers for the used peripherals.                  */
 215:Core/Src/stm32h7xx_it.c **** /* For the available peripheral interrupt handler names,                      */
 216:Core/Src/stm32h7xx_it.c **** /* please refer to the startup file (startup_stm32h7xx.s).                    */
 217:Core/Src/stm32h7xx_it.c **** /******************************************************************************/
 218:Core/Src/stm32h7xx_it.c **** 
 219:Core/Src/stm32h7xx_it.c **** /**
 220:Core/Src/stm32h7xx_it.c ****   * @brief This function handles DMA1 stream0 global interrupt.
 221:Core/Src/stm32h7xx_it.c ****   */
 222:Core/Src/stm32h7xx_it.c **** void DMA1_Stream0_IRQHandler(void)
 223:Core/Src/stm32h7xx_it.c **** {
 226              		.loc 1 223 1 view -0
 227              		.cfi_startproc
 228              		@ args = 0, pretend = 0, frame = 0
 229              		@ frame_needed = 0, uses_anonymous_args = 0
 230              		@ link register save eliminated.
 224:Core/Src/stm32h7xx_it.c ****   /* USER CODE BEGIN DMA1_Stream0_IRQn 0 */
 225:Core/Src/stm32h7xx_it.c **** 
 226:Core/Src/stm32h7xx_it.c ****   /* USER CODE END DMA1_Stream0_IRQn 0 */
 227:Core/Src/stm32h7xx_it.c ****   HAL_DMA_IRQHandler(&hdma_usart10_rx);
 231              		.loc 1 227 3 view .LVU26
 232 0000 0148     		ldr	r0, .L17
 233 0002 FFF7FEBF 		b	HAL_DMA_IRQHandler
 234              	.LVL0:
 235              	.L18:
 236 0006 00BF     		.align	2
 237              	.L17:
 238 0008 00000000 		.word	hdma_usart10_rx
 239              		.cfi_endproc
 240              	.LFE153:
 242              		.section	.text.DMA1_Stream1_IRQHandler,"ax",%progbits
 243              		.align	1
 244              		.p2align 2,,3
ARM GAS  C:\Users\l1234\AppData\Local\Temp\ccstb9ZZ.s 			page 9


 245              		.global	DMA1_Stream1_IRQHandler
 246              		.syntax unified
 247              		.thumb
 248              		.thumb_func
 250              	DMA1_Stream1_IRQHandler:
 251              	.LFB154:
 228:Core/Src/stm32h7xx_it.c ****   /* USER CODE BEGIN DMA1_Stream0_IRQn 1 */
 229:Core/Src/stm32h7xx_it.c **** 
 230:Core/Src/stm32h7xx_it.c ****   /* USER CODE END DMA1_Stream0_IRQn 1 */
 231:Core/Src/stm32h7xx_it.c **** }
 232:Core/Src/stm32h7xx_it.c **** 
 233:Core/Src/stm32h7xx_it.c **** /**
 234:Core/Src/stm32h7xx_it.c ****   * @brief This function handles DMA1 stream1 global interrupt.
 235:Core/Src/stm32h7xx_it.c ****   */
 236:Core/Src/stm32h7xx_it.c **** void DMA1_Stream1_IRQHandler(void)
 237:Core/Src/stm32h7xx_it.c **** {
 252              		.loc 1 237 1 view -0
 253              		.cfi_startproc
 254              		@ args = 0, pretend = 0, frame = 0
 255              		@ frame_needed = 0, uses_anonymous_args = 0
 256              		@ link register save eliminated.
 238:Core/Src/stm32h7xx_it.c ****   /* USER CODE BEGIN DMA1_Stream1_IRQn 0 */
 239:Core/Src/stm32h7xx_it.c **** 
 240:Core/Src/stm32h7xx_it.c ****   /* USER CODE END DMA1_Stream1_IRQn 0 */
 241:Core/Src/stm32h7xx_it.c ****   HAL_DMA_IRQHandler(&hdma_uart5_rx);
 257              		.loc 1 241 3 view .LVU28
 258 0000 0148     		ldr	r0, .L20
 259 0002 FFF7FEBF 		b	HAL_DMA_IRQHandler
 260              	.LVL1:
 261              	.L21:
 262 0006 00BF     		.align	2
 263              	.L20:
 264 0008 00000000 		.word	hdma_uart5_rx
 265              		.cfi_endproc
 266              	.LFE154:
 268              		.section	.text.DMA1_Stream2_IRQHandler,"ax",%progbits
 269              		.align	1
 270              		.p2align 2,,3
 271              		.global	DMA1_Stream2_IRQHandler
 272              		.syntax unified
 273              		.thumb
 274              		.thumb_func
 276              	DMA1_Stream2_IRQHandler:
 277              	.LFB155:
 242:Core/Src/stm32h7xx_it.c ****   /* USER CODE BEGIN DMA1_Stream1_IRQn 1 */
 243:Core/Src/stm32h7xx_it.c **** 
 244:Core/Src/stm32h7xx_it.c ****   /* USER CODE END DMA1_Stream1_IRQn 1 */
 245:Core/Src/stm32h7xx_it.c **** }
 246:Core/Src/stm32h7xx_it.c **** 
 247:Core/Src/stm32h7xx_it.c **** /**
 248:Core/Src/stm32h7xx_it.c ****   * @brief This function handles DMA1 stream2 global interrupt.
 249:Core/Src/stm32h7xx_it.c ****   */
 250:Core/Src/stm32h7xx_it.c **** void DMA1_Stream2_IRQHandler(void)
 251:Core/Src/stm32h7xx_it.c **** {
 278              		.loc 1 251 1 view -0
 279              		.cfi_startproc
 280              		@ args = 0, pretend = 0, frame = 0
ARM GAS  C:\Users\l1234\AppData\Local\Temp\ccstb9ZZ.s 			page 10


 281              		@ frame_needed = 0, uses_anonymous_args = 0
 282              		@ link register save eliminated.
 252:Core/Src/stm32h7xx_it.c ****   /* USER CODE BEGIN DMA1_Stream2_IRQn 0 */
 253:Core/Src/stm32h7xx_it.c **** 
 254:Core/Src/stm32h7xx_it.c ****   /* USER CODE END DMA1_Stream2_IRQn 0 */
 255:Core/Src/stm32h7xx_it.c ****   HAL_DMA_IRQHandler(&hdma_uart7_rx);
 283              		.loc 1 255 3 view .LVU30
 284 0000 0148     		ldr	r0, .L23
 285 0002 FFF7FEBF 		b	HAL_DMA_IRQHandler
 286              	.LVL2:
 287              	.L24:
 288 0006 00BF     		.align	2
 289              	.L23:
 290 0008 00000000 		.word	hdma_uart7_rx
 291              		.cfi_endproc
 292              	.LFE155:
 294              		.section	.text.DMA1_Stream3_IRQHandler,"ax",%progbits
 295              		.align	1
 296              		.p2align 2,,3
 297              		.global	DMA1_Stream3_IRQHandler
 298              		.syntax unified
 299              		.thumb
 300              		.thumb_func
 302              	DMA1_Stream3_IRQHandler:
 303              	.LFB156:
 256:Core/Src/stm32h7xx_it.c ****   /* USER CODE BEGIN DMA1_Stream2_IRQn 1 */
 257:Core/Src/stm32h7xx_it.c **** 
 258:Core/Src/stm32h7xx_it.c ****   /* USER CODE END DMA1_Stream2_IRQn 1 */
 259:Core/Src/stm32h7xx_it.c **** }
 260:Core/Src/stm32h7xx_it.c **** 
 261:Core/Src/stm32h7xx_it.c **** /**
 262:Core/Src/stm32h7xx_it.c ****   * @brief This function handles DMA1 stream3 global interrupt.
 263:Core/Src/stm32h7xx_it.c ****   */
 264:Core/Src/stm32h7xx_it.c **** void DMA1_Stream3_IRQHandler(void)
 265:Core/Src/stm32h7xx_it.c **** {
 304              		.loc 1 265 1 view -0
 305              		.cfi_startproc
 306              		@ args = 0, pretend = 0, frame = 0
 307              		@ frame_needed = 0, uses_anonymous_args = 0
 308              		@ link register save eliminated.
 266:Core/Src/stm32h7xx_it.c ****   /* USER CODE BEGIN DMA1_Stream3_IRQn 0 */
 267:Core/Src/stm32h7xx_it.c **** 
 268:Core/Src/stm32h7xx_it.c ****   /* USER CODE END DMA1_Stream3_IRQn 0 */
 269:Core/Src/stm32h7xx_it.c ****   HAL_DMA_IRQHandler(&hdma_uart7_tx);
 309              		.loc 1 269 3 view .LVU32
 310 0000 0148     		ldr	r0, .L26
 311 0002 FFF7FEBF 		b	HAL_DMA_IRQHandler
 312              	.LVL3:
 313              	.L27:
 314 0006 00BF     		.align	2
 315              	.L26:
 316 0008 00000000 		.word	hdma_uart7_tx
 317              		.cfi_endproc
 318              	.LFE156:
 320              		.section	.text.DMA1_Stream4_IRQHandler,"ax",%progbits
 321              		.align	1
 322              		.p2align 2,,3
ARM GAS  C:\Users\l1234\AppData\Local\Temp\ccstb9ZZ.s 			page 11


 323              		.global	DMA1_Stream4_IRQHandler
 324              		.syntax unified
 325              		.thumb
 326              		.thumb_func
 328              	DMA1_Stream4_IRQHandler:
 329              	.LFB157:
 270:Core/Src/stm32h7xx_it.c ****   /* USER CODE BEGIN DMA1_Stream3_IRQn 1 */
 271:Core/Src/stm32h7xx_it.c **** 
 272:Core/Src/stm32h7xx_it.c ****   /* USER CODE END DMA1_Stream3_IRQn 1 */
 273:Core/Src/stm32h7xx_it.c **** }
 274:Core/Src/stm32h7xx_it.c **** 
 275:Core/Src/stm32h7xx_it.c **** /**
 276:Core/Src/stm32h7xx_it.c ****   * @brief This function handles DMA1 stream4 global interrupt.
 277:Core/Src/stm32h7xx_it.c ****   */
 278:Core/Src/stm32h7xx_it.c **** void DMA1_Stream4_IRQHandler(void)
 279:Core/Src/stm32h7xx_it.c **** {
 330              		.loc 1 279 1 view -0
 331              		.cfi_startproc
 332              		@ args = 0, pretend = 0, frame = 0
 333              		@ frame_needed = 0, uses_anonymous_args = 0
 334              		@ link register save eliminated.
 280:Core/Src/stm32h7xx_it.c ****   /* USER CODE BEGIN DMA1_Stream4_IRQn 0 */
 281:Core/Src/stm32h7xx_it.c **** 
 282:Core/Src/stm32h7xx_it.c ****   /* USER CODE END DMA1_Stream4_IRQn 0 */
 283:Core/Src/stm32h7xx_it.c ****   HAL_DMA_IRQHandler(&hdma_usart10_tx);
 335              		.loc 1 283 3 view .LVU34
 336 0000 0148     		ldr	r0, .L29
 337 0002 FFF7FEBF 		b	HAL_DMA_IRQHandler
 338              	.LVL4:
 339              	.L30:
 340 0006 00BF     		.align	2
 341              	.L29:
 342 0008 00000000 		.word	hdma_usart10_tx
 343              		.cfi_endproc
 344              	.LFE157:
 346              		.section	.text.DMA1_Stream5_IRQHandler,"ax",%progbits
 347              		.align	1
 348              		.p2align 2,,3
 349              		.global	DMA1_Stream5_IRQHandler
 350              		.syntax unified
 351              		.thumb
 352              		.thumb_func
 354              	DMA1_Stream5_IRQHandler:
 355              	.LFB158:
 284:Core/Src/stm32h7xx_it.c ****   /* USER CODE BEGIN DMA1_Stream4_IRQn 1 */
 285:Core/Src/stm32h7xx_it.c **** 
 286:Core/Src/stm32h7xx_it.c ****   /* USER CODE END DMA1_Stream4_IRQn 1 */
 287:Core/Src/stm32h7xx_it.c **** }
 288:Core/Src/stm32h7xx_it.c **** 
 289:Core/Src/stm32h7xx_it.c **** /**
 290:Core/Src/stm32h7xx_it.c ****   * @brief This function handles DMA1 stream5 global interrupt.
 291:Core/Src/stm32h7xx_it.c ****   */
 292:Core/Src/stm32h7xx_it.c **** void DMA1_Stream5_IRQHandler(void)
 293:Core/Src/stm32h7xx_it.c **** {
 356              		.loc 1 293 1 view -0
 357              		.cfi_startproc
 358              		@ args = 0, pretend = 0, frame = 0
ARM GAS  C:\Users\l1234\AppData\Local\Temp\ccstb9ZZ.s 			page 12


 359              		@ frame_needed = 0, uses_anonymous_args = 0
 360              		@ link register save eliminated.
 294:Core/Src/stm32h7xx_it.c ****   /* USER CODE BEGIN DMA1_Stream5_IRQn 0 */
 295:Core/Src/stm32h7xx_it.c **** 
 296:Core/Src/stm32h7xx_it.c ****   /* USER CODE END DMA1_Stream5_IRQn 0 */
 297:Core/Src/stm32h7xx_it.c ****   HAL_DMA_IRQHandler(&hdma_usart1_tx);
 361              		.loc 1 297 3 view .LVU36
 362 0000 0148     		ldr	r0, .L32
 363 0002 FFF7FEBF 		b	HAL_DMA_IRQHandler
 364              	.LVL5:
 365              	.L33:
 366 0006 00BF     		.align	2
 367              	.L32:
 368 0008 00000000 		.word	hdma_usart1_tx
 369              		.cfi_endproc
 370              	.LFE158:
 372              		.section	.text.DMA1_Stream6_IRQHandler,"ax",%progbits
 373              		.align	1
 374              		.p2align 2,,3
 375              		.global	DMA1_Stream6_IRQHandler
 376              		.syntax unified
 377              		.thumb
 378              		.thumb_func
 380              	DMA1_Stream6_IRQHandler:
 381              	.LFB159:
 298:Core/Src/stm32h7xx_it.c ****   /* USER CODE BEGIN DMA1_Stream5_IRQn 1 */
 299:Core/Src/stm32h7xx_it.c **** 
 300:Core/Src/stm32h7xx_it.c ****   /* USER CODE END DMA1_Stream5_IRQn 1 */
 301:Core/Src/stm32h7xx_it.c **** }
 302:Core/Src/stm32h7xx_it.c **** 
 303:Core/Src/stm32h7xx_it.c **** /**
 304:Core/Src/stm32h7xx_it.c ****   * @brief This function handles DMA1 stream6 global interrupt.
 305:Core/Src/stm32h7xx_it.c ****   */
 306:Core/Src/stm32h7xx_it.c **** void DMA1_Stream6_IRQHandler(void)
 307:Core/Src/stm32h7xx_it.c **** {
 382              		.loc 1 307 1 view -0
 383              		.cfi_startproc
 384              		@ args = 0, pretend = 0, frame = 0
 385              		@ frame_needed = 0, uses_anonymous_args = 0
 386              		@ link register save eliminated.
 308:Core/Src/stm32h7xx_it.c ****   /* USER CODE BEGIN DMA1_Stream6_IRQn 0 */
 309:Core/Src/stm32h7xx_it.c **** 
 310:Core/Src/stm32h7xx_it.c ****   /* USER CODE END DMA1_Stream6_IRQn 0 */
 311:Core/Src/stm32h7xx_it.c ****   HAL_DMA_IRQHandler(&hdma_usart1_rx);
 387              		.loc 1 311 3 view .LVU38
 388 0000 0148     		ldr	r0, .L35
 389 0002 FFF7FEBF 		b	HAL_DMA_IRQHandler
 390              	.LVL6:
 391              	.L36:
 392 0006 00BF     		.align	2
 393              	.L35:
 394 0008 00000000 		.word	hdma_usart1_rx
 395              		.cfi_endproc
 396              	.LFE159:
 398              		.section	.text.EXTI9_5_IRQHandler,"ax",%progbits
 399              		.align	1
 400              		.p2align 2,,3
ARM GAS  C:\Users\l1234\AppData\Local\Temp\ccstb9ZZ.s 			page 13


 401              		.global	EXTI9_5_IRQHandler
 402              		.syntax unified
 403              		.thumb
 404              		.thumb_func
 406              	EXTI9_5_IRQHandler:
 407              	.LFB160:
 312:Core/Src/stm32h7xx_it.c ****   /* USER CODE BEGIN DMA1_Stream6_IRQn 1 */
 313:Core/Src/stm32h7xx_it.c **** 
 314:Core/Src/stm32h7xx_it.c ****   /* USER CODE END DMA1_Stream6_IRQn 1 */
 315:Core/Src/stm32h7xx_it.c **** }
 316:Core/Src/stm32h7xx_it.c **** 
 317:Core/Src/stm32h7xx_it.c **** /**
 318:Core/Src/stm32h7xx_it.c ****   * @brief This function handles EXTI line[9:5] interrupts.
 319:Core/Src/stm32h7xx_it.c ****   */
 320:Core/Src/stm32h7xx_it.c **** void EXTI9_5_IRQHandler(void)
 321:Core/Src/stm32h7xx_it.c **** {
 408              		.loc 1 321 1 view -0
 409              		.cfi_startproc
 410              		@ args = 0, pretend = 0, frame = 0
 411              		@ frame_needed = 0, uses_anonymous_args = 0
 322:Core/Src/stm32h7xx_it.c ****   /* USER CODE BEGIN EXTI9_5_IRQn 0 */
 323:Core/Src/stm32h7xx_it.c **** 
 324:Core/Src/stm32h7xx_it.c ****   /* USER CODE END EXTI9_5_IRQn 0 */
 325:Core/Src/stm32h7xx_it.c ****   HAL_GPIO_EXTI_IRQHandler(NRF24_IRQ_Pin);
 412              		.loc 1 325 3 view .LVU40
 413 0000 2020     		movs	r0, #32
 321:Core/Src/stm32h7xx_it.c ****   /* USER CODE BEGIN EXTI9_5_IRQn 0 */
 414              		.loc 1 321 1 is_stmt 0 view .LVU41
 415 0002 08B5     		push	{r3, lr}
 416              	.LCFI0:
 417              		.cfi_def_cfa_offset 8
 418              		.cfi_offset 3, -8
 419              		.cfi_offset 14, -4
 420              		.loc 1 325 3 view .LVU42
 421 0004 FFF7FEFF 		bl	HAL_GPIO_EXTI_IRQHandler
 422              	.LVL7:
 326:Core/Src/stm32h7xx_it.c ****   HAL_GPIO_EXTI_IRQHandler(GPIO_PIN_8);
 423              		.loc 1 326 3 is_stmt 1 view .LVU43
 424 0008 4FF48070 		mov	r0, #256
 327:Core/Src/stm32h7xx_it.c ****   /* USER CODE BEGIN EXTI9_5_IRQn 1 */
 328:Core/Src/stm32h7xx_it.c **** 
 329:Core/Src/stm32h7xx_it.c ****   /* USER CODE END EXTI9_5_IRQn 1 */
 330:Core/Src/stm32h7xx_it.c **** }
 425              		.loc 1 330 1 is_stmt 0 view .LVU44
 426 000c BDE80840 		pop	{r3, lr}
 427              	.LCFI1:
 428              		.cfi_restore 14
 429              		.cfi_restore 3
 430              		.cfi_def_cfa_offset 0
 326:Core/Src/stm32h7xx_it.c ****   HAL_GPIO_EXTI_IRQHandler(GPIO_PIN_8);
 431              		.loc 1 326 3 view .LVU45
 432 0010 FFF7FEBF 		b	HAL_GPIO_EXTI_IRQHandler
 433              	.LVL8:
 434              		.cfi_endproc
 435              	.LFE160:
 437              		.section	.text.TIM4_IRQHandler,"ax",%progbits
 438              		.align	1
ARM GAS  C:\Users\l1234\AppData\Local\Temp\ccstb9ZZ.s 			page 14


 439              		.p2align 2,,3
 440              		.global	TIM4_IRQHandler
 441              		.syntax unified
 442              		.thumb
 443              		.thumb_func
 445              	TIM4_IRQHandler:
 446              	.LFB161:
 331:Core/Src/stm32h7xx_it.c **** 
 332:Core/Src/stm32h7xx_it.c **** /**
 333:Core/Src/stm32h7xx_it.c ****   * @brief This function handles TIM4 global interrupt.
 334:Core/Src/stm32h7xx_it.c ****   */
 335:Core/Src/stm32h7xx_it.c **** void TIM4_IRQHandler(void)
 336:Core/Src/stm32h7xx_it.c **** {
 447              		.loc 1 336 1 is_stmt 1 view -0
 448              		.cfi_startproc
 449              		@ args = 0, pretend = 0, frame = 0
 450              		@ frame_needed = 0, uses_anonymous_args = 0
 451              		@ link register save eliminated.
 337:Core/Src/stm32h7xx_it.c ****   /* USER CODE BEGIN TIM4_IRQn 0 */
 338:Core/Src/stm32h7xx_it.c **** 
 339:Core/Src/stm32h7xx_it.c ****   /* USER CODE END TIM4_IRQn 0 */
 340:Core/Src/stm32h7xx_it.c ****   HAL_TIM_IRQHandler(&htim4);
 452              		.loc 1 340 3 view .LVU47
 453 0000 0148     		ldr	r0, .L40
 454 0002 FFF7FEBF 		b	HAL_TIM_IRQHandler
 455              	.LVL9:
 456              	.L41:
 457 0006 00BF     		.align	2
 458              	.L40:
 459 0008 00000000 		.word	htim4
 460              		.cfi_endproc
 461              	.LFE161:
 463              		.section	.text.SPI1_IRQHandler,"ax",%progbits
 464              		.align	1
 465              		.p2align 2,,3
 466              		.global	SPI1_IRQHandler
 467              		.syntax unified
 468              		.thumb
 469              		.thumb_func
 471              	SPI1_IRQHandler:
 472              	.LFB162:
 341:Core/Src/stm32h7xx_it.c ****   /* USER CODE BEGIN TIM4_IRQn 1 */
 342:Core/Src/stm32h7xx_it.c **** 
 343:Core/Src/stm32h7xx_it.c ****   /* USER CODE END TIM4_IRQn 1 */
 344:Core/Src/stm32h7xx_it.c **** }
 345:Core/Src/stm32h7xx_it.c **** 
 346:Core/Src/stm32h7xx_it.c **** /**
 347:Core/Src/stm32h7xx_it.c ****   * @brief This function handles SPI1 global interrupt.
 348:Core/Src/stm32h7xx_it.c ****   */
 349:Core/Src/stm32h7xx_it.c **** void SPI1_IRQHandler(void)
 350:Core/Src/stm32h7xx_it.c **** {
 473              		.loc 1 350 1 view -0
 474              		.cfi_startproc
 475              		@ args = 0, pretend = 0, frame = 0
 476              		@ frame_needed = 0, uses_anonymous_args = 0
 477              		@ link register save eliminated.
 351:Core/Src/stm32h7xx_it.c ****   /* USER CODE BEGIN SPI1_IRQn 0 */
ARM GAS  C:\Users\l1234\AppData\Local\Temp\ccstb9ZZ.s 			page 15


 352:Core/Src/stm32h7xx_it.c **** 
 353:Core/Src/stm32h7xx_it.c ****   /* USER CODE END SPI1_IRQn 0 */
 354:Core/Src/stm32h7xx_it.c ****   HAL_SPI_IRQHandler(&hspi1);
 478              		.loc 1 354 3 view .LVU49
 479 0000 0148     		ldr	r0, .L43
 480 0002 FFF7FEBF 		b	HAL_SPI_IRQHandler
 481              	.LVL10:
 482              	.L44:
 483 0006 00BF     		.align	2
 484              	.L43:
 485 0008 00000000 		.word	hspi1
 486              		.cfi_endproc
 487              	.LFE162:
 489              		.section	.text.USART1_IRQHandler,"ax",%progbits
 490              		.align	1
 491              		.p2align 2,,3
 492              		.global	USART1_IRQHandler
 493              		.syntax unified
 494              		.thumb
 495              		.thumb_func
 497              	USART1_IRQHandler:
 498              	.LFB163:
 355:Core/Src/stm32h7xx_it.c ****   /* USER CODE BEGIN SPI1_IRQn 1 */
 356:Core/Src/stm32h7xx_it.c **** 
 357:Core/Src/stm32h7xx_it.c ****   /* USER CODE END SPI1_IRQn 1 */
 358:Core/Src/stm32h7xx_it.c **** }
 359:Core/Src/stm32h7xx_it.c **** 
 360:Core/Src/stm32h7xx_it.c **** /**
 361:Core/Src/stm32h7xx_it.c ****   * @brief This function handles USART1 global interrupt.
 362:Core/Src/stm32h7xx_it.c ****   */
 363:Core/Src/stm32h7xx_it.c **** void USART1_IRQHandler(void)
 364:Core/Src/stm32h7xx_it.c **** {
 499              		.loc 1 364 1 view -0
 500              		.cfi_startproc
 501              		@ args = 0, pretend = 0, frame = 0
 502              		@ frame_needed = 0, uses_anonymous_args = 0
 503              		@ link register save eliminated.
 365:Core/Src/stm32h7xx_it.c ****   /* USER CODE BEGIN USART1_IRQn 0 */
 366:Core/Src/stm32h7xx_it.c **** 
 367:Core/Src/stm32h7xx_it.c ****   /* USER CODE END USART1_IRQn 0 */
 368:Core/Src/stm32h7xx_it.c ****   HAL_UART_IRQHandler(&huart1);
 504              		.loc 1 368 3 view .LVU51
 505 0000 0148     		ldr	r0, .L46
 506 0002 FFF7FEBF 		b	HAL_UART_IRQHandler
 507              	.LVL11:
 508              	.L47:
 509 0006 00BF     		.align	2
 510              	.L46:
 511 0008 00000000 		.word	huart1
 512              		.cfi_endproc
 513              	.LFE163:
 515              		.section	.text.EXTI15_10_IRQHandler,"ax",%progbits
 516              		.align	1
 517              		.p2align 2,,3
 518              		.global	EXTI15_10_IRQHandler
 519              		.syntax unified
 520              		.thumb
ARM GAS  C:\Users\l1234\AppData\Local\Temp\ccstb9ZZ.s 			page 16


 521              		.thumb_func
 523              	EXTI15_10_IRQHandler:
 524              	.LFB164:
 369:Core/Src/stm32h7xx_it.c ****   /* USER CODE BEGIN USART1_IRQn 1 */
 370:Core/Src/stm32h7xx_it.c **** 
 371:Core/Src/stm32h7xx_it.c ****   /* USER CODE END USART1_IRQn 1 */
 372:Core/Src/stm32h7xx_it.c **** }
 373:Core/Src/stm32h7xx_it.c **** 
 374:Core/Src/stm32h7xx_it.c **** /**
 375:Core/Src/stm32h7xx_it.c ****   * @brief This function handles EXTI line[15:10] interrupts.
 376:Core/Src/stm32h7xx_it.c ****   */
 377:Core/Src/stm32h7xx_it.c **** void EXTI15_10_IRQHandler(void)
 378:Core/Src/stm32h7xx_it.c **** {
 525              		.loc 1 378 1 view -0
 526              		.cfi_startproc
 527              		@ args = 0, pretend = 0, frame = 0
 528              		@ frame_needed = 0, uses_anonymous_args = 0
 379:Core/Src/stm32h7xx_it.c ****   /* USER CODE BEGIN EXTI15_10_IRQn 0 */
 380:Core/Src/stm32h7xx_it.c **** 
 381:Core/Src/stm32h7xx_it.c ****   /* USER CODE END EXTI15_10_IRQn 0 */
 382:Core/Src/stm32h7xx_it.c ****   HAL_GPIO_EXTI_IRQHandler(NRF_IRQ_Pin);
 529              		.loc 1 382 3 view .LVU53
 530 0000 4FF48040 		mov	r0, #16384
 378:Core/Src/stm32h7xx_it.c ****   /* USER CODE BEGIN EXTI15_10_IRQn 0 */
 531              		.loc 1 378 1 is_stmt 0 view .LVU54
 532 0004 08B5     		push	{r3, lr}
 533              	.LCFI2:
 534              		.cfi_def_cfa_offset 8
 535              		.cfi_offset 3, -8
 536              		.cfi_offset 14, -4
 537              		.loc 1 382 3 view .LVU55
 538 0006 FFF7FEFF 		bl	HAL_GPIO_EXTI_IRQHandler
 539              	.LVL12:
 383:Core/Src/stm32h7xx_it.c ****   HAL_GPIO_EXTI_IRQHandler(GPIO_PIN_15);
 540              		.loc 1 383 3 is_stmt 1 view .LVU56
 541 000a 4FF40040 		mov	r0, #32768
 384:Core/Src/stm32h7xx_it.c ****   /* USER CODE BEGIN EXTI15_10_IRQn 1 */
 385:Core/Src/stm32h7xx_it.c **** 
 386:Core/Src/stm32h7xx_it.c ****   /* USER CODE END EXTI15_10_IRQn 1 */
 387:Core/Src/stm32h7xx_it.c **** }
 542              		.loc 1 387 1 is_stmt 0 view .LVU57
 543 000e BDE80840 		pop	{r3, lr}
 544              	.LCFI3:
 545              		.cfi_restore 14
 546              		.cfi_restore 3
 547              		.cfi_def_cfa_offset 0
 383:Core/Src/stm32h7xx_it.c ****   HAL_GPIO_EXTI_IRQHandler(GPIO_PIN_15);
 548              		.loc 1 383 3 view .LVU58
 549 0012 FFF7FEBF 		b	HAL_GPIO_EXTI_IRQHandler
 550              	.LVL13:
 551              		.cfi_endproc
 552              	.LFE164:
 554 0016 00BF     		.section	.text.UART5_IRQHandler,"ax",%progbits
 555              		.align	1
 556              		.p2align 2,,3
 557              		.global	UART5_IRQHandler
 558              		.syntax unified
ARM GAS  C:\Users\l1234\AppData\Local\Temp\ccstb9ZZ.s 			page 17


 559              		.thumb
 560              		.thumb_func
 562              	UART5_IRQHandler:
 563              	.LFB165:
 388:Core/Src/stm32h7xx_it.c **** 
 389:Core/Src/stm32h7xx_it.c **** /**
 390:Core/Src/stm32h7xx_it.c ****   * @brief This function handles UART5 global interrupt.
 391:Core/Src/stm32h7xx_it.c ****   */
 392:Core/Src/stm32h7xx_it.c **** void UART5_IRQHandler(void)
 393:Core/Src/stm32h7xx_it.c **** {
 564              		.loc 1 393 1 is_stmt 1 view -0
 565              		.cfi_startproc
 566              		@ args = 0, pretend = 0, frame = 0
 567              		@ frame_needed = 0, uses_anonymous_args = 0
 568              		@ link register save eliminated.
 394:Core/Src/stm32h7xx_it.c ****   /* USER CODE BEGIN UART5_IRQn 0 */
 395:Core/Src/stm32h7xx_it.c **** 
 396:Core/Src/stm32h7xx_it.c ****   /* USER CODE END UART5_IRQn 0 */
 397:Core/Src/stm32h7xx_it.c ****   HAL_UART_IRQHandler(&huart5);
 569              		.loc 1 397 3 view .LVU60
 570 0000 0148     		ldr	r0, .L51
 571 0002 FFF7FEBF 		b	HAL_UART_IRQHandler
 572              	.LVL14:
 573              	.L52:
 574 0006 00BF     		.align	2
 575              	.L51:
 576 0008 00000000 		.word	huart5
 577              		.cfi_endproc
 578              	.LFE165:
 580              		.section	.text.TIM6_DAC_IRQHandler,"ax",%progbits
 581              		.align	1
 582              		.p2align 2,,3
 583              		.global	TIM6_DAC_IRQHandler
 584              		.syntax unified
 585              		.thumb
 586              		.thumb_func
 588              	TIM6_DAC_IRQHandler:
 589              	.LFB166:
 398:Core/Src/stm32h7xx_it.c ****   /* USER CODE BEGIN UART5_IRQn 1 */
 399:Core/Src/stm32h7xx_it.c **** 
 400:Core/Src/stm32h7xx_it.c ****   /* USER CODE END UART5_IRQn 1 */
 401:Core/Src/stm32h7xx_it.c **** }
 402:Core/Src/stm32h7xx_it.c **** 
 403:Core/Src/stm32h7xx_it.c **** /**
 404:Core/Src/stm32h7xx_it.c ****   * @brief This function handles TIM6 global interrupt, DAC1_CH1 and DAC1_CH2 underrun error interr
 405:Core/Src/stm32h7xx_it.c ****   */
 406:Core/Src/stm32h7xx_it.c **** void TIM6_DAC_IRQHandler(void)
 407:Core/Src/stm32h7xx_it.c **** {
 590              		.loc 1 407 1 view -0
 591              		.cfi_startproc
 592              		@ args = 0, pretend = 0, frame = 0
 593              		@ frame_needed = 0, uses_anonymous_args = 0
 594              		@ link register save eliminated.
 408:Core/Src/stm32h7xx_it.c ****   /* USER CODE BEGIN TIM6_DAC_IRQn 0 */
 409:Core/Src/stm32h7xx_it.c **** 
 410:Core/Src/stm32h7xx_it.c ****   /* USER CODE END TIM6_DAC_IRQn 0 */
 411:Core/Src/stm32h7xx_it.c ****   HAL_TIM_IRQHandler(&htim6);
ARM GAS  C:\Users\l1234\AppData\Local\Temp\ccstb9ZZ.s 			page 18


 595              		.loc 1 411 3 view .LVU62
 596 0000 0148     		ldr	r0, .L54
 597 0002 FFF7FEBF 		b	HAL_TIM_IRQHandler
 598              	.LVL15:
 599              	.L55:
 600 0006 00BF     		.align	2
 601              	.L54:
 602 0008 00000000 		.word	htim6
 603              		.cfi_endproc
 604              	.LFE166:
 606              		.section	.text.FDCAN_CAL_IRQHandler,"ax",%progbits
 607              		.align	1
 608              		.p2align 2,,3
 609              		.global	FDCAN_CAL_IRQHandler
 610              		.syntax unified
 611              		.thumb
 612              		.thumb_func
 614              	FDCAN_CAL_IRQHandler:
 615              	.LFB167:
 412:Core/Src/stm32h7xx_it.c ****   /* USER CODE BEGIN TIM6_DAC_IRQn 1 */
 413:Core/Src/stm32h7xx_it.c **** 
 414:Core/Src/stm32h7xx_it.c ****   /* USER CODE END TIM6_DAC_IRQn 1 */
 415:Core/Src/stm32h7xx_it.c **** }
 416:Core/Src/stm32h7xx_it.c **** 
 417:Core/Src/stm32h7xx_it.c **** /**
 418:Core/Src/stm32h7xx_it.c ****   * @brief This function handles FDCAN calibration unit interrupt.
 419:Core/Src/stm32h7xx_it.c ****   */
 420:Core/Src/stm32h7xx_it.c **** void FDCAN_CAL_IRQHandler(void)
 421:Core/Src/stm32h7xx_it.c **** {
 616              		.loc 1 421 1 view -0
 617              		.cfi_startproc
 618              		@ args = 0, pretend = 0, frame = 0
 619              		@ frame_needed = 0, uses_anonymous_args = 0
 422:Core/Src/stm32h7xx_it.c ****   /* USER CODE BEGIN FDCAN_CAL_IRQn 0 */
 423:Core/Src/stm32h7xx_it.c **** 
 424:Core/Src/stm32h7xx_it.c ****   /* USER CODE END FDCAN_CAL_IRQn 0 */
 425:Core/Src/stm32h7xx_it.c ****   HAL_FDCAN_IRQHandler(&hfdcan1);
 620              		.loc 1 425 3 view .LVU64
 621 0000 0448     		ldr	r0, .L58
 421:Core/Src/stm32h7xx_it.c ****   /* USER CODE BEGIN FDCAN_CAL_IRQn 0 */
 622              		.loc 1 421 1 is_stmt 0 view .LVU65
 623 0002 08B5     		push	{r3, lr}
 624              	.LCFI4:
 625              		.cfi_def_cfa_offset 8
 626              		.cfi_offset 3, -8
 627              		.cfi_offset 14, -4
 628              		.loc 1 425 3 view .LVU66
 629 0004 FFF7FEFF 		bl	HAL_FDCAN_IRQHandler
 630              	.LVL16:
 426:Core/Src/stm32h7xx_it.c ****   HAL_FDCAN_IRQHandler(&hfdcan2);
 631              		.loc 1 426 3 is_stmt 1 view .LVU67
 632 0008 0348     		ldr	r0, .L58+4
 427:Core/Src/stm32h7xx_it.c ****   /* USER CODE BEGIN FDCAN_CAL_IRQn 1 */
 428:Core/Src/stm32h7xx_it.c **** 
 429:Core/Src/stm32h7xx_it.c ****   /* USER CODE END FDCAN_CAL_IRQn 1 */
 430:Core/Src/stm32h7xx_it.c **** }
 633              		.loc 1 430 1 is_stmt 0 view .LVU68
ARM GAS  C:\Users\l1234\AppData\Local\Temp\ccstb9ZZ.s 			page 19


 634 000a BDE80840 		pop	{r3, lr}
 635              	.LCFI5:
 636              		.cfi_restore 14
 637              		.cfi_restore 3
 638              		.cfi_def_cfa_offset 0
 426:Core/Src/stm32h7xx_it.c ****   HAL_FDCAN_IRQHandler(&hfdcan2);
 639              		.loc 1 426 3 view .LVU69
 640 000e FFF7FEBF 		b	HAL_FDCAN_IRQHandler
 641              	.LVL17:
 642              	.L59:
 643 0012 00BF     		.align	2
 644              	.L58:
 645 0014 00000000 		.word	hfdcan1
 646 0018 00000000 		.word	hfdcan2
 647              		.cfi_endproc
 648              	.LFE167:
 650              		.section	.text.UART7_IRQHandler,"ax",%progbits
 651              		.align	1
 652              		.p2align 2,,3
 653              		.global	UART7_IRQHandler
 654              		.syntax unified
 655              		.thumb
 656              		.thumb_func
 658              	UART7_IRQHandler:
 659              	.LFB168:
 431:Core/Src/stm32h7xx_it.c **** 
 432:Core/Src/stm32h7xx_it.c **** /**
 433:Core/Src/stm32h7xx_it.c ****   * @brief This function handles UART7 global interrupt.
 434:Core/Src/stm32h7xx_it.c ****   */
 435:Core/Src/stm32h7xx_it.c **** void UART7_IRQHandler(void)
 436:Core/Src/stm32h7xx_it.c **** {
 660              		.loc 1 436 1 is_stmt 1 view -0
 661              		.cfi_startproc
 662              		@ args = 0, pretend = 0, frame = 0
 663              		@ frame_needed = 0, uses_anonymous_args = 0
 664              		@ link register save eliminated.
 437:Core/Src/stm32h7xx_it.c ****   /* USER CODE BEGIN UART7_IRQn 0 */
 438:Core/Src/stm32h7xx_it.c **** 
 439:Core/Src/stm32h7xx_it.c ****   /* USER CODE END UART7_IRQn 0 */
 440:Core/Src/stm32h7xx_it.c ****   HAL_UART_IRQHandler(&huart7);
 665              		.loc 1 440 3 view .LVU71
 666 0000 0148     		ldr	r0, .L61
 667 0002 FFF7FEBF 		b	HAL_UART_IRQHandler
 668              	.LVL18:
 669              	.L62:
 670 0006 00BF     		.align	2
 671              	.L61:
 672 0008 00000000 		.word	huart7
 673              		.cfi_endproc
 674              	.LFE168:
 676              		.section	.text.USART10_IRQHandler,"ax",%progbits
 677              		.align	1
 678              		.p2align 2,,3
 679              		.global	USART10_IRQHandler
 680              		.syntax unified
 681              		.thumb
 682              		.thumb_func
ARM GAS  C:\Users\l1234\AppData\Local\Temp\ccstb9ZZ.s 			page 20


 684              	USART10_IRQHandler:
 685              	.LFB169:
 441:Core/Src/stm32h7xx_it.c ****   /* USER CODE BEGIN UART7_IRQn 1 */
 442:Core/Src/stm32h7xx_it.c **** 
 443:Core/Src/stm32h7xx_it.c ****   /* USER CODE END UART7_IRQn 1 */
 444:Core/Src/stm32h7xx_it.c **** }
 445:Core/Src/stm32h7xx_it.c **** 
 446:Core/Src/stm32h7xx_it.c **** /**
 447:Core/Src/stm32h7xx_it.c ****   * @brief This function handles USART10 global interrupt.
 448:Core/Src/stm32h7xx_it.c ****   */
 449:Core/Src/stm32h7xx_it.c **** void USART10_IRQHandler(void)
 450:Core/Src/stm32h7xx_it.c **** {
 686              		.loc 1 450 1 view -0
 687              		.cfi_startproc
 688              		@ args = 0, pretend = 0, frame = 0
 689              		@ frame_needed = 0, uses_anonymous_args = 0
 690              		@ link register save eliminated.
 451:Core/Src/stm32h7xx_it.c ****   /* USER CODE BEGIN USART10_IRQn 0 */
 452:Core/Src/stm32h7xx_it.c **** 
 453:Core/Src/stm32h7xx_it.c ****   /* USER CODE END USART10_IRQn 0 */
 454:Core/Src/stm32h7xx_it.c ****   HAL_UART_IRQHandler(&huart10);
 691              		.loc 1 454 3 view .LVU73
 692 0000 0148     		ldr	r0, .L64
 693 0002 FFF7FEBF 		b	HAL_UART_IRQHandler
 694              	.LVL19:
 695              	.L65:
 696 0006 00BF     		.align	2
 697              	.L64:
 698 0008 00000000 		.word	huart10
 699              		.cfi_endproc
 700              	.LFE169:
 702              		.section	.text.FDCAN3_IT0_IRQHandler,"ax",%progbits
 703              		.align	1
 704              		.p2align 2,,3
 705              		.global	FDCAN3_IT0_IRQHandler
 706              		.syntax unified
 707              		.thumb
 708              		.thumb_func
 710              	FDCAN3_IT0_IRQHandler:
 711              	.LFB170:
 455:Core/Src/stm32h7xx_it.c ****   /* USER CODE BEGIN USART10_IRQn 1 */
 456:Core/Src/stm32h7xx_it.c **** 
 457:Core/Src/stm32h7xx_it.c ****   /* USER CODE END USART10_IRQn 1 */
 458:Core/Src/stm32h7xx_it.c **** }
 459:Core/Src/stm32h7xx_it.c **** 
 460:Core/Src/stm32h7xx_it.c **** /**
 461:Core/Src/stm32h7xx_it.c ****   * @brief This function handles FDCAN3 interrupt 0.
 462:Core/Src/stm32h7xx_it.c ****   */
 463:Core/Src/stm32h7xx_it.c **** void FDCAN3_IT0_IRQHandler(void)
 464:Core/Src/stm32h7xx_it.c **** {
 712              		.loc 1 464 1 view -0
 713              		.cfi_startproc
 714              		@ args = 0, pretend = 0, frame = 0
 715              		@ frame_needed = 0, uses_anonymous_args = 0
 716              		@ link register save eliminated.
 465:Core/Src/stm32h7xx_it.c ****   /* USER CODE BEGIN FDCAN3_IT0_IRQn 0 */
 466:Core/Src/stm32h7xx_it.c **** 
ARM GAS  C:\Users\l1234\AppData\Local\Temp\ccstb9ZZ.s 			page 21


 467:Core/Src/stm32h7xx_it.c ****   /* USER CODE END FDCAN3_IT0_IRQn 0 */
 468:Core/Src/stm32h7xx_it.c ****   HAL_FDCAN_IRQHandler(&hfdcan3);
 717              		.loc 1 468 3 view .LVU75
 718 0000 0148     		ldr	r0, .L67
 719 0002 FFF7FEBF 		b	HAL_FDCAN_IRQHandler
 720              	.LVL20:
 721              	.L68:
 722 0006 00BF     		.align	2
 723              	.L67:
 724 0008 00000000 		.word	hfdcan3
 725              		.cfi_endproc
 726              	.LFE170:
 728              		.section	.text.FDCAN3_IT1_IRQHandler,"ax",%progbits
 729              		.align	1
 730              		.p2align 2,,3
 731              		.global	FDCAN3_IT1_IRQHandler
 732              		.syntax unified
 733              		.thumb
 734              		.thumb_func
 736              	FDCAN3_IT1_IRQHandler:
 737              	.LFB180:
 738              		.cfi_startproc
 469:Core/Src/stm32h7xx_it.c ****   /* USER CODE BEGIN FDCAN3_IT0_IRQn 1 */
 470:Core/Src/stm32h7xx_it.c **** 
 471:Core/Src/stm32h7xx_it.c ****   /* USER CODE END FDCAN3_IT0_IRQn 1 */
 472:Core/Src/stm32h7xx_it.c **** }
 473:Core/Src/stm32h7xx_it.c **** 
 474:Core/Src/stm32h7xx_it.c **** /**
 475:Core/Src/stm32h7xx_it.c ****   * @brief This function handles FDCAN3 interrupt 1.
 476:Core/Src/stm32h7xx_it.c ****   */
 477:Core/Src/stm32h7xx_it.c **** void FDCAN3_IT1_IRQHandler(void)
 739              		.loc 1 477 6 view -0
 740              		@ args = 0, pretend = 0, frame = 0
 741              		@ frame_needed = 0, uses_anonymous_args = 0
 742              		@ link register save eliminated.
 743 0000 0148     		ldr	r0, .L70
 744 0002 FFF7FEBF 		b	HAL_FDCAN_IRQHandler
 745              	.L71:
 746 0006 00BF     		.align	2
 747              	.L70:
 748 0008 00000000 		.word	hfdcan3
 749              		.cfi_endproc
 750              	.LFE180:
 752              		.section	.text.TIM23_IRQHandler,"ax",%progbits
 753              		.align	1
 754              		.p2align 2,,3
 755              		.global	TIM23_IRQHandler
 756              		.syntax unified
 757              		.thumb
 758              		.thumb_func
 760              	TIM23_IRQHandler:
 761              	.LFB172:
 478:Core/Src/stm32h7xx_it.c **** {
 479:Core/Src/stm32h7xx_it.c ****   /* USER CODE BEGIN FDCAN3_IT1_IRQn 0 */
 480:Core/Src/stm32h7xx_it.c **** 
 481:Core/Src/stm32h7xx_it.c ****   /* USER CODE END FDCAN3_IT1_IRQn 0 */
 482:Core/Src/stm32h7xx_it.c ****   HAL_FDCAN_IRQHandler(&hfdcan3);
ARM GAS  C:\Users\l1234\AppData\Local\Temp\ccstb9ZZ.s 			page 22


 483:Core/Src/stm32h7xx_it.c ****   /* USER CODE BEGIN FDCAN3_IT1_IRQn 1 */
 484:Core/Src/stm32h7xx_it.c **** 
 485:Core/Src/stm32h7xx_it.c ****   /* USER CODE END FDCAN3_IT1_IRQn 1 */
 486:Core/Src/stm32h7xx_it.c **** }
 487:Core/Src/stm32h7xx_it.c **** 
 488:Core/Src/stm32h7xx_it.c **** /**
 489:Core/Src/stm32h7xx_it.c ****   * @brief This function handles TIM23 global interrupt.
 490:Core/Src/stm32h7xx_it.c ****   */
 491:Core/Src/stm32h7xx_it.c **** void TIM23_IRQHandler(void)
 492:Core/Src/stm32h7xx_it.c **** {
 762              		.loc 1 492 1 view -0
 763              		.cfi_startproc
 764              		@ args = 0, pretend = 0, frame = 0
 765              		@ frame_needed = 0, uses_anonymous_args = 0
 766              		@ link register save eliminated.
 493:Core/Src/stm32h7xx_it.c ****   /* USER CODE BEGIN TIM23_IRQn 0 */
 494:Core/Src/stm32h7xx_it.c **** 
 495:Core/Src/stm32h7xx_it.c ****   /* USER CODE END TIM23_IRQn 0 */
 496:Core/Src/stm32h7xx_it.c ****   HAL_TIM_IRQHandler(&htim23);
 767              		.loc 1 496 3 view .LVU78
 768 0000 0148     		ldr	r0, .L73
 769 0002 FFF7FEBF 		b	HAL_TIM_IRQHandler
 770              	.LVL21:
 771              	.L74:
 772 0006 00BF     		.align	2
 773              	.L73:
 774 0008 00000000 		.word	htim23
 775              		.cfi_endproc
 776              	.LFE172:
 778              		.text
 779              	.Letext0:
 780              		.file 2 "c:\\msys64\\mingw64\\arm-none-eabi\\include\\machine\\_default_types.h"
 781              		.file 3 "c:\\msys64\\mingw64\\arm-none-eabi\\include\\sys\\_stdint.h"
 782              		.file 4 "Drivers/CMSIS/Device/ST/STM32H7xx/Include/stm32h723xx.h"
 783              		.file 5 "Drivers/CMSIS/Device/ST/STM32H7xx/Include/stm32h7xx.h"
 784              		.file 6 "Drivers/STM32H7xx_HAL_Driver/Inc/stm32h7xx_hal_def.h"
 785              		.file 7 "Drivers/STM32H7xx_HAL_Driver/Inc/stm32h7xx_hal_dma.h"
 786              		.file 8 "Drivers/STM32H7xx_HAL_Driver/Inc/stm32h7xx_hal_fdcan.h"
 787              		.file 9 "Drivers/STM32H7xx_HAL_Driver/Inc/stm32h7xx_hal_spi.h"
 788              		.file 10 "Drivers/STM32H7xx_HAL_Driver/Inc/stm32h7xx_hal_tim.h"
 789              		.file 11 "Drivers/STM32H7xx_HAL_Driver/Inc/stm32h7xx_hal_uart.h"
 790              		.file 12 "Drivers/STM32H7xx_HAL_Driver/Inc/stm32h7xx_hal_gpio.h"
ARM GAS  C:\Users\l1234\AppData\Local\Temp\ccstb9ZZ.s 			page 23


DEFINED SYMBOLS
                            *ABS*:00000000 stm32h7xx_it.c
C:\Users\l1234\AppData\Local\Temp\ccstb9ZZ.s:20     .text.NMI_Handler:00000000 $t
C:\Users\l1234\AppData\Local\Temp\ccstb9ZZ.s:27     .text.NMI_Handler:00000000 NMI_Handler
C:\Users\l1234\AppData\Local\Temp\ccstb9ZZ.s:44     .text.HardFault_Handler:00000000 $t
C:\Users\l1234\AppData\Local\Temp\ccstb9ZZ.s:51     .text.HardFault_Handler:00000000 HardFault_Handler
C:\Users\l1234\AppData\Local\Temp\ccstb9ZZ.s:68     .text.MemManage_Handler:00000000 $t
C:\Users\l1234\AppData\Local\Temp\ccstb9ZZ.s:75     .text.MemManage_Handler:00000000 MemManage_Handler
C:\Users\l1234\AppData\Local\Temp\ccstb9ZZ.s:92     .text.BusFault_Handler:00000000 $t
C:\Users\l1234\AppData\Local\Temp\ccstb9ZZ.s:99     .text.BusFault_Handler:00000000 BusFault_Handler
C:\Users\l1234\AppData\Local\Temp\ccstb9ZZ.s:116    .text.UsageFault_Handler:00000000 $t
C:\Users\l1234\AppData\Local\Temp\ccstb9ZZ.s:123    .text.UsageFault_Handler:00000000 UsageFault_Handler
C:\Users\l1234\AppData\Local\Temp\ccstb9ZZ.s:140    .text.SVC_Handler:00000000 $t
C:\Users\l1234\AppData\Local\Temp\ccstb9ZZ.s:147    .text.SVC_Handler:00000000 SVC_Handler
C:\Users\l1234\AppData\Local\Temp\ccstb9ZZ.s:160    .text.DebugMon_Handler:00000000 $t
C:\Users\l1234\AppData\Local\Temp\ccstb9ZZ.s:167    .text.DebugMon_Handler:00000000 DebugMon_Handler
C:\Users\l1234\AppData\Local\Temp\ccstb9ZZ.s:179    .text.PendSV_Handler:00000000 $t
C:\Users\l1234\AppData\Local\Temp\ccstb9ZZ.s:186    .text.PendSV_Handler:00000000 PendSV_Handler
C:\Users\l1234\AppData\Local\Temp\ccstb9ZZ.s:198    .text.SysTick_Handler:00000000 $t
C:\Users\l1234\AppData\Local\Temp\ccstb9ZZ.s:205    .text.SysTick_Handler:00000000 SysTick_Handler
C:\Users\l1234\AppData\Local\Temp\ccstb9ZZ.s:217    .text.DMA1_Stream0_IRQHandler:00000000 $t
C:\Users\l1234\AppData\Local\Temp\ccstb9ZZ.s:224    .text.DMA1_Stream0_IRQHandler:00000000 DMA1_Stream0_IRQHandler
C:\Users\l1234\AppData\Local\Temp\ccstb9ZZ.s:238    .text.DMA1_Stream0_IRQHandler:00000008 $d
C:\Users\l1234\AppData\Local\Temp\ccstb9ZZ.s:243    .text.DMA1_Stream1_IRQHandler:00000000 $t
C:\Users\l1234\AppData\Local\Temp\ccstb9ZZ.s:250    .text.DMA1_Stream1_IRQHandler:00000000 DMA1_Stream1_IRQHandler
C:\Users\l1234\AppData\Local\Temp\ccstb9ZZ.s:264    .text.DMA1_Stream1_IRQHandler:00000008 $d
C:\Users\l1234\AppData\Local\Temp\ccstb9ZZ.s:269    .text.DMA1_Stream2_IRQHandler:00000000 $t
C:\Users\l1234\AppData\Local\Temp\ccstb9ZZ.s:276    .text.DMA1_Stream2_IRQHandler:00000000 DMA1_Stream2_IRQHandler
C:\Users\l1234\AppData\Local\Temp\ccstb9ZZ.s:290    .text.DMA1_Stream2_IRQHandler:00000008 $d
C:\Users\l1234\AppData\Local\Temp\ccstb9ZZ.s:295    .text.DMA1_Stream3_IRQHandler:00000000 $t
C:\Users\l1234\AppData\Local\Temp\ccstb9ZZ.s:302    .text.DMA1_Stream3_IRQHandler:00000000 DMA1_Stream3_IRQHandler
C:\Users\l1234\AppData\Local\Temp\ccstb9ZZ.s:316    .text.DMA1_Stream3_IRQHandler:00000008 $d
C:\Users\l1234\AppData\Local\Temp\ccstb9ZZ.s:321    .text.DMA1_Stream4_IRQHandler:00000000 $t
C:\Users\l1234\AppData\Local\Temp\ccstb9ZZ.s:328    .text.DMA1_Stream4_IRQHandler:00000000 DMA1_Stream4_IRQHandler
C:\Users\l1234\AppData\Local\Temp\ccstb9ZZ.s:342    .text.DMA1_Stream4_IRQHandler:00000008 $d
C:\Users\l1234\AppData\Local\Temp\ccstb9ZZ.s:347    .text.DMA1_Stream5_IRQHandler:00000000 $t
C:\Users\l1234\AppData\Local\Temp\ccstb9ZZ.s:354    .text.DMA1_Stream5_IRQHandler:00000000 DMA1_Stream5_IRQHandler
C:\Users\l1234\AppData\Local\Temp\ccstb9ZZ.s:368    .text.DMA1_Stream5_IRQHandler:00000008 $d
C:\Users\l1234\AppData\Local\Temp\ccstb9ZZ.s:373    .text.DMA1_Stream6_IRQHandler:00000000 $t
C:\Users\l1234\AppData\Local\Temp\ccstb9ZZ.s:380    .text.DMA1_Stream6_IRQHandler:00000000 DMA1_Stream6_IRQHandler
C:\Users\l1234\AppData\Local\Temp\ccstb9ZZ.s:394    .text.DMA1_Stream6_IRQHandler:00000008 $d
C:\Users\l1234\AppData\Local\Temp\ccstb9ZZ.s:399    .text.EXTI9_5_IRQHandler:00000000 $t
C:\Users\l1234\AppData\Local\Temp\ccstb9ZZ.s:406    .text.EXTI9_5_IRQHandler:00000000 EXTI9_5_IRQHandler
C:\Users\l1234\AppData\Local\Temp\ccstb9ZZ.s:438    .text.TIM4_IRQHandler:00000000 $t
C:\Users\l1234\AppData\Local\Temp\ccstb9ZZ.s:445    .text.TIM4_IRQHandler:00000000 TIM4_IRQHandler
C:\Users\l1234\AppData\Local\Temp\ccstb9ZZ.s:459    .text.TIM4_IRQHandler:00000008 $d
C:\Users\l1234\AppData\Local\Temp\ccstb9ZZ.s:464    .text.SPI1_IRQHandler:00000000 $t
C:\Users\l1234\AppData\Local\Temp\ccstb9ZZ.s:471    .text.SPI1_IRQHandler:00000000 SPI1_IRQHandler
C:\Users\l1234\AppData\Local\Temp\ccstb9ZZ.s:485    .text.SPI1_IRQHandler:00000008 $d
C:\Users\l1234\AppData\Local\Temp\ccstb9ZZ.s:490    .text.USART1_IRQHandler:00000000 $t
C:\Users\l1234\AppData\Local\Temp\ccstb9ZZ.s:497    .text.USART1_IRQHandler:00000000 USART1_IRQHandler
C:\Users\l1234\AppData\Local\Temp\ccstb9ZZ.s:511    .text.USART1_IRQHandler:00000008 $d
C:\Users\l1234\AppData\Local\Temp\ccstb9ZZ.s:516    .text.EXTI15_10_IRQHandler:00000000 $t
C:\Users\l1234\AppData\Local\Temp\ccstb9ZZ.s:523    .text.EXTI15_10_IRQHandler:00000000 EXTI15_10_IRQHandler
C:\Users\l1234\AppData\Local\Temp\ccstb9ZZ.s:555    .text.UART5_IRQHandler:00000000 $t
C:\Users\l1234\AppData\Local\Temp\ccstb9ZZ.s:562    .text.UART5_IRQHandler:00000000 UART5_IRQHandler
C:\Users\l1234\AppData\Local\Temp\ccstb9ZZ.s:576    .text.UART5_IRQHandler:00000008 $d
ARM GAS  C:\Users\l1234\AppData\Local\Temp\ccstb9ZZ.s 			page 24


C:\Users\l1234\AppData\Local\Temp\ccstb9ZZ.s:581    .text.TIM6_DAC_IRQHandler:00000000 $t
C:\Users\l1234\AppData\Local\Temp\ccstb9ZZ.s:588    .text.TIM6_DAC_IRQHandler:00000000 TIM6_DAC_IRQHandler
C:\Users\l1234\AppData\Local\Temp\ccstb9ZZ.s:602    .text.TIM6_DAC_IRQHandler:00000008 $d
C:\Users\l1234\AppData\Local\Temp\ccstb9ZZ.s:607    .text.FDCAN_CAL_IRQHandler:00000000 $t
C:\Users\l1234\AppData\Local\Temp\ccstb9ZZ.s:614    .text.FDCAN_CAL_IRQHandler:00000000 FDCAN_CAL_IRQHandler
C:\Users\l1234\AppData\Local\Temp\ccstb9ZZ.s:645    .text.FDCAN_CAL_IRQHandler:00000014 $d
C:\Users\l1234\AppData\Local\Temp\ccstb9ZZ.s:651    .text.UART7_IRQHandler:00000000 $t
C:\Users\l1234\AppData\Local\Temp\ccstb9ZZ.s:658    .text.UART7_IRQHandler:00000000 UART7_IRQHandler
C:\Users\l1234\AppData\Local\Temp\ccstb9ZZ.s:672    .text.UART7_IRQHandler:00000008 $d
C:\Users\l1234\AppData\Local\Temp\ccstb9ZZ.s:677    .text.USART10_IRQHandler:00000000 $t
C:\Users\l1234\AppData\Local\Temp\ccstb9ZZ.s:684    .text.USART10_IRQHandler:00000000 USART10_IRQHandler
C:\Users\l1234\AppData\Local\Temp\ccstb9ZZ.s:698    .text.USART10_IRQHandler:00000008 $d
C:\Users\l1234\AppData\Local\Temp\ccstb9ZZ.s:703    .text.FDCAN3_IT0_IRQHandler:00000000 $t
C:\Users\l1234\AppData\Local\Temp\ccstb9ZZ.s:710    .text.FDCAN3_IT0_IRQHandler:00000000 FDCAN3_IT0_IRQHandler
C:\Users\l1234\AppData\Local\Temp\ccstb9ZZ.s:724    .text.FDCAN3_IT0_IRQHandler:00000008 $d
C:\Users\l1234\AppData\Local\Temp\ccstb9ZZ.s:729    .text.FDCAN3_IT1_IRQHandler:00000000 $t
C:\Users\l1234\AppData\Local\Temp\ccstb9ZZ.s:736    .text.FDCAN3_IT1_IRQHandler:00000000 FDCAN3_IT1_IRQHandler
C:\Users\l1234\AppData\Local\Temp\ccstb9ZZ.s:748    .text.FDCAN3_IT1_IRQHandler:00000008 $d
C:\Users\l1234\AppData\Local\Temp\ccstb9ZZ.s:753    .text.TIM23_IRQHandler:00000000 $t
C:\Users\l1234\AppData\Local\Temp\ccstb9ZZ.s:760    .text.TIM23_IRQHandler:00000000 TIM23_IRQHandler
C:\Users\l1234\AppData\Local\Temp\ccstb9ZZ.s:774    .text.TIM23_IRQHandler:00000008 $d

UNDEFINED SYMBOLS
HAL_DMA_IRQHandler
hdma_usart10_rx
hdma_uart5_rx
hdma_uart7_rx
hdma_uart7_tx
hdma_usart10_tx
hdma_usart1_tx
hdma_usart1_rx
HAL_GPIO_EXTI_IRQHandler
HAL_TIM_IRQHandler
htim4
HAL_SPI_IRQHandler
hspi1
HAL_UART_IRQHandler
huart1
huart5
htim6
HAL_FDCAN_IRQHandler
hfdcan1
hfdcan2
huart7
huart10
hfdcan3
htim23
