ARM GAS  C:\Users\l1234\AppData\Local\Temp\cc8byU5h.s 			page 1


   1              		.cpu cortex-m7
   2              		.arch armv7e-m
   3              		.fpu fpv5-d16
   4              		.eabi_attribute 28, 1
   5              		.eabi_attribute 20, 1
   6              		.eabi_attribute 21, 1
   7              		.eabi_attribute 23, 3
   8              		.eabi_attribute 24, 1
   9              		.eabi_attribute 25, 1
  10              		.eabi_attribute 26, 1
  11              		.eabi_attribute 30, 2
  12              		.eabi_attribute 34, 1
  13              		.eabi_attribute 18, 4
  14              		.file	"syscalls.c"
  15              		.text
  16              	.Ltext0:
  17              		.cfi_sections	.debug_frame
  18              		.file 1 "Core/Src/syscalls.c"
  19              		.section	.text.initialise_monitor_handles,"ax",%progbits
  20              		.align	1
  21              		.p2align 2,,3
  22              		.global	initialise_monitor_handles
  23              		.syntax unified
  24              		.thumb
  25              		.thumb_func
  27              	initialise_monitor_handles:
  28              	.LFB25:
   1:Core/Src/syscalls.c **** /**
   2:Core/Src/syscalls.c ****  ******************************************************************************
   3:Core/Src/syscalls.c ****  * @file      syscalls.c
   4:Core/Src/syscalls.c ****  * @author    Auto-generated by STM32CubeMX
   5:Core/Src/syscalls.c ****  * @brief     Minimal System calls file
   6:Core/Src/syscalls.c ****  *
   7:Core/Src/syscalls.c ****  *            For more information about which c-functions
   8:Core/Src/syscalls.c ****  *            need which of these lowlevel functions
   9:Core/Src/syscalls.c ****  *            please consult the Newlib libc-manual
  10:Core/Src/syscalls.c ****  ******************************************************************************
  11:Core/Src/syscalls.c ****  * @attention
  12:Core/Src/syscalls.c ****  *
  13:Core/Src/syscalls.c ****  * Copyright (c) 2020-2024 STMicroelectronics.
  14:Core/Src/syscalls.c ****  * All rights reserved.
  15:Core/Src/syscalls.c ****  *
  16:Core/Src/syscalls.c ****  * This software is licensed under terms that can be found in the LICENSE file
  17:Core/Src/syscalls.c ****  * in the root directory of this software component.
  18:Core/Src/syscalls.c ****  * If no LICENSE file comes with this software, it is provided AS-IS.
  19:Core/Src/syscalls.c ****  *
  20:Core/Src/syscalls.c ****  ******************************************************************************
  21:Core/Src/syscalls.c ****  */
  22:Core/Src/syscalls.c **** 
  23:Core/Src/syscalls.c **** /* Includes */
  24:Core/Src/syscalls.c **** #include <sys/stat.h>
  25:Core/Src/syscalls.c **** #include <stdlib.h>
  26:Core/Src/syscalls.c **** #include <errno.h>
  27:Core/Src/syscalls.c **** #include <stdio.h>
  28:Core/Src/syscalls.c **** #include <signal.h>
  29:Core/Src/syscalls.c **** #include <time.h>
  30:Core/Src/syscalls.c **** #include <sys/time.h>
ARM GAS  C:\Users\l1234\AppData\Local\Temp\cc8byU5h.s 			page 2


  31:Core/Src/syscalls.c **** #include <sys/times.h>
  32:Core/Src/syscalls.c **** 
  33:Core/Src/syscalls.c **** 
  34:Core/Src/syscalls.c **** /* Variables */
  35:Core/Src/syscalls.c **** extern int __io_putchar(int ch) __attribute__((weak));
  36:Core/Src/syscalls.c **** extern int __io_getchar(void) __attribute__((weak));
  37:Core/Src/syscalls.c **** 
  38:Core/Src/syscalls.c **** 
  39:Core/Src/syscalls.c **** char *__env[1] = { 0 };
  40:Core/Src/syscalls.c **** char **environ = __env;
  41:Core/Src/syscalls.c **** 
  42:Core/Src/syscalls.c **** 
  43:Core/Src/syscalls.c **** /* Functions */
  44:Core/Src/syscalls.c **** void initialise_monitor_handles()
  45:Core/Src/syscalls.c **** {
  29              		.loc 1 45 1 view -0
  30              		.cfi_startproc
  31              		@ args = 0, pretend = 0, frame = 0
  32              		@ frame_needed = 0, uses_anonymous_args = 0
  33              		@ link register save eliminated.
  46:Core/Src/syscalls.c **** }
  34              		.loc 1 46 1 view .LVU1
  35 0000 7047     		bx	lr
  36              		.cfi_endproc
  37              	.LFE25:
  39 0002 00BF     		.section	.text._getpid,"ax",%progbits
  40              		.align	1
  41              		.p2align 2,,3
  42              		.global	_getpid
  43              		.syntax unified
  44              		.thumb
  45              		.thumb_func
  47              	_getpid:
  48              	.LFB26:
  47:Core/Src/syscalls.c **** 
  48:Core/Src/syscalls.c **** int _getpid(void)
  49:Core/Src/syscalls.c **** {
  49              		.loc 1 49 1 view -0
  50              		.cfi_startproc
  51              		@ args = 0, pretend = 0, frame = 0
  52              		@ frame_needed = 0, uses_anonymous_args = 0
  53              		@ link register save eliminated.
  50:Core/Src/syscalls.c ****   return 1;
  54              		.loc 1 50 3 view .LVU3
  51:Core/Src/syscalls.c **** }
  55              		.loc 1 51 1 is_stmt 0 view .LVU4
  56 0000 0120     		movs	r0, #1
  57 0002 7047     		bx	lr
  58              		.cfi_endproc
  59              	.LFE26:
  61              		.section	.text._kill,"ax",%progbits
  62              		.align	1
  63              		.p2align 2,,3
  64              		.global	_kill
  65              		.syntax unified
  66              		.thumb
  67              		.thumb_func
ARM GAS  C:\Users\l1234\AppData\Local\Temp\cc8byU5h.s 			page 3


  69              	_kill:
  70              	.LVL0:
  71              	.LFB27:
  52:Core/Src/syscalls.c **** 
  53:Core/Src/syscalls.c **** int _kill(int pid, int sig)
  54:Core/Src/syscalls.c **** {
  72              		.loc 1 54 1 is_stmt 1 view -0
  73              		.cfi_startproc
  74              		@ args = 0, pretend = 0, frame = 0
  75              		@ frame_needed = 0, uses_anonymous_args = 0
  55:Core/Src/syscalls.c ****   (void)pid;
  76              		.loc 1 55 3 view .LVU6
  56:Core/Src/syscalls.c ****   (void)sig;
  77              		.loc 1 56 3 view .LVU7
  57:Core/Src/syscalls.c ****   errno = EINVAL;
  78              		.loc 1 57 3 view .LVU8
  54:Core/Src/syscalls.c ****   (void)pid;
  79              		.loc 1 54 1 is_stmt 0 view .LVU9
  80 0000 08B5     		push	{r3, lr}
  81              	.LCFI0:
  82              		.cfi_def_cfa_offset 8
  83              		.cfi_offset 3, -8
  84              		.cfi_offset 14, -4
  85              		.loc 1 57 3 view .LVU10
  86 0002 FFF7FEFF 		bl	__errno
  87              	.LVL1:
  88              		.loc 1 57 9 view .LVU11
  89 0006 1622     		movs	r2, #22
  90              		.loc 1 57 3 view .LVU12
  91 0008 0346     		mov	r3, r0
  58:Core/Src/syscalls.c ****   return -1;
  59:Core/Src/syscalls.c **** }
  92              		.loc 1 59 1 view .LVU13
  93 000a 4FF0FF30 		mov	r0, #-1
  57:Core/Src/syscalls.c ****   return -1;
  94              		.loc 1 57 9 view .LVU14
  95 000e 1A60     		str	r2, [r3]
  58:Core/Src/syscalls.c ****   return -1;
  96              		.loc 1 58 3 is_stmt 1 view .LVU15
  97              		.loc 1 59 1 is_stmt 0 view .LVU16
  98 0010 08BD     		pop	{r3, pc}
  99              		.cfi_endproc
 100              	.LFE27:
 102 0012 00BF     		.section	.text._exit,"ax",%progbits
 103              		.align	1
 104              		.p2align 2,,3
 105              		.global	_exit
 106              		.syntax unified
 107              		.thumb
 108              		.thumb_func
 110              	_exit:
 111              	.LVL2:
 112              	.LFB28:
  60:Core/Src/syscalls.c **** 
  61:Core/Src/syscalls.c **** void _exit (int status)
  62:Core/Src/syscalls.c **** {
 113              		.loc 1 62 1 is_stmt 1 view -0
ARM GAS  C:\Users\l1234\AppData\Local\Temp\cc8byU5h.s 			page 4


 114              		.cfi_startproc
 115              		@ Volatile: function does not return.
 116              		@ args = 0, pretend = 0, frame = 0
 117              		@ frame_needed = 0, uses_anonymous_args = 0
  63:Core/Src/syscalls.c ****   _kill(status, -1);
 118              		.loc 1 63 3 view .LVU18
 119              	.LBB4:
 120              	.LBI4:
  53:Core/Src/syscalls.c **** {
 121              		.loc 1 53 5 view .LVU19
 122              	.LBB5:
  55:Core/Src/syscalls.c ****   (void)sig;
 123              		.loc 1 55 3 view .LVU20
  56:Core/Src/syscalls.c ****   errno = EINVAL;
 124              		.loc 1 56 3 view .LVU21
  57:Core/Src/syscalls.c ****   return -1;
 125              		.loc 1 57 3 view .LVU22
 126              	.LBE5:
 127              	.LBE4:
  62:Core/Src/syscalls.c ****   _kill(status, -1);
 128              		.loc 1 62 1 is_stmt 0 view .LVU23
 129 0000 08B5     		push	{r3, lr}
 130              	.LCFI1:
 131              		.cfi_def_cfa_offset 8
 132              		.cfi_offset 3, -8
 133              		.cfi_offset 14, -4
 134              	.LBB7:
 135              	.LBB6:
  57:Core/Src/syscalls.c ****   return -1;
 136              		.loc 1 57 3 view .LVU24
 137 0002 FFF7FEFF 		bl	__errno
 138              	.LVL3:
  57:Core/Src/syscalls.c ****   return -1;
 139              		.loc 1 57 9 view .LVU25
 140 0006 1623     		movs	r3, #22
 141 0008 0360     		str	r3, [r0]
  58:Core/Src/syscalls.c **** }
 142              		.loc 1 58 3 is_stmt 1 view .LVU26
 143              	.LVL4:
 144              	.L7:
  58:Core/Src/syscalls.c **** }
 145              		.loc 1 58 3 is_stmt 0 view .LVU27
 146              	.LBE6:
 147              	.LBE7:
  64:Core/Src/syscalls.c ****   while (1) {}    /* Make sure we hang here */
 148              		.loc 1 64 3 is_stmt 1 discriminator 1 view .LVU28
 149              		.loc 1 64 14 discriminator 1 view .LVU29
 150              		.loc 1 64 9 discriminator 1 view .LVU30
 151              		.loc 1 64 3 discriminator 1 view .LVU31
 152              		.loc 1 64 14 discriminator 1 view .LVU32
 153              		.loc 1 64 9 discriminator 1 view .LVU33
 154 000a FEE7     		b	.L7
 155              		.cfi_endproc
 156              	.LFE28:
 158              		.section	.text._read,"ax",%progbits
 159              		.align	1
 160              		.p2align 2,,3
ARM GAS  C:\Users\l1234\AppData\Local\Temp\cc8byU5h.s 			page 5


 161              		.weak	_read
 162              		.syntax unified
 163              		.thumb
 164              		.thumb_func
 166              	_read:
 167              	.LVL5:
 168              	.LFB29:
  65:Core/Src/syscalls.c **** }
  66:Core/Src/syscalls.c **** 
  67:Core/Src/syscalls.c **** __attribute__((weak)) int _read(int file, char *ptr, int len)
  68:Core/Src/syscalls.c **** {
 169              		.loc 1 68 1 view -0
 170              		.cfi_startproc
 171              		@ args = 0, pretend = 0, frame = 0
 172              		@ frame_needed = 0, uses_anonymous_args = 0
  69:Core/Src/syscalls.c ****   (void)file;
 173              		.loc 1 69 3 view .LVU35
  70:Core/Src/syscalls.c ****   int DataIdx;
 174              		.loc 1 70 3 view .LVU36
  71:Core/Src/syscalls.c **** 
  72:Core/Src/syscalls.c ****   for (DataIdx = 0; DataIdx < len; DataIdx++)
 175              		.loc 1 72 3 view .LVU37
 176              		.loc 1 72 29 view .LVU38
  68:Core/Src/syscalls.c ****   (void)file;
 177              		.loc 1 68 1 is_stmt 0 view .LVU39
 178 0000 70B5     		push	{r4, r5, r6, lr}
 179              	.LCFI2:
 180              		.cfi_def_cfa_offset 16
 181              		.cfi_offset 4, -16
 182              		.cfi_offset 5, -12
 183              		.cfi_offset 6, -8
 184              		.cfi_offset 14, -4
 185              		.loc 1 72 29 view .LVU40
 186 0002 161E     		subs	r6, r2, #0
 187 0004 07DD     		ble	.L10
 188 0006 0C46     		mov	r4, r1
 189 0008 8D19     		adds	r5, r1, r6
 190              	.LVL6:
 191              	.L11:
  73:Core/Src/syscalls.c ****   {
  74:Core/Src/syscalls.c ****     *ptr++ = __io_getchar();
 192              		.loc 1 74 5 is_stmt 1 discriminator 3 view .LVU41
 193              		.loc 1 74 14 is_stmt 0 discriminator 3 view .LVU42
 194 000a FFF7FEFF 		bl	__io_getchar
 195              	.LVL7:
 196              		.loc 1 74 12 discriminator 3 view .LVU43
 197 000e 04F8010B 		strb	r0, [r4], #1
 198              	.LVL8:
  72:Core/Src/syscalls.c ****   {
 199              		.loc 1 72 43 is_stmt 1 discriminator 3 view .LVU44
  72:Core/Src/syscalls.c ****   {
 200              		.loc 1 72 29 discriminator 3 view .LVU45
 201 0012 A542     		cmp	r5, r4
 202 0014 F9D1     		bne	.L11
 203              	.LVL9:
 204              	.L10:
  75:Core/Src/syscalls.c ****   }
ARM GAS  C:\Users\l1234\AppData\Local\Temp\cc8byU5h.s 			page 6


  76:Core/Src/syscalls.c **** 
  77:Core/Src/syscalls.c ****   return len;
 205              		.loc 1 77 3 view .LVU46
  78:Core/Src/syscalls.c **** }
 206              		.loc 1 78 1 is_stmt 0 view .LVU47
 207 0016 3046     		mov	r0, r6
 208 0018 70BD     		pop	{r4, r5, r6, pc}
 209              		.loc 1 78 1 view .LVU48
 210              		.cfi_endproc
 211              	.LFE29:
 213 001a 00BF     		.section	.text._write,"ax",%progbits
 214              		.align	1
 215              		.p2align 2,,3
 216              		.weak	_write
 217              		.syntax unified
 218              		.thumb
 219              		.thumb_func
 221              	_write:
 222              	.LVL10:
 223              	.LFB30:
  79:Core/Src/syscalls.c **** 
  80:Core/Src/syscalls.c **** __attribute__((weak)) int _write(int file, char *ptr, int len)
  81:Core/Src/syscalls.c **** {
 224              		.loc 1 81 1 is_stmt 1 view -0
 225              		.cfi_startproc
 226              		@ args = 0, pretend = 0, frame = 0
 227              		@ frame_needed = 0, uses_anonymous_args = 0
  82:Core/Src/syscalls.c ****   (void)file;
 228              		.loc 1 82 3 view .LVU50
  83:Core/Src/syscalls.c ****   int DataIdx;
 229              		.loc 1 83 3 view .LVU51
  84:Core/Src/syscalls.c **** 
  85:Core/Src/syscalls.c ****   for (DataIdx = 0; DataIdx < len; DataIdx++)
 230              		.loc 1 85 3 view .LVU52
 231              		.loc 1 85 29 view .LVU53
  81:Core/Src/syscalls.c ****   (void)file;
 232              		.loc 1 81 1 is_stmt 0 view .LVU54
 233 0000 70B5     		push	{r4, r5, r6, lr}
 234              	.LCFI3:
 235              		.cfi_def_cfa_offset 16
 236              		.cfi_offset 4, -16
 237              		.cfi_offset 5, -12
 238              		.cfi_offset 6, -8
 239              		.cfi_offset 14, -4
 240              		.loc 1 85 29 view .LVU55
 241 0002 161E     		subs	r6, r2, #0
 242 0004 07DD     		ble	.L15
 243 0006 0C46     		mov	r4, r1
 244 0008 8D19     		adds	r5, r1, r6
 245              	.LVL11:
 246              	.L16:
  86:Core/Src/syscalls.c ****   {
  87:Core/Src/syscalls.c ****     __io_putchar(*ptr++);
 247              		.loc 1 87 5 is_stmt 1 discriminator 3 view .LVU56
 248              		.loc 1 87 5 is_stmt 0 discriminator 3 view .LVU57
 249 000a 14F8010B 		ldrb	r0, [r4], #1	@ zero_extendqisi2
 250              	.LVL12:
ARM GAS  C:\Users\l1234\AppData\Local\Temp\cc8byU5h.s 			page 7


 251              		.loc 1 87 5 discriminator 3 view .LVU58
 252 000e FFF7FEFF 		bl	__io_putchar
 253              	.LVL13:
  85:Core/Src/syscalls.c ****   {
 254              		.loc 1 85 43 is_stmt 1 discriminator 3 view .LVU59
  85:Core/Src/syscalls.c ****   {
 255              		.loc 1 85 29 discriminator 3 view .LVU60
 256 0012 AC42     		cmp	r4, r5
 257 0014 F9D1     		bne	.L16
 258              	.LVL14:
 259              	.L15:
  88:Core/Src/syscalls.c ****   }
  89:Core/Src/syscalls.c ****   return len;
 260              		.loc 1 89 3 view .LVU61
  90:Core/Src/syscalls.c **** }
 261              		.loc 1 90 1 is_stmt 0 view .LVU62
 262 0016 3046     		mov	r0, r6
 263 0018 70BD     		pop	{r4, r5, r6, pc}
 264              		.loc 1 90 1 view .LVU63
 265              		.cfi_endproc
 266              	.LFE30:
 268 001a 00BF     		.section	.text._close,"ax",%progbits
 269              		.align	1
 270              		.p2align 2,,3
 271              		.global	_close
 272              		.syntax unified
 273              		.thumb
 274              		.thumb_func
 276              	_close:
 277              	.LVL15:
 278              	.LFB31:
  91:Core/Src/syscalls.c **** 
  92:Core/Src/syscalls.c **** int _close(int file)
  93:Core/Src/syscalls.c **** {
 279              		.loc 1 93 1 is_stmt 1 view -0
 280              		.cfi_startproc
 281              		@ args = 0, pretend = 0, frame = 0
 282              		@ frame_needed = 0, uses_anonymous_args = 0
 283              		@ link register save eliminated.
  94:Core/Src/syscalls.c ****   (void)file;
 284              		.loc 1 94 3 view .LVU65
  95:Core/Src/syscalls.c ****   return -1;
 285              		.loc 1 95 3 view .LVU66
  96:Core/Src/syscalls.c **** }
 286              		.loc 1 96 1 is_stmt 0 view .LVU67
 287 0000 4FF0FF30 		mov	r0, #-1
 288              	.LVL16:
 289              		.loc 1 96 1 view .LVU68
 290 0004 7047     		bx	lr
 291              		.cfi_endproc
 292              	.LFE31:
 294 0006 00BF     		.section	.text._fstat,"ax",%progbits
 295              		.align	1
 296              		.p2align 2,,3
 297              		.global	_fstat
 298              		.syntax unified
 299              		.thumb
ARM GAS  C:\Users\l1234\AppData\Local\Temp\cc8byU5h.s 			page 8


 300              		.thumb_func
 302              	_fstat:
 303              	.LVL17:
 304              	.LFB32:
  97:Core/Src/syscalls.c **** 
  98:Core/Src/syscalls.c **** 
  99:Core/Src/syscalls.c **** int _fstat(int file, struct stat *st)
 100:Core/Src/syscalls.c **** {
 305              		.loc 1 100 1 is_stmt 1 view -0
 306              		.cfi_startproc
 307              		@ args = 0, pretend = 0, frame = 0
 308              		@ frame_needed = 0, uses_anonymous_args = 0
 309              		@ link register save eliminated.
 101:Core/Src/syscalls.c ****   (void)file;
 310              		.loc 1 101 3 view .LVU70
 102:Core/Src/syscalls.c ****   st->st_mode = S_IFCHR;
 311              		.loc 1 102 3 view .LVU71
 312              		.loc 1 102 15 is_stmt 0 view .LVU72
 313 0000 4FF40053 		mov	r3, #8192
 103:Core/Src/syscalls.c ****   return 0;
 104:Core/Src/syscalls.c **** }
 314              		.loc 1 104 1 view .LVU73
 315 0004 0020     		movs	r0, #0
 316              	.LVL18:
 102:Core/Src/syscalls.c ****   st->st_mode = S_IFCHR;
 317              		.loc 1 102 15 view .LVU74
 318 0006 4B60     		str	r3, [r1, #4]
 103:Core/Src/syscalls.c ****   return 0;
 319              		.loc 1 103 3 is_stmt 1 view .LVU75
 320              		.loc 1 104 1 is_stmt 0 view .LVU76
 321 0008 7047     		bx	lr
 322              		.cfi_endproc
 323              	.LFE32:
 325 000a 00BF     		.section	.text._isatty,"ax",%progbits
 326              		.align	1
 327              		.p2align 2,,3
 328              		.global	_isatty
 329              		.syntax unified
 330              		.thumb
 331              		.thumb_func
 333              	_isatty:
 334              	.LVL19:
 335              	.LFB33:
 105:Core/Src/syscalls.c **** 
 106:Core/Src/syscalls.c **** int _isatty(int file)
 107:Core/Src/syscalls.c **** {
 336              		.loc 1 107 1 is_stmt 1 view -0
 337              		.cfi_startproc
 338              		@ args = 0, pretend = 0, frame = 0
 339              		@ frame_needed = 0, uses_anonymous_args = 0
 340              		@ link register save eliminated.
 108:Core/Src/syscalls.c ****   (void)file;
 341              		.loc 1 108 3 view .LVU78
 109:Core/Src/syscalls.c ****   return 1;
 342              		.loc 1 109 3 view .LVU79
 110:Core/Src/syscalls.c **** }
 343              		.loc 1 110 1 is_stmt 0 view .LVU80
ARM GAS  C:\Users\l1234\AppData\Local\Temp\cc8byU5h.s 			page 9


 344 0000 0120     		movs	r0, #1
 345              	.LVL20:
 346              		.loc 1 110 1 view .LVU81
 347 0002 7047     		bx	lr
 348              		.cfi_endproc
 349              	.LFE33:
 351              		.section	.text._lseek,"ax",%progbits
 352              		.align	1
 353              		.p2align 2,,3
 354              		.global	_lseek
 355              		.syntax unified
 356              		.thumb
 357              		.thumb_func
 359              	_lseek:
 360              	.LVL21:
 361              	.LFB34:
 111:Core/Src/syscalls.c **** 
 112:Core/Src/syscalls.c **** int _lseek(int file, int ptr, int dir)
 113:Core/Src/syscalls.c **** {
 362              		.loc 1 113 1 is_stmt 1 view -0
 363              		.cfi_startproc
 364              		@ args = 0, pretend = 0, frame = 0
 365              		@ frame_needed = 0, uses_anonymous_args = 0
 366              		@ link register save eliminated.
 114:Core/Src/syscalls.c ****   (void)file;
 367              		.loc 1 114 3 view .LVU83
 115:Core/Src/syscalls.c ****   (void)ptr;
 368              		.loc 1 115 3 view .LVU84
 116:Core/Src/syscalls.c ****   (void)dir;
 369              		.loc 1 116 3 view .LVU85
 117:Core/Src/syscalls.c ****   return 0;
 370              		.loc 1 117 3 view .LVU86
 118:Core/Src/syscalls.c **** }
 371              		.loc 1 118 1 is_stmt 0 view .LVU87
 372 0000 0020     		movs	r0, #0
 373              	.LVL22:
 374              		.loc 1 118 1 view .LVU88
 375 0002 7047     		bx	lr
 376              		.cfi_endproc
 377              	.LFE34:
 379              		.section	.text._open,"ax",%progbits
 380              		.align	1
 381              		.p2align 2,,3
 382              		.global	_open
 383              		.syntax unified
 384              		.thumb
 385              		.thumb_func
 387              	_open:
 388              	.LVL23:
 389              	.LFB35:
 119:Core/Src/syscalls.c **** 
 120:Core/Src/syscalls.c **** int _open(char *path, int flags, ...)
 121:Core/Src/syscalls.c **** {
 390              		.loc 1 121 1 is_stmt 1 view -0
 391              		.cfi_startproc
 392              		@ args = 4, pretend = 12, frame = 0
 393              		@ frame_needed = 0, uses_anonymous_args = 1
ARM GAS  C:\Users\l1234\AppData\Local\Temp\cc8byU5h.s 			page 10


 394              		@ link register save eliminated.
 122:Core/Src/syscalls.c ****   (void)path;
 395              		.loc 1 122 3 view .LVU90
 123:Core/Src/syscalls.c ****   (void)flags;
 396              		.loc 1 123 3 view .LVU91
 124:Core/Src/syscalls.c ****   /* Pretend like we always fail */
 125:Core/Src/syscalls.c ****   return -1;
 397              		.loc 1 125 3 view .LVU92
 126:Core/Src/syscalls.c **** }
 398              		.loc 1 126 1 is_stmt 0 view .LVU93
 399 0000 4FF0FF30 		mov	r0, #-1
 400              	.LVL24:
 121:Core/Src/syscalls.c ****   (void)path;
 401              		.loc 1 121 1 view .LVU94
 402 0004 0EB4     		push	{r1, r2, r3}
 403              	.LCFI4:
 404              		.cfi_def_cfa_offset 12
 405              		.cfi_offset 1, -12
 406              		.cfi_offset 2, -8
 407              		.cfi_offset 3, -4
 408              		.loc 1 126 1 view .LVU95
 409 0006 03B0     		add	sp, sp, #12
 410              	.LCFI5:
 411              		.cfi_restore 3
 412              		.cfi_restore 2
 413              		.cfi_restore 1
 414              		.cfi_def_cfa_offset 0
 415 0008 7047     		bx	lr
 416              		.cfi_endproc
 417              	.LFE35:
 419 000a 00BF     		.section	.text._wait,"ax",%progbits
 420              		.align	1
 421              		.p2align 2,,3
 422              		.global	_wait
 423              		.syntax unified
 424              		.thumb
 425              		.thumb_func
 427              	_wait:
 428              	.LVL25:
 429              	.LFB36:
 127:Core/Src/syscalls.c **** 
 128:Core/Src/syscalls.c **** int _wait(int *status)
 129:Core/Src/syscalls.c **** {
 430              		.loc 1 129 1 is_stmt 1 view -0
 431              		.cfi_startproc
 432              		@ args = 0, pretend = 0, frame = 0
 433              		@ frame_needed = 0, uses_anonymous_args = 0
 130:Core/Src/syscalls.c ****   (void)status;
 434              		.loc 1 130 3 view .LVU97
 131:Core/Src/syscalls.c ****   errno = ECHILD;
 435              		.loc 1 131 3 view .LVU98
 129:Core/Src/syscalls.c ****   (void)status;
 436              		.loc 1 129 1 is_stmt 0 view .LVU99
 437 0000 08B5     		push	{r3, lr}
 438              	.LCFI6:
 439              		.cfi_def_cfa_offset 8
 440              		.cfi_offset 3, -8
ARM GAS  C:\Users\l1234\AppData\Local\Temp\cc8byU5h.s 			page 11


 441              		.cfi_offset 14, -4
 442              		.loc 1 131 3 view .LVU100
 443 0002 FFF7FEFF 		bl	__errno
 444              	.LVL26:
 445              		.loc 1 131 9 view .LVU101
 446 0006 0A22     		movs	r2, #10
 447              		.loc 1 131 3 view .LVU102
 448 0008 0346     		mov	r3, r0
 132:Core/Src/syscalls.c ****   return -1;
 133:Core/Src/syscalls.c **** }
 449              		.loc 1 133 1 view .LVU103
 450 000a 4FF0FF30 		mov	r0, #-1
 131:Core/Src/syscalls.c ****   return -1;
 451              		.loc 1 131 9 view .LVU104
 452 000e 1A60     		str	r2, [r3]
 132:Core/Src/syscalls.c ****   return -1;
 453              		.loc 1 132 3 is_stmt 1 view .LVU105
 454              		.loc 1 133 1 is_stmt 0 view .LVU106
 455 0010 08BD     		pop	{r3, pc}
 456              		.cfi_endproc
 457              	.LFE36:
 459 0012 00BF     		.section	.text._unlink,"ax",%progbits
 460              		.align	1
 461              		.p2align 2,,3
 462              		.global	_unlink
 463              		.syntax unified
 464              		.thumb
 465              		.thumb_func
 467              	_unlink:
 468              	.LVL27:
 469              	.LFB37:
 134:Core/Src/syscalls.c **** 
 135:Core/Src/syscalls.c **** int _unlink(char *name)
 136:Core/Src/syscalls.c **** {
 470              		.loc 1 136 1 is_stmt 1 view -0
 471              		.cfi_startproc
 472              		@ args = 0, pretend = 0, frame = 0
 473              		@ frame_needed = 0, uses_anonymous_args = 0
 137:Core/Src/syscalls.c ****   (void)name;
 474              		.loc 1 137 3 view .LVU108
 138:Core/Src/syscalls.c ****   errno = ENOENT;
 475              		.loc 1 138 3 view .LVU109
 136:Core/Src/syscalls.c ****   (void)name;
 476              		.loc 1 136 1 is_stmt 0 view .LVU110
 477 0000 08B5     		push	{r3, lr}
 478              	.LCFI7:
 479              		.cfi_def_cfa_offset 8
 480              		.cfi_offset 3, -8
 481              		.cfi_offset 14, -4
 482              		.loc 1 138 3 view .LVU111
 483 0002 FFF7FEFF 		bl	__errno
 484              	.LVL28:
 485              		.loc 1 138 9 view .LVU112
 486 0006 0222     		movs	r2, #2
 487              		.loc 1 138 3 view .LVU113
 488 0008 0346     		mov	r3, r0
 139:Core/Src/syscalls.c ****   return -1;
ARM GAS  C:\Users\l1234\AppData\Local\Temp\cc8byU5h.s 			page 12


 140:Core/Src/syscalls.c **** }
 489              		.loc 1 140 1 view .LVU114
 490 000a 4FF0FF30 		mov	r0, #-1
 138:Core/Src/syscalls.c ****   return -1;
 491              		.loc 1 138 9 view .LVU115
 492 000e 1A60     		str	r2, [r3]
 139:Core/Src/syscalls.c ****   return -1;
 493              		.loc 1 139 3 is_stmt 1 view .LVU116
 494              		.loc 1 140 1 is_stmt 0 view .LVU117
 495 0010 08BD     		pop	{r3, pc}
 496              		.cfi_endproc
 497              	.LFE37:
 499 0012 00BF     		.section	.text._times,"ax",%progbits
 500              		.align	1
 501              		.p2align 2,,3
 502              		.global	_times
 503              		.syntax unified
 504              		.thumb
 505              		.thumb_func
 507              	_times:
 508              	.LVL29:
 509              	.LFB38:
 141:Core/Src/syscalls.c **** 
 142:Core/Src/syscalls.c **** int _times(struct tms *buf)
 143:Core/Src/syscalls.c **** {
 510              		.loc 1 143 1 is_stmt 1 view -0
 511              		.cfi_startproc
 512              		@ args = 0, pretend = 0, frame = 0
 513              		@ frame_needed = 0, uses_anonymous_args = 0
 514              		@ link register save eliminated.
 144:Core/Src/syscalls.c ****   (void)buf;
 515              		.loc 1 144 3 view .LVU119
 145:Core/Src/syscalls.c ****   return -1;
 516              		.loc 1 145 3 view .LVU120
 146:Core/Src/syscalls.c **** }
 517              		.loc 1 146 1 is_stmt 0 view .LVU121
 518 0000 4FF0FF30 		mov	r0, #-1
 519              	.LVL30:
 520              		.loc 1 146 1 view .LVU122
 521 0004 7047     		bx	lr
 522              		.cfi_endproc
 523              	.LFE38:
 525 0006 00BF     		.section	.text._stat,"ax",%progbits
 526              		.align	1
 527              		.p2align 2,,3
 528              		.global	_stat
 529              		.syntax unified
 530              		.thumb
 531              		.thumb_func
 533              	_stat:
 534              	.LVL31:
 535              	.LFB39:
 147:Core/Src/syscalls.c **** 
 148:Core/Src/syscalls.c **** int _stat(char *file, struct stat *st)
 149:Core/Src/syscalls.c **** {
 536              		.loc 1 149 1 is_stmt 1 view -0
 537              		.cfi_startproc
ARM GAS  C:\Users\l1234\AppData\Local\Temp\cc8byU5h.s 			page 13


 538              		@ args = 0, pretend = 0, frame = 0
 539              		@ frame_needed = 0, uses_anonymous_args = 0
 540              		@ link register save eliminated.
 150:Core/Src/syscalls.c ****   (void)file;
 541              		.loc 1 150 3 view .LVU124
 151:Core/Src/syscalls.c ****   st->st_mode = S_IFCHR;
 542              		.loc 1 151 3 view .LVU125
 543              		.loc 1 151 15 is_stmt 0 view .LVU126
 544 0000 4FF40053 		mov	r3, #8192
 152:Core/Src/syscalls.c ****   return 0;
 153:Core/Src/syscalls.c **** }
 545              		.loc 1 153 1 view .LVU127
 546 0004 0020     		movs	r0, #0
 547              	.LVL32:
 151:Core/Src/syscalls.c ****   st->st_mode = S_IFCHR;
 548              		.loc 1 151 15 view .LVU128
 549 0006 4B60     		str	r3, [r1, #4]
 152:Core/Src/syscalls.c ****   return 0;
 550              		.loc 1 152 3 is_stmt 1 view .LVU129
 551              		.loc 1 153 1 is_stmt 0 view .LVU130
 552 0008 7047     		bx	lr
 553              		.cfi_endproc
 554              	.LFE39:
 556 000a 00BF     		.section	.text._link,"ax",%progbits
 557              		.align	1
 558              		.p2align 2,,3
 559              		.global	_link
 560              		.syntax unified
 561              		.thumb
 562              		.thumb_func
 564              	_link:
 565              	.LVL33:
 566              	.LFB40:
 154:Core/Src/syscalls.c **** 
 155:Core/Src/syscalls.c **** int _link(char *old, char *new)
 156:Core/Src/syscalls.c **** {
 567              		.loc 1 156 1 is_stmt 1 view -0
 568              		.cfi_startproc
 569              		@ args = 0, pretend = 0, frame = 0
 570              		@ frame_needed = 0, uses_anonymous_args = 0
 157:Core/Src/syscalls.c ****   (void)old;
 571              		.loc 1 157 3 view .LVU132
 158:Core/Src/syscalls.c ****   (void)new;
 572              		.loc 1 158 3 view .LVU133
 159:Core/Src/syscalls.c ****   errno = EMLINK;
 573              		.loc 1 159 3 view .LVU134
 156:Core/Src/syscalls.c ****   (void)old;
 574              		.loc 1 156 1 is_stmt 0 view .LVU135
 575 0000 08B5     		push	{r3, lr}
 576              	.LCFI8:
 577              		.cfi_def_cfa_offset 8
 578              		.cfi_offset 3, -8
 579              		.cfi_offset 14, -4
 580              		.loc 1 159 3 view .LVU136
 581 0002 FFF7FEFF 		bl	__errno
 582              	.LVL34:
 583              		.loc 1 159 9 view .LVU137
ARM GAS  C:\Users\l1234\AppData\Local\Temp\cc8byU5h.s 			page 14


 584 0006 1F22     		movs	r2, #31
 585              		.loc 1 159 3 view .LVU138
 586 0008 0346     		mov	r3, r0
 160:Core/Src/syscalls.c ****   return -1;
 161:Core/Src/syscalls.c **** }
 587              		.loc 1 161 1 view .LVU139
 588 000a 4FF0FF30 		mov	r0, #-1
 159:Core/Src/syscalls.c ****   return -1;
 589              		.loc 1 159 9 view .LVU140
 590 000e 1A60     		str	r2, [r3]
 160:Core/Src/syscalls.c ****   return -1;
 591              		.loc 1 160 3 is_stmt 1 view .LVU141
 592              		.loc 1 161 1 is_stmt 0 view .LVU142
 593 0010 08BD     		pop	{r3, pc}
 594              		.cfi_endproc
 595              	.LFE40:
 597 0012 00BF     		.section	.text._fork,"ax",%progbits
 598              		.align	1
 599              		.p2align 2,,3
 600              		.global	_fork
 601              		.syntax unified
 602              		.thumb
 603              		.thumb_func
 605              	_fork:
 606              	.LFB41:
 162:Core/Src/syscalls.c **** 
 163:Core/Src/syscalls.c **** int _fork(void)
 164:Core/Src/syscalls.c **** {
 607              		.loc 1 164 1 is_stmt 1 view -0
 608              		.cfi_startproc
 609              		@ args = 0, pretend = 0, frame = 0
 610              		@ frame_needed = 0, uses_anonymous_args = 0
 165:Core/Src/syscalls.c ****   errno = EAGAIN;
 611              		.loc 1 165 3 view .LVU144
 164:Core/Src/syscalls.c ****   errno = EAGAIN;
 612              		.loc 1 164 1 is_stmt 0 view .LVU145
 613 0000 08B5     		push	{r3, lr}
 614              	.LCFI9:
 615              		.cfi_def_cfa_offset 8
 616              		.cfi_offset 3, -8
 617              		.cfi_offset 14, -4
 618              		.loc 1 165 3 view .LVU146
 619 0002 FFF7FEFF 		bl	__errno
 620              	.LVL35:
 621              		.loc 1 165 9 view .LVU147
 622 0006 0B22     		movs	r2, #11
 623              		.loc 1 165 3 view .LVU148
 624 0008 0346     		mov	r3, r0
 166:Core/Src/syscalls.c ****   return -1;
 167:Core/Src/syscalls.c **** }
 625              		.loc 1 167 1 view .LVU149
 626 000a 4FF0FF30 		mov	r0, #-1
 165:Core/Src/syscalls.c ****   return -1;
 627              		.loc 1 165 9 view .LVU150
 628 000e 1A60     		str	r2, [r3]
 166:Core/Src/syscalls.c ****   return -1;
 629              		.loc 1 166 3 is_stmt 1 view .LVU151
ARM GAS  C:\Users\l1234\AppData\Local\Temp\cc8byU5h.s 			page 15


 630              		.loc 1 167 1 is_stmt 0 view .LVU152
 631 0010 08BD     		pop	{r3, pc}
 632              		.cfi_endproc
 633              	.LFE41:
 635 0012 00BF     		.section	.text._execve,"ax",%progbits
 636              		.align	1
 637              		.p2align 2,,3
 638              		.global	_execve
 639              		.syntax unified
 640              		.thumb
 641              		.thumb_func
 643              	_execve:
 644              	.LVL36:
 645              	.LFB42:
 168:Core/Src/syscalls.c **** 
 169:Core/Src/syscalls.c **** int _execve(char *name, char **argv, char **env)
 170:Core/Src/syscalls.c **** {
 646              		.loc 1 170 1 is_stmt 1 view -0
 647              		.cfi_startproc
 648              		@ args = 0, pretend = 0, frame = 0
 649              		@ frame_needed = 0, uses_anonymous_args = 0
 171:Core/Src/syscalls.c ****   (void)name;
 650              		.loc 1 171 3 view .LVU154
 172:Core/Src/syscalls.c ****   (void)argv;
 651              		.loc 1 172 3 view .LVU155
 173:Core/Src/syscalls.c ****   (void)env;
 652              		.loc 1 173 3 view .LVU156
 174:Core/Src/syscalls.c ****   errno = ENOMEM;
 653              		.loc 1 174 3 view .LVU157
 170:Core/Src/syscalls.c ****   (void)name;
 654              		.loc 1 170 1 is_stmt 0 view .LVU158
 655 0000 08B5     		push	{r3, lr}
 656              	.LCFI10:
 657              		.cfi_def_cfa_offset 8
 658              		.cfi_offset 3, -8
 659              		.cfi_offset 14, -4
 660              		.loc 1 174 3 view .LVU159
 661 0002 FFF7FEFF 		bl	__errno
 662              	.LVL37:
 663              		.loc 1 174 9 view .LVU160
 664 0006 0C22     		movs	r2, #12
 665              		.loc 1 174 3 view .LVU161
 666 0008 0346     		mov	r3, r0
 175:Core/Src/syscalls.c ****   return -1;
 176:Core/Src/syscalls.c **** }
 667              		.loc 1 176 1 view .LVU162
 668 000a 4FF0FF30 		mov	r0, #-1
 174:Core/Src/syscalls.c ****   return -1;
 669              		.loc 1 174 9 view .LVU163
 670 000e 1A60     		str	r2, [r3]
 175:Core/Src/syscalls.c ****   return -1;
 671              		.loc 1 175 3 is_stmt 1 view .LVU164
 672              		.loc 1 176 1 is_stmt 0 view .LVU165
 673 0010 08BD     		pop	{r3, pc}
 674              		.cfi_endproc
 675              	.LFE42:
 677              		.global	environ
ARM GAS  C:\Users\l1234\AppData\Local\Temp\cc8byU5h.s 			page 16


 678 0012 00BF     		.section	.data.environ,"aw"
 679              		.align	2
 682              	environ:
 683 0000 00000000 		.word	__env
 684              		.global	__env
 685              		.section	.bss.__env,"aw",%nobits
 686              		.align	2
 689              	__env:
 690 0000 00000000 		.space	4
 691              		.weak	__io_putchar
 692              		.weak	__io_getchar
 693              		.text
 694              	.Letext0:
 695              		.file 2 "c:\\msys64\\mingw64\\arm-none-eabi\\include\\machine\\_default_types.h"
 696              		.file 3 "c:\\msys64\\mingw64\\arm-none-eabi\\include\\sys\\_types.h"
 697              		.file 4 "c:\\msys64\\mingw64\\arm-none-eabi\\include\\sys\\_timeval.h"
 698              		.file 5 "c:\\msys64\\mingw64\\arm-none-eabi\\include\\sys\\_timespec.h"
 699              		.file 6 "c:\\msys64\\mingw64\\arm-none-eabi\\include\\sys\\types.h"
 700              		.file 7 "c:\\msys64\\mingw64\\arm-none-eabi\\include\\sys\\stat.h"
 701              		.file 8 "c:\\msys64\\mingw64\\arm-none-eabi\\include\\sys\\times.h"
 702              		.file 9 "c:\\msys64\\mingw64\\arm-none-eabi\\include\\sys\\errno.h"
ARM GAS  C:\Users\l1234\AppData\Local\Temp\cc8byU5h.s 			page 17


DEFINED SYMBOLS
                            *ABS*:00000000 syscalls.c
C:\Users\l1234\AppData\Local\Temp\cc8byU5h.s:20     .text.initialise_monitor_handles:00000000 $t
C:\Users\l1234\AppData\Local\Temp\cc8byU5h.s:27     .text.initialise_monitor_handles:00000000 initialise_monitor_handles
C:\Users\l1234\AppData\Local\Temp\cc8byU5h.s:40     .text._getpid:00000000 $t
C:\Users\l1234\AppData\Local\Temp\cc8byU5h.s:47     .text._getpid:00000000 _getpid
C:\Users\l1234\AppData\Local\Temp\cc8byU5h.s:62     .text._kill:00000000 $t
C:\Users\l1234\AppData\Local\Temp\cc8byU5h.s:69     .text._kill:00000000 _kill
C:\Users\l1234\AppData\Local\Temp\cc8byU5h.s:103    .text._exit:00000000 $t
C:\Users\l1234\AppData\Local\Temp\cc8byU5h.s:110    .text._exit:00000000 _exit
C:\Users\l1234\AppData\Local\Temp\cc8byU5h.s:159    .text._read:00000000 $t
C:\Users\l1234\AppData\Local\Temp\cc8byU5h.s:166    .text._read:00000000 _read
C:\Users\l1234\AppData\Local\Temp\cc8byU5h.s:214    .text._write:00000000 $t
C:\Users\l1234\AppData\Local\Temp\cc8byU5h.s:221    .text._write:00000000 _write
C:\Users\l1234\AppData\Local\Temp\cc8byU5h.s:269    .text._close:00000000 $t
C:\Users\l1234\AppData\Local\Temp\cc8byU5h.s:276    .text._close:00000000 _close
C:\Users\l1234\AppData\Local\Temp\cc8byU5h.s:295    .text._fstat:00000000 $t
C:\Users\l1234\AppData\Local\Temp\cc8byU5h.s:302    .text._fstat:00000000 _fstat
C:\Users\l1234\AppData\Local\Temp\cc8byU5h.s:326    .text._isatty:00000000 $t
C:\Users\l1234\AppData\Local\Temp\cc8byU5h.s:333    .text._isatty:00000000 _isatty
C:\Users\l1234\AppData\Local\Temp\cc8byU5h.s:352    .text._lseek:00000000 $t
C:\Users\l1234\AppData\Local\Temp\cc8byU5h.s:359    .text._lseek:00000000 _lseek
C:\Users\l1234\AppData\Local\Temp\cc8byU5h.s:380    .text._open:00000000 $t
C:\Users\l1234\AppData\Local\Temp\cc8byU5h.s:387    .text._open:00000000 _open
C:\Users\l1234\AppData\Local\Temp\cc8byU5h.s:420    .text._wait:00000000 $t
C:\Users\l1234\AppData\Local\Temp\cc8byU5h.s:427    .text._wait:00000000 _wait
C:\Users\l1234\AppData\Local\Temp\cc8byU5h.s:460    .text._unlink:00000000 $t
C:\Users\l1234\AppData\Local\Temp\cc8byU5h.s:467    .text._unlink:00000000 _unlink
C:\Users\l1234\AppData\Local\Temp\cc8byU5h.s:500    .text._times:00000000 $t
C:\Users\l1234\AppData\Local\Temp\cc8byU5h.s:507    .text._times:00000000 _times
C:\Users\l1234\AppData\Local\Temp\cc8byU5h.s:526    .text._stat:00000000 $t
C:\Users\l1234\AppData\Local\Temp\cc8byU5h.s:533    .text._stat:00000000 _stat
C:\Users\l1234\AppData\Local\Temp\cc8byU5h.s:557    .text._link:00000000 $t
C:\Users\l1234\AppData\Local\Temp\cc8byU5h.s:564    .text._link:00000000 _link
C:\Users\l1234\AppData\Local\Temp\cc8byU5h.s:598    .text._fork:00000000 $t
C:\Users\l1234\AppData\Local\Temp\cc8byU5h.s:605    .text._fork:00000000 _fork
C:\Users\l1234\AppData\Local\Temp\cc8byU5h.s:636    .text._execve:00000000 $t
C:\Users\l1234\AppData\Local\Temp\cc8byU5h.s:643    .text._execve:00000000 _execve
C:\Users\l1234\AppData\Local\Temp\cc8byU5h.s:682    .data.environ:00000000 environ
C:\Users\l1234\AppData\Local\Temp\cc8byU5h.s:679    .data.environ:00000000 $d
C:\Users\l1234\AppData\Local\Temp\cc8byU5h.s:689    .bss.__env:00000000 __env
C:\Users\l1234\AppData\Local\Temp\cc8byU5h.s:686    .bss.__env:00000000 $d

UNDEFINED SYMBOLS
__errno
__io_getchar
__io_putchar
