ARM GAS  C:\Users\l1234\AppData\Local\Temp\cc2WCwN8.s 			page 1


   1              		.cpu cortex-m7
   2              		.arch armv7e-m
   3              		.fpu fpv5-d16
   4              		.eabi_attribute 28, 1
   5              		.eabi_attribute 20, 1
   6              		.eabi_attribute 21, 1
   7              		.eabi_attribute 23, 3
   8              		.eabi_attribute 24, 1
   9              		.eabi_attribute 25, 1
  10              		.eabi_attribute 26, 1
  11              		.eabi_attribute 30, 2
  12              		.eabi_attribute 34, 1
  13              		.eabi_attribute 18, 4
  14              		.file	"sysmem.c"
  15              		.text
  16              	.Ltext0:
  17              		.cfi_sections	.debug_frame
  18              		.file 1 "Core/Src/sysmem.c"
  19              		.section	.text._sbrk,"ax",%progbits
  20              		.align	1
  21              		.p2align 2,,3
  22              		.global	_sbrk
  23              		.syntax unified
  24              		.thumb
  25              		.thumb_func
  27              	_sbrk:
  28              	.LVL0:
  29              	.LFB0:
   1:Core/Src/sysmem.c **** /**
   2:Core/Src/sysmem.c ****  ******************************************************************************
   3:Core/Src/sysmem.c ****  * @file      sysmem.c
   4:Core/Src/sysmem.c ****  * @author    Generated by STM32CubeMX
   5:Core/Src/sysmem.c ****  * @brief     System Memory calls file
   6:Core/Src/sysmem.c ****  *
   7:Core/Src/sysmem.c ****  *            For more information about which C functions
   8:Core/Src/sysmem.c ****  *            need which of these lowlevel functions
   9:Core/Src/sysmem.c ****  *            please consult the newlib libc manual
  10:Core/Src/sysmem.c ****  ******************************************************************************
  11:Core/Src/sysmem.c ****  * @attention
  12:Core/Src/sysmem.c ****  *
  13:Core/Src/sysmem.c ****  * Copyright (c) 2024 STMicroelectronics.
  14:Core/Src/sysmem.c ****  * All rights reserved.
  15:Core/Src/sysmem.c ****  *
  16:Core/Src/sysmem.c ****  * This software is licensed under terms that can be found in the LICENSE file
  17:Core/Src/sysmem.c ****  * in the root directory of this software component.
  18:Core/Src/sysmem.c ****  * If no LICENSE file comes with this software, it is provided AS-IS.
  19:Core/Src/sysmem.c ****  *
  20:Core/Src/sysmem.c ****  ******************************************************************************
  21:Core/Src/sysmem.c ****  */
  22:Core/Src/sysmem.c **** 
  23:Core/Src/sysmem.c **** /* Includes */
  24:Core/Src/sysmem.c **** #include <errno.h>
  25:Core/Src/sysmem.c **** #include <stdint.h>
  26:Core/Src/sysmem.c **** 
  27:Core/Src/sysmem.c **** /**
  28:Core/Src/sysmem.c ****  * Pointer to the current high watermark of the heap usage
  29:Core/Src/sysmem.c ****  */
ARM GAS  C:\Users\l1234\AppData\Local\Temp\cc2WCwN8.s 			page 2


  30:Core/Src/sysmem.c **** static uint8_t *__sbrk_heap_end = NULL;
  31:Core/Src/sysmem.c **** 
  32:Core/Src/sysmem.c **** /**
  33:Core/Src/sysmem.c ****  * @brief _sbrk() allocates memory to the newlib heap and is used by malloc
  34:Core/Src/sysmem.c ****  *        and others from the C library
  35:Core/Src/sysmem.c ****  *
  36:Core/Src/sysmem.c ****  * @verbatim
  37:Core/Src/sysmem.c ****  * ############################################################################
  38:Core/Src/sysmem.c ****  * #  .data  #  .bss  #       newlib heap       #          MSP stack          #
  39:Core/Src/sysmem.c ****  * #         #        #                         # Reserved by _Min_Stack_Size #
  40:Core/Src/sysmem.c ****  * ############################################################################
  41:Core/Src/sysmem.c ****  * ^-- RAM start      ^-- _end                             _estack, RAM end --^
  42:Core/Src/sysmem.c ****  * @endverbatim
  43:Core/Src/sysmem.c ****  *
  44:Core/Src/sysmem.c ****  * This implementation starts allocating at the '_end' linker symbol
  45:Core/Src/sysmem.c ****  * The '_Min_Stack_Size' linker symbol reserves a memory for the MSP stack
  46:Core/Src/sysmem.c ****  * The implementation considers '_estack' linker symbol to be RAM end
  47:Core/Src/sysmem.c ****  * NOTE: If the MSP stack, at any point during execution, grows larger than the
  48:Core/Src/sysmem.c ****  * reserved size, please increase the '_Min_Stack_Size'.
  49:Core/Src/sysmem.c ****  *
  50:Core/Src/sysmem.c ****  * @param incr Memory size
  51:Core/Src/sysmem.c ****  * @return Pointer to allocated memory
  52:Core/Src/sysmem.c ****  */
  53:Core/Src/sysmem.c **** void *_sbrk(ptrdiff_t incr)
  54:Core/Src/sysmem.c **** {
  30              		.loc 1 54 1 view -0
  31              		.cfi_startproc
  32              		@ args = 0, pretend = 0, frame = 0
  33              		@ frame_needed = 0, uses_anonymous_args = 0
  55:Core/Src/sysmem.c ****   extern uint8_t _end; /* Symbol defined in the linker script */
  34              		.loc 1 55 3 view .LVU1
  56:Core/Src/sysmem.c ****   extern uint8_t _estack; /* Symbol defined in the linker script */
  35              		.loc 1 56 3 view .LVU2
  57:Core/Src/sysmem.c ****   extern uint32_t _Min_Stack_Size; /* Symbol defined in the linker script */
  36              		.loc 1 57 3 view .LVU3
  58:Core/Src/sysmem.c ****   const uint32_t stack_limit = (uint32_t)&_estack - (uint32_t)&_Min_Stack_Size;
  37              		.loc 1 58 3 view .LVU4
  59:Core/Src/sysmem.c ****   const uint8_t *max_heap = (uint8_t *)stack_limit;
  38              		.loc 1 59 3 view .LVU5
  60:Core/Src/sysmem.c ****   uint8_t *prev_heap_end;
  61:Core/Src/sysmem.c **** 
  62:Core/Src/sysmem.c ****   /* Initialize heap end at first call */
  63:Core/Src/sysmem.c ****   if (NULL == __sbrk_heap_end)
  39              		.loc 1 63 12 is_stmt 0 view .LVU6
  40 0000 0D49     		ldr	r1, .L9
  54:Core/Src/sysmem.c ****   extern uint8_t _end; /* Symbol defined in the linker script */
  41              		.loc 1 54 1 view .LVU7
  42 0002 0346     		mov	r3, r0
  58:Core/Src/sysmem.c ****   const uint8_t *max_heap = (uint8_t *)stack_limit;
  43              		.loc 1 58 18 view .LVU8
  44 0004 0D4A     		ldr	r2, .L9+4
  45              		.loc 1 63 12 view .LVU9
  46 0006 0868     		ldr	r0, [r1]
  47              	.LVL1:
  54:Core/Src/sysmem.c ****   extern uint8_t _end; /* Symbol defined in the linker script */
  48              		.loc 1 54 1 view .LVU10
  49 0008 10B5     		push	{r4, lr}
ARM GAS  C:\Users\l1234\AppData\Local\Temp\cc2WCwN8.s 			page 3


  50              	.LCFI0:
  51              		.cfi_def_cfa_offset 8
  52              		.cfi_offset 4, -8
  53              		.cfi_offset 14, -4
  58:Core/Src/sysmem.c ****   const uint8_t *max_heap = (uint8_t *)stack_limit;
  54              		.loc 1 58 18 view .LVU11
  55 000a 0D4C     		ldr	r4, .L9+8
  56 000c 121B     		subs	r2, r2, r4
  57              	.LVL2:
  60:Core/Src/sysmem.c ****   uint8_t *prev_heap_end;
  58              		.loc 1 60 3 is_stmt 1 view .LVU12
  59              		.loc 1 63 3 view .LVU13
  60              		.loc 1 63 6 is_stmt 0 view .LVU14
  61 000e 20B1     		cbz	r0, .L7
  64:Core/Src/sysmem.c ****   {
  65:Core/Src/sysmem.c ****     __sbrk_heap_end = &_end;
  66:Core/Src/sysmem.c ****   }
  67:Core/Src/sysmem.c **** 
  68:Core/Src/sysmem.c ****   /* Protect heap from growing into the reserved MSP stack */
  69:Core/Src/sysmem.c ****   if (__sbrk_heap_end + incr > max_heap)
  62              		.loc 1 69 3 is_stmt 1 view .LVU15
  63              		.loc 1 69 23 is_stmt 0 view .LVU16
  64 0010 0344     		add	r3, r3, r0
  65              	.LVL3:
  66              		.loc 1 69 6 view .LVU17
  67 0012 9342     		cmp	r3, r2
  68 0014 07D8     		bhi	.L8
  69              	.L3:
  70:Core/Src/sysmem.c ****   {
  71:Core/Src/sysmem.c ****     errno = ENOMEM;
  72:Core/Src/sysmem.c ****     return (void *)-1;
  73:Core/Src/sysmem.c ****   }
  74:Core/Src/sysmem.c **** 
  75:Core/Src/sysmem.c ****   prev_heap_end = __sbrk_heap_end;
  70              		.loc 1 75 3 is_stmt 1 view .LVU18
  71              	.LVL4:
  76:Core/Src/sysmem.c ****   __sbrk_heap_end += incr;
  72              		.loc 1 76 3 view .LVU19
  73              		.loc 1 76 19 is_stmt 0 view .LVU20
  74 0016 0B60     		str	r3, [r1]
  75              	.LVL5:
  77:Core/Src/sysmem.c **** 
  78:Core/Src/sysmem.c ****   return (void *)prev_heap_end;
  76              		.loc 1 78 3 is_stmt 1 view .LVU21
  79:Core/Src/sysmem.c **** }
  77              		.loc 1 79 1 is_stmt 0 view .LVU22
  78 0018 10BD     		pop	{r4, pc}
  79              	.LVL6:
  80              	.L7:
  65:Core/Src/sysmem.c ****   }
  81              		.loc 1 65 5 is_stmt 1 view .LVU23
  65:Core/Src/sysmem.c ****   }
  82              		.loc 1 65 21 is_stmt 0 view .LVU24
  83 001a 0A4C     		ldr	r4, .L9+12
  84 001c 2046     		mov	r0, r4
  85 001e 0C60     		str	r4, [r1]
  69:Core/Src/sysmem.c ****   {
ARM GAS  C:\Users\l1234\AppData\Local\Temp\cc2WCwN8.s 			page 4


  86              		.loc 1 69 3 is_stmt 1 view .LVU25
  69:Core/Src/sysmem.c ****   {
  87              		.loc 1 69 23 is_stmt 0 view .LVU26
  88 0020 0344     		add	r3, r3, r0
  89              	.LVL7:
  69:Core/Src/sysmem.c ****   {
  90              		.loc 1 69 6 view .LVU27
  91 0022 9342     		cmp	r3, r2
  92 0024 F7D9     		bls	.L3
  93              	.L8:
  71:Core/Src/sysmem.c ****     return (void *)-1;
  94              		.loc 1 71 5 is_stmt 1 view .LVU28
  95 0026 FFF7FEFF 		bl	__errno
  96              	.LVL8:
  71:Core/Src/sysmem.c ****     return (void *)-1;
  97              		.loc 1 71 11 is_stmt 0 view .LVU29
  98 002a 0C22     		movs	r2, #12
  71:Core/Src/sysmem.c ****     return (void *)-1;
  99              		.loc 1 71 5 view .LVU30
 100 002c 0346     		mov	r3, r0
  72:Core/Src/sysmem.c ****   }
 101              		.loc 1 72 12 view .LVU31
 102 002e 4FF0FF30 		mov	r0, #-1
  71:Core/Src/sysmem.c ****     return (void *)-1;
 103              		.loc 1 71 11 view .LVU32
 104 0032 1A60     		str	r2, [r3]
  72:Core/Src/sysmem.c ****   }
 105              		.loc 1 72 5 is_stmt 1 view .LVU33
 106              		.loc 1 79 1 is_stmt 0 view .LVU34
 107 0034 10BD     		pop	{r4, pc}
 108              	.L10:
 109 0036 00BF     		.align	2
 110              	.L9:
 111 0038 00000000 		.word	__sbrk_heap_end
 112 003c 00000000 		.word	_estack
 113 0040 00000000 		.word	_Min_Stack_Size
 114 0044 00000000 		.word	_end
 115              		.cfi_endproc
 116              	.LFE0:
 118              		.section	.bss.__sbrk_heap_end,"aw",%nobits
 119              		.align	2
 122              	__sbrk_heap_end:
 123 0000 00000000 		.space	4
 124              		.text
 125              	.Letext0:
 126              		.file 2 "c:\\msys64\\mingw64\\lib\\gcc\\arm-none-eabi\\12.2.0\\include\\stddef.h"
 127              		.file 3 "c:\\msys64\\mingw64\\arm-none-eabi\\include\\machine\\_default_types.h"
 128              		.file 4 "c:\\msys64\\mingw64\\arm-none-eabi\\include\\sys\\_stdint.h"
 129              		.file 5 "c:\\msys64\\mingw64\\arm-none-eabi\\include\\sys\\errno.h"
ARM GAS  C:\Users\l1234\AppData\Local\Temp\cc2WCwN8.s 			page 5


DEFINED SYMBOLS
                            *ABS*:00000000 sysmem.c
C:\Users\l1234\AppData\Local\Temp\cc2WCwN8.s:20     .text._sbrk:00000000 $t
C:\Users\l1234\AppData\Local\Temp\cc2WCwN8.s:27     .text._sbrk:00000000 _sbrk
C:\Users\l1234\AppData\Local\Temp\cc2WCwN8.s:111    .text._sbrk:00000038 $d
C:\Users\l1234\AppData\Local\Temp\cc2WCwN8.s:122    .bss.__sbrk_heap_end:00000000 __sbrk_heap_end
C:\Users\l1234\AppData\Local\Temp\cc2WCwN8.s:119    .bss.__sbrk_heap_end:00000000 $d

UNDEFINED SYMBOLS
__errno
_estack
_Min_Stack_Size
_end
