ARM GAS  C:\Users\l1234\AppData\Local\Temp\ccyyUWg7.s 			page 1


   1              		.cpu cortex-m7
   2              		.arch armv7e-m
   3              		.fpu fpv5-d16
   4              		.eabi_attribute 28, 1
   5              		.eabi_attribute 20, 1
   6              		.eabi_attribute 21, 1
   7              		.eabi_attribute 23, 3
   8              		.eabi_attribute 24, 1
   9              		.eabi_attribute 25, 1
  10              		.eabi_attribute 26, 1
  11              		.eabi_attribute 30, 2
  12              		.eabi_attribute 34, 1
  13              		.eabi_attribute 18, 4
  14              		.file	"system_stm32h7xx.c"
  15              		.text
  16              	.Ltext0:
  17              		.cfi_sections	.debug_frame
  18              		.file 1 "Core/Src/system_stm32h7xx.c"
  19              		.section	.text.SystemInit,"ax",%progbits
  20              		.align	1
  21              		.p2align 2,,3
  22              		.global	SystemInit
  23              		.syntax unified
  24              		.thumb
  25              		.thumb_func
  27              	SystemInit:
  28              	.LFB144:
   1:Core/Src/system_stm32h7xx.c **** /**
   2:Core/Src/system_stm32h7xx.c ****   ******************************************************************************
   3:Core/Src/system_stm32h7xx.c ****   * @file    system_stm32h7xx.c
   4:Core/Src/system_stm32h7xx.c ****   * @author  MCD Application Team
   5:Core/Src/system_stm32h7xx.c ****   * @brief   CMSIS Cortex-Mx Device Peripheral Access Layer System Source File.
   6:Core/Src/system_stm32h7xx.c ****   *
   7:Core/Src/system_stm32h7xx.c ****   *   This file provides two functions and one global variable to be called from
   8:Core/Src/system_stm32h7xx.c ****   *   user application:
   9:Core/Src/system_stm32h7xx.c ****   *      - ExitRun0Mode(): Specifies the Power Supply source. This function is
  10:Core/Src/system_stm32h7xx.c ****   *                        called at startup just after reset and before the call
  11:Core/Src/system_stm32h7xx.c ****   *                        of SystemInit(). This call is made inside
  12:Core/Src/system_stm32h7xx.c ****   *                        the "startup_stm32h7xx.s" file.
  13:Core/Src/system_stm32h7xx.c ****   *
  14:Core/Src/system_stm32h7xx.c ****   *      - SystemInit(): This function is called at startup just after reset and
  15:Core/Src/system_stm32h7xx.c ****   *                      before branch to main program. This call is made inside
  16:Core/Src/system_stm32h7xx.c ****   *                      the "startup_stm32h7xx.s" file.
  17:Core/Src/system_stm32h7xx.c ****   *
  18:Core/Src/system_stm32h7xx.c ****   *      - SystemCoreClock variable: Contains the core clock, it can be used
  19:Core/Src/system_stm32h7xx.c ****   *                                  by the user application to setup the SysTick
  20:Core/Src/system_stm32h7xx.c ****   *                                  timer or configure other parameters.
  21:Core/Src/system_stm32h7xx.c ****   *
  22:Core/Src/system_stm32h7xx.c ****   *      - SystemCoreClockUpdate(): Updates the variable SystemCoreClock and must
  23:Core/Src/system_stm32h7xx.c ****   *                                 be called whenever the core clock is changed
  24:Core/Src/system_stm32h7xx.c ****   *                                 during program execution.
  25:Core/Src/system_stm32h7xx.c ****   *
  26:Core/Src/system_stm32h7xx.c ****   *
  27:Core/Src/system_stm32h7xx.c ****   ******************************************************************************
  28:Core/Src/system_stm32h7xx.c ****   * @attention
  29:Core/Src/system_stm32h7xx.c ****   *
  30:Core/Src/system_stm32h7xx.c ****   * Copyright (c) 2017 STMicroelectronics.
ARM GAS  C:\Users\l1234\AppData\Local\Temp\ccyyUWg7.s 			page 2


  31:Core/Src/system_stm32h7xx.c ****   * All rights reserved.
  32:Core/Src/system_stm32h7xx.c ****   *
  33:Core/Src/system_stm32h7xx.c ****   * This software is licensed under terms that can be found in the LICENSE file
  34:Core/Src/system_stm32h7xx.c ****   * in the root directory of this software component.
  35:Core/Src/system_stm32h7xx.c ****   * If no LICENSE file comes with this software, it is provided AS-IS.
  36:Core/Src/system_stm32h7xx.c ****   *
  37:Core/Src/system_stm32h7xx.c ****   ******************************************************************************
  38:Core/Src/system_stm32h7xx.c ****   */
  39:Core/Src/system_stm32h7xx.c **** 
  40:Core/Src/system_stm32h7xx.c **** /** @addtogroup CMSIS
  41:Core/Src/system_stm32h7xx.c ****   * @{
  42:Core/Src/system_stm32h7xx.c ****   */
  43:Core/Src/system_stm32h7xx.c **** 
  44:Core/Src/system_stm32h7xx.c **** /** @addtogroup stm32h7xx_system
  45:Core/Src/system_stm32h7xx.c ****   * @{
  46:Core/Src/system_stm32h7xx.c ****   */
  47:Core/Src/system_stm32h7xx.c **** 
  48:Core/Src/system_stm32h7xx.c **** /** @addtogroup STM32H7xx_System_Private_Includes
  49:Core/Src/system_stm32h7xx.c ****   * @{
  50:Core/Src/system_stm32h7xx.c ****   */
  51:Core/Src/system_stm32h7xx.c **** 
  52:Core/Src/system_stm32h7xx.c **** #include "stm32h7xx.h"
  53:Core/Src/system_stm32h7xx.c **** #include <math.h>
  54:Core/Src/system_stm32h7xx.c **** 
  55:Core/Src/system_stm32h7xx.c **** #if !defined  (HSE_VALUE)
  56:Core/Src/system_stm32h7xx.c **** #define HSE_VALUE    ((uint32_t)25000000) /*!< Value of the External oscillator in Hz */
  57:Core/Src/system_stm32h7xx.c **** #endif /* HSE_VALUE */
  58:Core/Src/system_stm32h7xx.c **** 
  59:Core/Src/system_stm32h7xx.c **** #if !defined  (CSI_VALUE)
  60:Core/Src/system_stm32h7xx.c ****   #define CSI_VALUE    ((uint32_t)4000000) /*!< Value of the Internal oscillator in Hz*/
  61:Core/Src/system_stm32h7xx.c **** #endif /* CSI_VALUE */
  62:Core/Src/system_stm32h7xx.c **** 
  63:Core/Src/system_stm32h7xx.c **** #if !defined  (HSI_VALUE)
  64:Core/Src/system_stm32h7xx.c ****   #define HSI_VALUE    ((uint32_t)64000000) /*!< Value of the Internal oscillator in Hz*/
  65:Core/Src/system_stm32h7xx.c **** #endif /* HSI_VALUE */
  66:Core/Src/system_stm32h7xx.c **** 
  67:Core/Src/system_stm32h7xx.c **** 
  68:Core/Src/system_stm32h7xx.c **** /**
  69:Core/Src/system_stm32h7xx.c ****   * @}
  70:Core/Src/system_stm32h7xx.c ****   */
  71:Core/Src/system_stm32h7xx.c **** 
  72:Core/Src/system_stm32h7xx.c **** /** @addtogroup STM32H7xx_System_Private_TypesDefinitions
  73:Core/Src/system_stm32h7xx.c ****   * @{
  74:Core/Src/system_stm32h7xx.c ****   */
  75:Core/Src/system_stm32h7xx.c **** 
  76:Core/Src/system_stm32h7xx.c **** /**
  77:Core/Src/system_stm32h7xx.c ****   * @}
  78:Core/Src/system_stm32h7xx.c ****   */
  79:Core/Src/system_stm32h7xx.c **** 
  80:Core/Src/system_stm32h7xx.c **** /** @addtogroup STM32H7xx_System_Private_Defines
  81:Core/Src/system_stm32h7xx.c ****   * @{
  82:Core/Src/system_stm32h7xx.c ****   */
  83:Core/Src/system_stm32h7xx.c **** 
  84:Core/Src/system_stm32h7xx.c **** /************************* Miscellaneous Configuration ************************/
  85:Core/Src/system_stm32h7xx.c **** /*!< Uncomment the following line if you need to use initialized data in D2 domain SRAM (AHB SRAM) 
  86:Core/Src/system_stm32h7xx.c **** /* #define DATA_IN_D2_SRAM */
  87:Core/Src/system_stm32h7xx.c **** 
ARM GAS  C:\Users\l1234\AppData\Local\Temp\ccyyUWg7.s 			page 3


  88:Core/Src/system_stm32h7xx.c **** /* Note: Following vector table addresses must be defined in line with linker
  89:Core/Src/system_stm32h7xx.c ****          configuration. */
  90:Core/Src/system_stm32h7xx.c **** /*!< Uncomment the following line if you need to relocate the vector table
  91:Core/Src/system_stm32h7xx.c ****      anywhere in FLASH BANK1 or AXI SRAM, else the vector table is kept at the automatic
  92:Core/Src/system_stm32h7xx.c ****      remap of boot address selected */
  93:Core/Src/system_stm32h7xx.c **** /* #define USER_VECT_TAB_ADDRESS */
  94:Core/Src/system_stm32h7xx.c **** 
  95:Core/Src/system_stm32h7xx.c **** #if defined(USER_VECT_TAB_ADDRESS)
  96:Core/Src/system_stm32h7xx.c **** #if defined(DUAL_CORE) && defined(CORE_CM4)
  97:Core/Src/system_stm32h7xx.c **** /*!< Uncomment the following line if you need to relocate your vector Table
  98:Core/Src/system_stm32h7xx.c ****      in D2 AXI SRAM else user remap will be done in FLASH BANK2. */
  99:Core/Src/system_stm32h7xx.c **** /* #define VECT_TAB_SRAM */
 100:Core/Src/system_stm32h7xx.c **** #if defined(VECT_TAB_SRAM)
 101:Core/Src/system_stm32h7xx.c **** #define VECT_TAB_BASE_ADDRESS   D2_AXISRAM_BASE   /*!< Vector Table base address field.
 102:Core/Src/system_stm32h7xx.c ****                                                        This value must be a multiple of 0x400. */
 103:Core/Src/system_stm32h7xx.c **** #define VECT_TAB_OFFSET         0x00000000U       /*!< Vector Table base offset field.
 104:Core/Src/system_stm32h7xx.c ****                                                        This value must be a multiple of 0x400. */
 105:Core/Src/system_stm32h7xx.c **** #else
 106:Core/Src/system_stm32h7xx.c **** #define VECT_TAB_BASE_ADDRESS   FLASH_BANK2_BASE  /*!< Vector Table base address field.
 107:Core/Src/system_stm32h7xx.c ****                                                        This value must be a multiple of 0x400. */
 108:Core/Src/system_stm32h7xx.c **** #define VECT_TAB_OFFSET         0x00000000U       /*!< Vector Table base offset field.
 109:Core/Src/system_stm32h7xx.c ****                                                        This value must be a multiple of 0x400. */
 110:Core/Src/system_stm32h7xx.c **** #endif /* VECT_TAB_SRAM */
 111:Core/Src/system_stm32h7xx.c **** #else
 112:Core/Src/system_stm32h7xx.c **** /*!< Uncomment the following line if you need to relocate your vector Table
 113:Core/Src/system_stm32h7xx.c ****      in D1 AXI SRAM else user remap will be done in FLASH BANK1. */
 114:Core/Src/system_stm32h7xx.c **** /* #define VECT_TAB_SRAM */
 115:Core/Src/system_stm32h7xx.c **** #if defined(VECT_TAB_SRAM)
 116:Core/Src/system_stm32h7xx.c **** #define VECT_TAB_BASE_ADDRESS   D1_AXISRAM_BASE   /*!< Vector Table base address field.
 117:Core/Src/system_stm32h7xx.c ****                                                        This value must be a multiple of 0x400. */
 118:Core/Src/system_stm32h7xx.c **** #define VECT_TAB_OFFSET         0x00000000U       /*!< Vector Table base offset field.
 119:Core/Src/system_stm32h7xx.c ****                                                        This value must be a multiple of 0x400. */
 120:Core/Src/system_stm32h7xx.c **** #else
 121:Core/Src/system_stm32h7xx.c **** #define VECT_TAB_BASE_ADDRESS   FLASH_BANK1_BASE  /*!< Vector Table base address field.
 122:Core/Src/system_stm32h7xx.c ****                                                        This value must be a multiple of 0x400. */
 123:Core/Src/system_stm32h7xx.c **** #define VECT_TAB_OFFSET         0x00000000U       /*!< Vector Table base offset field.
 124:Core/Src/system_stm32h7xx.c ****                                                        This value must be a multiple of 0x400. */
 125:Core/Src/system_stm32h7xx.c **** #endif /* VECT_TAB_SRAM */
 126:Core/Src/system_stm32h7xx.c **** #endif /* DUAL_CORE && CORE_CM4 */
 127:Core/Src/system_stm32h7xx.c **** #endif /* USER_VECT_TAB_ADDRESS */
 128:Core/Src/system_stm32h7xx.c **** /******************************************************************************/
 129:Core/Src/system_stm32h7xx.c **** 
 130:Core/Src/system_stm32h7xx.c **** /**
 131:Core/Src/system_stm32h7xx.c ****   * @}
 132:Core/Src/system_stm32h7xx.c ****   */
 133:Core/Src/system_stm32h7xx.c **** 
 134:Core/Src/system_stm32h7xx.c **** /** @addtogroup STM32H7xx_System_Private_Macros
 135:Core/Src/system_stm32h7xx.c ****   * @{
 136:Core/Src/system_stm32h7xx.c ****   */
 137:Core/Src/system_stm32h7xx.c **** 
 138:Core/Src/system_stm32h7xx.c **** /**
 139:Core/Src/system_stm32h7xx.c ****   * @}
 140:Core/Src/system_stm32h7xx.c ****   */
 141:Core/Src/system_stm32h7xx.c **** 
 142:Core/Src/system_stm32h7xx.c **** /** @addtogroup STM32H7xx_System_Private_Variables
 143:Core/Src/system_stm32h7xx.c ****   * @{
 144:Core/Src/system_stm32h7xx.c ****   */
ARM GAS  C:\Users\l1234\AppData\Local\Temp\ccyyUWg7.s 			page 4


 145:Core/Src/system_stm32h7xx.c ****   /* This variable is updated in three ways:
 146:Core/Src/system_stm32h7xx.c ****       1) by calling CMSIS function SystemCoreClockUpdate()
 147:Core/Src/system_stm32h7xx.c ****       2) by calling HAL API function HAL_RCC_GetHCLKFreq()
 148:Core/Src/system_stm32h7xx.c ****       3) each time HAL_RCC_ClockConfig() is called to configure the system clock frequency
 149:Core/Src/system_stm32h7xx.c ****          Note: If you use this function to configure the system clock; then there
 150:Core/Src/system_stm32h7xx.c ****                is no need to call the 2 first functions listed above, since SystemCoreClock
 151:Core/Src/system_stm32h7xx.c ****                variable is updated automatically.
 152:Core/Src/system_stm32h7xx.c ****   */
 153:Core/Src/system_stm32h7xx.c ****   uint32_t SystemCoreClock = 64000000;
 154:Core/Src/system_stm32h7xx.c ****   uint32_t SystemD2Clock = 64000000;
 155:Core/Src/system_stm32h7xx.c ****   const  uint8_t D1CorePrescTable[16] = {0, 0, 0, 0, 1, 2, 3, 4, 1, 2, 3, 4, 6, 7, 8, 9};
 156:Core/Src/system_stm32h7xx.c **** 
 157:Core/Src/system_stm32h7xx.c **** /**
 158:Core/Src/system_stm32h7xx.c ****   * @}
 159:Core/Src/system_stm32h7xx.c ****   */
 160:Core/Src/system_stm32h7xx.c **** 
 161:Core/Src/system_stm32h7xx.c **** /** @addtogroup STM32H7xx_System_Private_FunctionPrototypes
 162:Core/Src/system_stm32h7xx.c ****   * @{
 163:Core/Src/system_stm32h7xx.c ****   */
 164:Core/Src/system_stm32h7xx.c **** 
 165:Core/Src/system_stm32h7xx.c **** /**
 166:Core/Src/system_stm32h7xx.c ****   * @}
 167:Core/Src/system_stm32h7xx.c ****   */
 168:Core/Src/system_stm32h7xx.c **** 
 169:Core/Src/system_stm32h7xx.c **** /** @addtogroup STM32H7xx_System_Private_Functions
 170:Core/Src/system_stm32h7xx.c ****   * @{
 171:Core/Src/system_stm32h7xx.c ****   */
 172:Core/Src/system_stm32h7xx.c **** 
 173:Core/Src/system_stm32h7xx.c **** /**
 174:Core/Src/system_stm32h7xx.c ****   * @brief  Setup the microcontroller system
 175:Core/Src/system_stm32h7xx.c ****   *         Initialize the FPU setting and  vector table location
 176:Core/Src/system_stm32h7xx.c ****   *         configuration.
 177:Core/Src/system_stm32h7xx.c ****   * @param  None
 178:Core/Src/system_stm32h7xx.c ****   * @retval None
 179:Core/Src/system_stm32h7xx.c ****   */
 180:Core/Src/system_stm32h7xx.c **** void SystemInit (void)
 181:Core/Src/system_stm32h7xx.c **** {
  29              		.loc 1 181 1 view -0
  30              		.cfi_startproc
  31              		@ args = 0, pretend = 0, frame = 0
  32              		@ frame_needed = 0, uses_anonymous_args = 0
  33              		@ link register save eliminated.
 182:Core/Src/system_stm32h7xx.c **** #if defined (DATA_IN_D2_SRAM)
 183:Core/Src/system_stm32h7xx.c ****  __IO uint32_t tmpreg;
 184:Core/Src/system_stm32h7xx.c **** #endif /* DATA_IN_D2_SRAM */
 185:Core/Src/system_stm32h7xx.c **** 
 186:Core/Src/system_stm32h7xx.c ****   /* FPU settings ------------------------------------------------------------*/
 187:Core/Src/system_stm32h7xx.c ****   #if (__FPU_PRESENT == 1) && (__FPU_USED == 1)
 188:Core/Src/system_stm32h7xx.c ****     SCB->CPACR |= ((3UL << (10*2))|(3UL << (11*2)));  /* set CP10 and CP11 Full Access */
  34              		.loc 1 188 5 view .LVU1
  35              		.loc 1 188 8 is_stmt 0 view .LVU2
  36 0000 2A49     		ldr	r1, .L10
 189:Core/Src/system_stm32h7xx.c ****   #endif
 190:Core/Src/system_stm32h7xx.c ****   /* Reset the RCC clock configuration to the default reset state ------------*/
 191:Core/Src/system_stm32h7xx.c **** 
 192:Core/Src/system_stm32h7xx.c ****    /* Increasing the CPU frequency */
 193:Core/Src/system_stm32h7xx.c ****   if(FLASH_LATENCY_DEFAULT  > (READ_BIT((FLASH->ACR), FLASH_ACR_LATENCY)))
ARM GAS  C:\Users\l1234\AppData\Local\Temp\ccyyUWg7.s 			page 5


  37              		.loc 1 193 32 view .LVU3
  38 0002 2B4A     		ldr	r2, .L10+4
 188:Core/Src/system_stm32h7xx.c ****   #endif
  39              		.loc 1 188 8 view .LVU4
  40 0004 D1F88830 		ldr	r3, [r1, #136]
 188:Core/Src/system_stm32h7xx.c ****   #endif
  41              		.loc 1 188 16 view .LVU5
  42 0008 43F47003 		orr	r3, r3, #15728640
 181:Core/Src/system_stm32h7xx.c **** #if defined (DATA_IN_D2_SRAM)
  43              		.loc 1 181 1 view .LVU6
  44 000c 10B4     		push	{r4}
  45              	.LCFI0:
  46              		.cfi_def_cfa_offset 4
  47              		.cfi_offset 4, -4
 188:Core/Src/system_stm32h7xx.c ****   #endif
  48              		.loc 1 188 16 view .LVU7
  49 000e C1F88830 		str	r3, [r1, #136]
  50              		.loc 1 193 3 is_stmt 1 view .LVU8
  51              		.loc 1 193 32 is_stmt 0 view .LVU9
  52 0012 1368     		ldr	r3, [r2]
  53 0014 03F00F03 		and	r3, r3, #15
  54              		.loc 1 193 5 view .LVU10
  55 0018 062B     		cmp	r3, #6
  56 001a 05D8     		bhi	.L2
 194:Core/Src/system_stm32h7xx.c ****   {
 195:Core/Src/system_stm32h7xx.c ****     /* Program the new number of wait states to the LATENCY bits in the FLASH_ACR register */
 196:Core/Src/system_stm32h7xx.c ****     MODIFY_REG(FLASH->ACR, FLASH_ACR_LATENCY, (uint32_t)(FLASH_LATENCY_DEFAULT));
  57              		.loc 1 196 5 is_stmt 1 view .LVU11
  58 001c 1368     		ldr	r3, [r2]
  59 001e 23F00F03 		bic	r3, r3, #15
  60 0022 43F00703 		orr	r3, r3, #7
  61 0026 1360     		str	r3, [r2]
  62              	.L2:
 197:Core/Src/system_stm32h7xx.c ****   }
 198:Core/Src/system_stm32h7xx.c **** 
 199:Core/Src/system_stm32h7xx.c ****   /* Set HSION bit */
 200:Core/Src/system_stm32h7xx.c ****   RCC->CR |= RCC_CR_HSION;
  63              		.loc 1 200 3 view .LVU12
  64              		.loc 1 200 6 is_stmt 0 view .LVU13
  65 0028 224B     		ldr	r3, .L10+8
 201:Core/Src/system_stm32h7xx.c **** 
 202:Core/Src/system_stm32h7xx.c ****   /* Reset CFGR register */
 203:Core/Src/system_stm32h7xx.c ****   RCC->CFGR = 0x00000000;
  66              		.loc 1 203 13 view .LVU14
  67 002a 0024     		movs	r4, #0
 204:Core/Src/system_stm32h7xx.c **** 
 205:Core/Src/system_stm32h7xx.c ****   /* Reset HSEON, HSECSSON, CSION, HSI48ON, CSIKERON, PLL1ON, PLL2ON and PLL3ON bits */
 206:Core/Src/system_stm32h7xx.c ****   RCC->CR &= 0xEAF6ED7FU;
  68              		.loc 1 206 11 view .LVU15
  69 002c 224A     		ldr	r2, .L10+12
 200:Core/Src/system_stm32h7xx.c **** 
  70              		.loc 1 200 6 view .LVU16
  71 002e 1968     		ldr	r1, [r3]
 207:Core/Src/system_stm32h7xx.c **** 
 208:Core/Src/system_stm32h7xx.c ****    /* Decreasing the number of wait states because of lower CPU frequency */
 209:Core/Src/system_stm32h7xx.c ****   if(FLASH_LATENCY_DEFAULT  < (READ_BIT((FLASH->ACR), FLASH_ACR_LATENCY)))
  72              		.loc 1 209 32 view .LVU17
ARM GAS  C:\Users\l1234\AppData\Local\Temp\ccyyUWg7.s 			page 6


  73 0030 1F48     		ldr	r0, .L10+4
 200:Core/Src/system_stm32h7xx.c **** 
  74              		.loc 1 200 11 view .LVU18
  75 0032 41F00101 		orr	r1, r1, #1
  76 0036 1960     		str	r1, [r3]
 203:Core/Src/system_stm32h7xx.c **** 
  77              		.loc 1 203 3 is_stmt 1 view .LVU19
 203:Core/Src/system_stm32h7xx.c **** 
  78              		.loc 1 203 13 is_stmt 0 view .LVU20
  79 0038 1C61     		str	r4, [r3, #16]
 206:Core/Src/system_stm32h7xx.c **** 
  80              		.loc 1 206 3 is_stmt 1 view .LVU21
 206:Core/Src/system_stm32h7xx.c **** 
  81              		.loc 1 206 6 is_stmt 0 view .LVU22
  82 003a 1968     		ldr	r1, [r3]
 206:Core/Src/system_stm32h7xx.c **** 
  83              		.loc 1 206 11 view .LVU23
  84 003c 0A40     		ands	r2, r2, r1
  85 003e 1A60     		str	r2, [r3]
  86              		.loc 1 209 3 is_stmt 1 view .LVU24
  87              		.loc 1 209 32 is_stmt 0 view .LVU25
  88 0040 0368     		ldr	r3, [r0]
  89              		.loc 1 209 5 view .LVU26
  90 0042 1907     		lsls	r1, r3, #28
  91 0044 05D5     		bpl	.L3
 210:Core/Src/system_stm32h7xx.c ****   {
 211:Core/Src/system_stm32h7xx.c ****     /* Program the new number of wait states to the LATENCY bits in the FLASH_ACR register */
 212:Core/Src/system_stm32h7xx.c ****     MODIFY_REG(FLASH->ACR, FLASH_ACR_LATENCY, (uint32_t)(FLASH_LATENCY_DEFAULT));
  92              		.loc 1 212 5 is_stmt 1 view .LVU27
  93 0046 0368     		ldr	r3, [r0]
  94 0048 23F00F03 		bic	r3, r3, #15
  95 004c 43F00703 		orr	r3, r3, #7
  96 0050 0360     		str	r3, [r0]
  97              	.L3:
 213:Core/Src/system_stm32h7xx.c ****   }
 214:Core/Src/system_stm32h7xx.c **** 
 215:Core/Src/system_stm32h7xx.c **** #if defined(D3_SRAM_BASE)
 216:Core/Src/system_stm32h7xx.c ****   /* Reset D1CFGR register */
 217:Core/Src/system_stm32h7xx.c ****   RCC->D1CFGR = 0x00000000;
  98              		.loc 1 217 3 view .LVU28
  99              		.loc 1 217 15 is_stmt 0 view .LVU29
 100 0052 184B     		ldr	r3, .L10+8
 101 0054 0022     		movs	r2, #0
 218:Core/Src/system_stm32h7xx.c **** 
 219:Core/Src/system_stm32h7xx.c ****   /* Reset D2CFGR register */
 220:Core/Src/system_stm32h7xx.c ****   RCC->D2CFGR = 0x00000000;
 221:Core/Src/system_stm32h7xx.c **** 
 222:Core/Src/system_stm32h7xx.c ****   /* Reset D3CFGR register */
 223:Core/Src/system_stm32h7xx.c ****   RCC->D3CFGR = 0x00000000;
 224:Core/Src/system_stm32h7xx.c **** #else
 225:Core/Src/system_stm32h7xx.c ****   /* Reset CDCFGR1 register */
 226:Core/Src/system_stm32h7xx.c ****   RCC->CDCFGR1 = 0x00000000;
 227:Core/Src/system_stm32h7xx.c **** 
 228:Core/Src/system_stm32h7xx.c ****   /* Reset CDCFGR2 register */
 229:Core/Src/system_stm32h7xx.c ****   RCC->CDCFGR2 = 0x00000000;
 230:Core/Src/system_stm32h7xx.c **** 
 231:Core/Src/system_stm32h7xx.c ****   /* Reset SRDCFGR register */
ARM GAS  C:\Users\l1234\AppData\Local\Temp\ccyyUWg7.s 			page 7


 232:Core/Src/system_stm32h7xx.c ****   RCC->SRDCFGR = 0x00000000;
 233:Core/Src/system_stm32h7xx.c **** #endif
 234:Core/Src/system_stm32h7xx.c ****   /* Reset PLLCKSELR register */
 235:Core/Src/system_stm32h7xx.c ****   RCC->PLLCKSELR = 0x02020200;
 236:Core/Src/system_stm32h7xx.c **** 
 237:Core/Src/system_stm32h7xx.c ****   /* Reset PLLCFGR register */
 238:Core/Src/system_stm32h7xx.c ****   RCC->PLLCFGR = 0x01FF0000;
 239:Core/Src/system_stm32h7xx.c ****   /* Reset PLL1DIVR register */
 240:Core/Src/system_stm32h7xx.c ****   RCC->PLL1DIVR = 0x01010280;
 102              		.loc 1 240 17 view .LVU30
 103 0056 1949     		ldr	r1, .L10+16
 235:Core/Src/system_stm32h7xx.c **** 
 104              		.loc 1 235 18 view .LVU31
 105 0058 194C     		ldr	r4, .L10+20
 238:Core/Src/system_stm32h7xx.c ****   /* Reset PLL1DIVR register */
 106              		.loc 1 238 16 view .LVU32
 107 005a 1A48     		ldr	r0, .L10+24
 217:Core/Src/system_stm32h7xx.c **** 
 108              		.loc 1 217 15 view .LVU33
 109 005c 9A61     		str	r2, [r3, #24]
 220:Core/Src/system_stm32h7xx.c **** 
 110              		.loc 1 220 3 is_stmt 1 view .LVU34
 220:Core/Src/system_stm32h7xx.c **** 
 111              		.loc 1 220 15 is_stmt 0 view .LVU35
 112 005e DA61     		str	r2, [r3, #28]
 223:Core/Src/system_stm32h7xx.c **** #else
 113              		.loc 1 223 3 is_stmt 1 view .LVU36
 223:Core/Src/system_stm32h7xx.c **** #else
 114              		.loc 1 223 15 is_stmt 0 view .LVU37
 115 0060 1A62     		str	r2, [r3, #32]
 235:Core/Src/system_stm32h7xx.c **** 
 116              		.loc 1 235 3 is_stmt 1 view .LVU38
 235:Core/Src/system_stm32h7xx.c **** 
 117              		.loc 1 235 18 is_stmt 0 view .LVU39
 118 0062 9C62     		str	r4, [r3, #40]
 238:Core/Src/system_stm32h7xx.c ****   /* Reset PLL1DIVR register */
 119              		.loc 1 238 3 is_stmt 1 view .LVU40
 238:Core/Src/system_stm32h7xx.c ****   /* Reset PLL1DIVR register */
 120              		.loc 1 238 16 is_stmt 0 view .LVU41
 121 0064 D862     		str	r0, [r3, #44]
 122              		.loc 1 240 3 is_stmt 1 view .LVU42
 123              		.loc 1 240 17 is_stmt 0 view .LVU43
 124 0066 1963     		str	r1, [r3, #48]
 241:Core/Src/system_stm32h7xx.c ****   /* Reset PLL1FRACR register */
 242:Core/Src/system_stm32h7xx.c ****   RCC->PLL1FRACR = 0x00000000;
 125              		.loc 1 242 3 is_stmt 1 view .LVU44
 126              		.loc 1 242 18 is_stmt 0 view .LVU45
 127 0068 5A63     		str	r2, [r3, #52]
 243:Core/Src/system_stm32h7xx.c **** 
 244:Core/Src/system_stm32h7xx.c ****   /* Reset PLL2DIVR register */
 245:Core/Src/system_stm32h7xx.c ****   RCC->PLL2DIVR = 0x01010280;
 128              		.loc 1 245 3 is_stmt 1 view .LVU46
 129              		.loc 1 245 17 is_stmt 0 view .LVU47
 130 006a 9963     		str	r1, [r3, #56]
 246:Core/Src/system_stm32h7xx.c **** 
 247:Core/Src/system_stm32h7xx.c ****   /* Reset PLL2FRACR register */
 248:Core/Src/system_stm32h7xx.c **** 
ARM GAS  C:\Users\l1234\AppData\Local\Temp\ccyyUWg7.s 			page 8


 249:Core/Src/system_stm32h7xx.c ****   RCC->PLL2FRACR = 0x00000000;
 131              		.loc 1 249 3 is_stmt 1 view .LVU48
 132              		.loc 1 249 18 is_stmt 0 view .LVU49
 133 006c DA63     		str	r2, [r3, #60]
 250:Core/Src/system_stm32h7xx.c ****   /* Reset PLL3DIVR register */
 251:Core/Src/system_stm32h7xx.c ****   RCC->PLL3DIVR = 0x01010280;
 134              		.loc 1 251 3 is_stmt 1 view .LVU50
 135              		.loc 1 251 17 is_stmt 0 view .LVU51
 136 006e 1964     		str	r1, [r3, #64]
 252:Core/Src/system_stm32h7xx.c **** 
 253:Core/Src/system_stm32h7xx.c ****   /* Reset PLL3FRACR register */
 254:Core/Src/system_stm32h7xx.c ****   RCC->PLL3FRACR = 0x00000000;
 137              		.loc 1 254 3 is_stmt 1 view .LVU52
 138              		.loc 1 254 18 is_stmt 0 view .LVU53
 139 0070 5A64     		str	r2, [r3, #68]
 255:Core/Src/system_stm32h7xx.c **** 
 256:Core/Src/system_stm32h7xx.c ****   /* Reset HSEBYP bit */
 257:Core/Src/system_stm32h7xx.c ****   RCC->CR &= 0xFFFBFFFFU;
 140              		.loc 1 257 3 is_stmt 1 view .LVU54
 141              		.loc 1 257 6 is_stmt 0 view .LVU55
 142 0072 1968     		ldr	r1, [r3]
 143              		.loc 1 257 11 view .LVU56
 144 0074 21F48021 		bic	r1, r1, #262144
 145 0078 1960     		str	r1, [r3]
 258:Core/Src/system_stm32h7xx.c **** 
 259:Core/Src/system_stm32h7xx.c ****   /* Disable all interrupts */
 260:Core/Src/system_stm32h7xx.c ****   RCC->CIER = 0x00000000;
 146              		.loc 1 260 3 is_stmt 1 view .LVU57
 147              		.loc 1 260 13 is_stmt 0 view .LVU58
 148 007a 1A66     		str	r2, [r3, #96]
 261:Core/Src/system_stm32h7xx.c **** 
 262:Core/Src/system_stm32h7xx.c **** #if (STM32H7_DEV_ID == 0x450UL)
 263:Core/Src/system_stm32h7xx.c ****   /* dual core CM7 or single core line */
 264:Core/Src/system_stm32h7xx.c ****   if((DBGMCU->IDCODE & 0xFFFF0000U) < 0x20000000U)
 265:Core/Src/system_stm32h7xx.c ****   {
 266:Core/Src/system_stm32h7xx.c ****     /* if stm32h7 revY*/
 267:Core/Src/system_stm32h7xx.c ****     /* Change  the switch matrix read issuing capability to 1 for the AXI SRAM target (Target 7) */
 268:Core/Src/system_stm32h7xx.c ****     *((__IO uint32_t*)0x51008108) = 0x000000001U;
 269:Core/Src/system_stm32h7xx.c ****   }
 270:Core/Src/system_stm32h7xx.c **** #endif /* STM32H7_DEV_ID */
 271:Core/Src/system_stm32h7xx.c **** 
 272:Core/Src/system_stm32h7xx.c **** #if defined(DATA_IN_D2_SRAM)
 273:Core/Src/system_stm32h7xx.c ****   /* in case of initialized data in D2 SRAM (AHB SRAM), enable the D2 SRAM clock (AHB SRAM clock) *
 274:Core/Src/system_stm32h7xx.c **** #if defined(RCC_AHB2ENR_D2SRAM3EN)
 275:Core/Src/system_stm32h7xx.c ****   RCC->AHB2ENR |= (RCC_AHB2ENR_D2SRAM1EN | RCC_AHB2ENR_D2SRAM2EN | RCC_AHB2ENR_D2SRAM3EN);
 276:Core/Src/system_stm32h7xx.c **** #elif defined(RCC_AHB2ENR_D2SRAM2EN)
 277:Core/Src/system_stm32h7xx.c ****   RCC->AHB2ENR |= (RCC_AHB2ENR_D2SRAM1EN | RCC_AHB2ENR_D2SRAM2EN);
 278:Core/Src/system_stm32h7xx.c **** #else
 279:Core/Src/system_stm32h7xx.c ****   RCC->AHB2ENR |= (RCC_AHB2ENR_AHBSRAM1EN | RCC_AHB2ENR_AHBSRAM2EN);
 280:Core/Src/system_stm32h7xx.c **** #endif /* RCC_AHB2ENR_D2SRAM3EN */
 281:Core/Src/system_stm32h7xx.c **** 
 282:Core/Src/system_stm32h7xx.c ****   tmpreg = RCC->AHB2ENR;
 283:Core/Src/system_stm32h7xx.c ****   (void) tmpreg;
 284:Core/Src/system_stm32h7xx.c **** #endif /* DATA_IN_D2_SRAM */
 285:Core/Src/system_stm32h7xx.c **** 
 286:Core/Src/system_stm32h7xx.c **** #if defined(DUAL_CORE) && defined(CORE_CM4)
 287:Core/Src/system_stm32h7xx.c ****   /* Configure the Vector Table location add offset address for cortex-M4 ------------------*/
ARM GAS  C:\Users\l1234\AppData\Local\Temp\ccyyUWg7.s 			page 9


 288:Core/Src/system_stm32h7xx.c **** #if defined(USER_VECT_TAB_ADDRESS)
 289:Core/Src/system_stm32h7xx.c ****   SCB->VTOR = VECT_TAB_BASE_ADDRESS | VECT_TAB_OFFSET; /* Vector Table Relocation in Internal D2 AX
 290:Core/Src/system_stm32h7xx.c **** #endif /* USER_VECT_TAB_ADDRESS */
 291:Core/Src/system_stm32h7xx.c **** 
 292:Core/Src/system_stm32h7xx.c **** #else
 293:Core/Src/system_stm32h7xx.c ****   if(READ_BIT(RCC->AHB3ENR, RCC_AHB3ENR_FMCEN) == 0U)
 149              		.loc 1 293 3 is_stmt 1 view .LVU59
 150              		.loc 1 293 6 is_stmt 0 view .LVU60
 151 007c D3F8D420 		ldr	r2, [r3, #212]
 152              		.loc 1 293 5 view .LVU61
 153 0080 D204     		lsls	r2, r2, #19
 154 0082 0FD4     		bmi	.L1
 294:Core/Src/system_stm32h7xx.c ****   {
 295:Core/Src/system_stm32h7xx.c ****     /* Enable the FMC interface clock */
 296:Core/Src/system_stm32h7xx.c ****     SET_BIT(RCC->AHB3ENR, RCC_AHB3ENR_FMCEN);
 155              		.loc 1 296 5 is_stmt 1 view .LVU62
 156 0084 D3F8D420 		ldr	r2, [r3, #212]
 297:Core/Src/system_stm32h7xx.c **** 
 298:Core/Src/system_stm32h7xx.c ****     /*
 299:Core/Src/system_stm32h7xx.c ****      * Disable the FMC bank1 (enabled after reset).
 300:Core/Src/system_stm32h7xx.c ****      * This, prevents CPU speculation access on this bank which blocks the use of FMC during
 301:Core/Src/system_stm32h7xx.c ****      * 24us. During this time the others FMC master (such as LTDC) cannot use it!
 302:Core/Src/system_stm32h7xx.c ****      */
 303:Core/Src/system_stm32h7xx.c ****     FMC_Bank1_R->BTCR[0] = 0x000030D2;
 157              		.loc 1 303 26 is_stmt 0 view .LVU63
 158 0088 43F2D200 		movw	r0, #12498
 159 008c 0E49     		ldr	r1, .L10+28
 296:Core/Src/system_stm32h7xx.c **** 
 160              		.loc 1 296 5 view .LVU64
 161 008e 42F48052 		orr	r2, r2, #4096
 162 0092 C3F8D420 		str	r2, [r3, #212]
 163              		.loc 1 303 5 is_stmt 1 view .LVU65
 164              		.loc 1 303 26 is_stmt 0 view .LVU66
 165 0096 0860     		str	r0, [r1]
 304:Core/Src/system_stm32h7xx.c **** 
 305:Core/Src/system_stm32h7xx.c ****     /* Disable the FMC interface clock */
 306:Core/Src/system_stm32h7xx.c ****     CLEAR_BIT(RCC->AHB3ENR, RCC_AHB3ENR_FMCEN);
 166              		.loc 1 306 5 is_stmt 1 view .LVU67
 167 0098 D3F8D420 		ldr	r2, [r3, #212]
 168 009c 22F48052 		bic	r2, r2, #4096
 169 00a0 C3F8D420 		str	r2, [r3, #212]
 170              	.L1:
 307:Core/Src/system_stm32h7xx.c ****   }
 308:Core/Src/system_stm32h7xx.c **** 
 309:Core/Src/system_stm32h7xx.c ****   /* Configure the Vector Table location -------------------------------------*/
 310:Core/Src/system_stm32h7xx.c **** #if defined(USER_VECT_TAB_ADDRESS)
 311:Core/Src/system_stm32h7xx.c ****   SCB->VTOR = VECT_TAB_BASE_ADDRESS | VECT_TAB_OFFSET; /* Vector Table Relocation in Internal D1 AX
 312:Core/Src/system_stm32h7xx.c **** #endif /* USER_VECT_TAB_ADDRESS */
 313:Core/Src/system_stm32h7xx.c **** 
 314:Core/Src/system_stm32h7xx.c **** #endif /*DUAL_CORE && CORE_CM4*/
 315:Core/Src/system_stm32h7xx.c **** }
 171              		.loc 1 315 1 is_stmt 0 view .LVU68
 172 00a4 5DF8044B 		ldr	r4, [sp], #4
 173              	.LCFI1:
 174              		.cfi_restore 4
 175              		.cfi_def_cfa_offset 0
 176 00a8 7047     		bx	lr
ARM GAS  C:\Users\l1234\AppData\Local\Temp\ccyyUWg7.s 			page 10


 177              	.L11:
 178 00aa 00BF     		.align	2
 179              	.L10:
 180 00ac 00ED00E0 		.word	-536810240
 181 00b0 00200052 		.word	1375739904
 182 00b4 00440258 		.word	1476543488
 183 00b8 7FEDF6EA 		.word	-352916097
 184 00bc 80020101 		.word	16843392
 185 00c0 00020202 		.word	33686016
 186 00c4 0000FF01 		.word	33488896
 187 00c8 00400052 		.word	1375748096
 188              		.cfi_endproc
 189              	.LFE144:
 191              		.section	.text.SystemCoreClockUpdate,"ax",%progbits
 192              		.align	1
 193              		.p2align 2,,3
 194              		.global	SystemCoreClockUpdate
 195              		.syntax unified
 196              		.thumb
 197              		.thumb_func
 199              	SystemCoreClockUpdate:
 200              	.LFB145:
 316:Core/Src/system_stm32h7xx.c **** 
 317:Core/Src/system_stm32h7xx.c **** /**
 318:Core/Src/system_stm32h7xx.c ****   * @brief  Update SystemCoreClock variable according to Clock Register Values.
 319:Core/Src/system_stm32h7xx.c ****   *         The SystemCoreClock variable contains the core clock , it can
 320:Core/Src/system_stm32h7xx.c ****   *         be used by the user application to setup the SysTick timer or configure
 321:Core/Src/system_stm32h7xx.c ****   *         other parameters.
 322:Core/Src/system_stm32h7xx.c ****   *
 323:Core/Src/system_stm32h7xx.c ****   * @note   Each time the core clock changes, this function must be called
 324:Core/Src/system_stm32h7xx.c ****   *         to update SystemCoreClock variable value. Otherwise, any configuration
 325:Core/Src/system_stm32h7xx.c ****   *         based on this variable will be incorrect.
 326:Core/Src/system_stm32h7xx.c ****   *
 327:Core/Src/system_stm32h7xx.c ****   * @note   - The system frequency computed by this function is not the real
 328:Core/Src/system_stm32h7xx.c ****   *           frequency in the chip. It is calculated based on the predefined
 329:Core/Src/system_stm32h7xx.c ****   *           constant and the selected clock source:
 330:Core/Src/system_stm32h7xx.c ****   *
 331:Core/Src/system_stm32h7xx.c ****   *           - If SYSCLK source is CSI, SystemCoreClock will contain the CSI_VALUE(*)
 332:Core/Src/system_stm32h7xx.c ****   *           - If SYSCLK source is HSI, SystemCoreClock will contain the HSI_VALUE(**)
 333:Core/Src/system_stm32h7xx.c ****   *           - If SYSCLK source is HSE, SystemCoreClock will contain the HSE_VALUE(***)
 334:Core/Src/system_stm32h7xx.c ****   *           - If SYSCLK source is PLL, SystemCoreClock will contain the CSI_VALUE(*),
 335:Core/Src/system_stm32h7xx.c ****   *             HSI_VALUE(**) or HSE_VALUE(***) multiplied/divided by the PLL factors.
 336:Core/Src/system_stm32h7xx.c ****   *
 337:Core/Src/system_stm32h7xx.c ****   *         (*) CSI_VALUE is a constant defined in stm32h7xx_hal.h file (default value
 338:Core/Src/system_stm32h7xx.c ****   *             4 MHz) but the real value may vary depending on the variations
 339:Core/Src/system_stm32h7xx.c ****   *             in voltage and temperature.
 340:Core/Src/system_stm32h7xx.c ****   *         (**) HSI_VALUE is a constant defined in stm32h7xx_hal.h file (default value
 341:Core/Src/system_stm32h7xx.c ****   *             64 MHz) but the real value may vary depending on the variations
 342:Core/Src/system_stm32h7xx.c ****   *             in voltage and temperature.
 343:Core/Src/system_stm32h7xx.c ****   *
 344:Core/Src/system_stm32h7xx.c ****   *         (***)HSE_VALUE is a constant defined in stm32h7xx_hal.h file (default value
 345:Core/Src/system_stm32h7xx.c ****   *              25 MHz), user has to ensure that HSE_VALUE is same as the real
 346:Core/Src/system_stm32h7xx.c ****   *              frequency of the crystal used. Otherwise, this function may
 347:Core/Src/system_stm32h7xx.c ****   *              have wrong result.
 348:Core/Src/system_stm32h7xx.c ****   *
 349:Core/Src/system_stm32h7xx.c ****   *         - The result of this function could be not correct when using fractional
 350:Core/Src/system_stm32h7xx.c ****   *           value for HSE crystal.
ARM GAS  C:\Users\l1234\AppData\Local\Temp\ccyyUWg7.s 			page 11


 351:Core/Src/system_stm32h7xx.c ****   * @param  None
 352:Core/Src/system_stm32h7xx.c ****   * @retval None
 353:Core/Src/system_stm32h7xx.c ****   */
 354:Core/Src/system_stm32h7xx.c **** void SystemCoreClockUpdate (void)
 355:Core/Src/system_stm32h7xx.c **** {
 201              		.loc 1 355 1 is_stmt 1 view -0
 202              		.cfi_startproc
 203              		@ args = 0, pretend = 0, frame = 0
 204              		@ frame_needed = 0, uses_anonymous_args = 0
 205              		@ link register save eliminated.
 356:Core/Src/system_stm32h7xx.c ****   uint32_t pllp, pllsource, pllm, pllfracen, hsivalue, tmp;
 206              		.loc 1 356 3 view .LVU70
 357:Core/Src/system_stm32h7xx.c ****   uint32_t common_system_clock;
 207              		.loc 1 357 3 view .LVU71
 358:Core/Src/system_stm32h7xx.c ****   float_t fracn1, pllvco;
 208              		.loc 1 358 3 view .LVU72
 359:Core/Src/system_stm32h7xx.c **** 
 360:Core/Src/system_stm32h7xx.c **** 
 361:Core/Src/system_stm32h7xx.c ****   /* Get SYSCLK source -------------------------------------------------------*/
 362:Core/Src/system_stm32h7xx.c **** 
 363:Core/Src/system_stm32h7xx.c ****   switch (RCC->CFGR & RCC_CFGR_SWS)
 209              		.loc 1 363 3 view .LVU73
 210              		.loc 1 363 14 is_stmt 0 view .LVU74
 211 0000 4A4B     		ldr	r3, .L29
 212 0002 1B69     		ldr	r3, [r3, #16]
 213              		.loc 1 363 21 view .LVU75
 214 0004 03F03803 		and	r3, r3, #56
 355:Core/Src/system_stm32h7xx.c ****   uint32_t pllp, pllsource, pllm, pllfracen, hsivalue, tmp;
 215              		.loc 1 355 1 view .LVU76
 216 0008 30B4     		push	{r4, r5}
 217              	.LCFI2:
 218              		.cfi_def_cfa_offset 8
 219              		.cfi_offset 4, -8
 220              		.cfi_offset 5, -4
 221              		.loc 1 363 3 view .LVU77
 222 000a 182B     		cmp	r3, #24
 223 000c 0ED8     		bhi	.L13
 224 000e DFE803F0 		tbb	[pc, r3]
 225              	.L15:
 226 0012 0D       		.byte	(.L13-.L15)/2
 227 0013 0D       		.byte	(.L13-.L15)/2
 228 0014 0D       		.byte	(.L13-.L15)/2
 229 0015 0D       		.byte	(.L13-.L15)/2
 230 0016 0D       		.byte	(.L13-.L15)/2
 231 0017 0D       		.byte	(.L13-.L15)/2
 232 0018 0D       		.byte	(.L13-.L15)/2
 233 0019 0D       		.byte	(.L13-.L15)/2
 234 001a 74       		.byte	(.L17-.L15)/2
 235 001b 0D       		.byte	(.L13-.L15)/2
 236 001c 0D       		.byte	(.L13-.L15)/2
 237 001d 0D       		.byte	(.L13-.L15)/2
 238 001e 0D       		.byte	(.L13-.L15)/2
 239 001f 0D       		.byte	(.L13-.L15)/2
 240 0020 0D       		.byte	(.L13-.L15)/2
 241 0021 0D       		.byte	(.L13-.L15)/2
 242 0022 72       		.byte	(.L23-.L15)/2
 243 0023 0D       		.byte	(.L13-.L15)/2
ARM GAS  C:\Users\l1234\AppData\Local\Temp\ccyyUWg7.s 			page 12


 244 0024 0D       		.byte	(.L13-.L15)/2
 245 0025 0D       		.byte	(.L13-.L15)/2
 246 0026 0D       		.byte	(.L13-.L15)/2
 247 0027 0D       		.byte	(.L13-.L15)/2
 248 0028 0D       		.byte	(.L13-.L15)/2
 249 0029 0D       		.byte	(.L13-.L15)/2
 250 002a 2A       		.byte	(.L14-.L15)/2
 251 002b 00       		.p2align 1
 252              	.L13:
 364:Core/Src/system_stm32h7xx.c ****   {
 365:Core/Src/system_stm32h7xx.c ****   case RCC_CFGR_SWS_HSI:  /* HSI used as system clock source */
 366:Core/Src/system_stm32h7xx.c ****     common_system_clock = (uint32_t) (HSI_VALUE >> ((RCC->CR & RCC_CR_HSIDIV)>> 3));
 367:Core/Src/system_stm32h7xx.c ****     break;
 368:Core/Src/system_stm32h7xx.c **** 
 369:Core/Src/system_stm32h7xx.c ****   case RCC_CFGR_SWS_CSI:  /* CSI used as system clock  source */
 370:Core/Src/system_stm32h7xx.c ****     common_system_clock = CSI_VALUE;
 371:Core/Src/system_stm32h7xx.c ****     break;
 372:Core/Src/system_stm32h7xx.c **** 
 373:Core/Src/system_stm32h7xx.c ****   case RCC_CFGR_SWS_HSE:  /* HSE used as system clock  source */
 374:Core/Src/system_stm32h7xx.c ****     common_system_clock = HSE_VALUE;
 375:Core/Src/system_stm32h7xx.c ****     break;
 376:Core/Src/system_stm32h7xx.c **** 
 377:Core/Src/system_stm32h7xx.c ****   case RCC_CFGR_SWS_PLL1:  /* PLL1 used as system clock  source */
 378:Core/Src/system_stm32h7xx.c **** 
 379:Core/Src/system_stm32h7xx.c ****     /* PLL_VCO = (HSE_VALUE or HSI_VALUE or CSI_VALUE/ PLLM) * PLLN
 380:Core/Src/system_stm32h7xx.c ****     SYSCLK = PLL_VCO / PLLR
 381:Core/Src/system_stm32h7xx.c ****     */
 382:Core/Src/system_stm32h7xx.c ****     pllsource = (RCC->PLLCKSELR & RCC_PLLCKSELR_PLLSRC);
 383:Core/Src/system_stm32h7xx.c ****     pllm = ((RCC->PLLCKSELR & RCC_PLLCKSELR_DIVM1)>> 4)  ;
 384:Core/Src/system_stm32h7xx.c ****     pllfracen = ((RCC->PLLCFGR & RCC_PLLCFGR_PLL1FRACEN)>>RCC_PLLCFGR_PLL1FRACEN_Pos);
 385:Core/Src/system_stm32h7xx.c ****     fracn1 = (float_t)(uint32_t)(pllfracen* ((RCC->PLL1FRACR & RCC_PLL1FRACR_FRACN1)>> 3));
 386:Core/Src/system_stm32h7xx.c **** 
 387:Core/Src/system_stm32h7xx.c ****     if (pllm != 0U)
 388:Core/Src/system_stm32h7xx.c ****     {
 389:Core/Src/system_stm32h7xx.c ****       switch (pllsource)
 390:Core/Src/system_stm32h7xx.c ****       {
 391:Core/Src/system_stm32h7xx.c ****         case RCC_PLLCKSELR_PLLSRC_HSI:  /* HSI used as PLL clock source */
 392:Core/Src/system_stm32h7xx.c **** 
 393:Core/Src/system_stm32h7xx.c ****         hsivalue = (HSI_VALUE >> ((RCC->CR & RCC_CR_HSIDIV)>> 3)) ;
 394:Core/Src/system_stm32h7xx.c ****         pllvco = ( (float_t)hsivalue / (float_t)pllm) * ((float_t)(uint32_t)(RCC->PLL1DIVR & RCC_PL
 395:Core/Src/system_stm32h7xx.c **** 
 396:Core/Src/system_stm32h7xx.c ****         break;
 397:Core/Src/system_stm32h7xx.c **** 
 398:Core/Src/system_stm32h7xx.c ****         case RCC_PLLCKSELR_PLLSRC_CSI:  /* CSI used as PLL clock source */
 399:Core/Src/system_stm32h7xx.c ****           pllvco = ((float_t)CSI_VALUE / (float_t)pllm) * ((float_t)(uint32_t)(RCC->PLL1DIVR & RCC_
 400:Core/Src/system_stm32h7xx.c ****         break;
 401:Core/Src/system_stm32h7xx.c **** 
 402:Core/Src/system_stm32h7xx.c ****         case RCC_PLLCKSELR_PLLSRC_HSE:  /* HSE used as PLL clock source */
 403:Core/Src/system_stm32h7xx.c ****           pllvco = ((float_t)HSE_VALUE / (float_t)pllm) * ((float_t)(uint32_t)(RCC->PLL1DIVR & RCC_
 404:Core/Src/system_stm32h7xx.c ****         break;
 405:Core/Src/system_stm32h7xx.c **** 
 406:Core/Src/system_stm32h7xx.c ****       default:
 407:Core/Src/system_stm32h7xx.c ****           hsivalue = (HSI_VALUE >> ((RCC->CR & RCC_CR_HSIDIV)>> 3)) ;
 408:Core/Src/system_stm32h7xx.c ****           pllvco = ((float_t)hsivalue / (float_t)pllm) * ((float_t)(uint32_t)(RCC->PLL1DIVR & RCC_P
 409:Core/Src/system_stm32h7xx.c ****         break;
 410:Core/Src/system_stm32h7xx.c ****       }
 411:Core/Src/system_stm32h7xx.c ****       pllp = (((RCC->PLL1DIVR & RCC_PLL1DIVR_P1) >>9) + 1U ) ;
ARM GAS  C:\Users\l1234\AppData\Local\Temp\ccyyUWg7.s 			page 13


 412:Core/Src/system_stm32h7xx.c ****       common_system_clock =  (uint32_t)(float_t)(pllvco/(float_t)pllp);
 413:Core/Src/system_stm32h7xx.c ****     }
 414:Core/Src/system_stm32h7xx.c ****     else
 415:Core/Src/system_stm32h7xx.c ****     {
 416:Core/Src/system_stm32h7xx.c ****       common_system_clock = 0U;
 417:Core/Src/system_stm32h7xx.c ****     }
 418:Core/Src/system_stm32h7xx.c ****     break;
 419:Core/Src/system_stm32h7xx.c **** 
 420:Core/Src/system_stm32h7xx.c ****   default:
 421:Core/Src/system_stm32h7xx.c ****     common_system_clock = (uint32_t) (HSI_VALUE >> ((RCC->CR & RCC_CR_HSIDIV)>> 3));
 253              		.loc 1 421 5 is_stmt 1 view .LVU78
 254              		.loc 1 421 57 is_stmt 0 view .LVU79
 255 002c 3F4B     		ldr	r3, .L29
 256              		.loc 1 421 25 view .LVU80
 257 002e 404A     		ldr	r2, .L29+4
 258              		.loc 1 421 57 view .LVU81
 259 0030 1B68     		ldr	r3, [r3]
 260              		.loc 1 421 78 view .LVU82
 261 0032 C3F3C103 		ubfx	r3, r3, #3, #2
 262              		.loc 1 421 25 view .LVU83
 263 0036 DA40     		lsrs	r2, r2, r3
 264              	.LVL0:
 422:Core/Src/system_stm32h7xx.c ****     break;
 265              		.loc 1 422 5 is_stmt 1 view .LVU84
 266              	.L16:
 423:Core/Src/system_stm32h7xx.c ****   }
 424:Core/Src/system_stm32h7xx.c **** 
 425:Core/Src/system_stm32h7xx.c ****   /* Compute SystemClock frequency --------------------------------------------------*/
 426:Core/Src/system_stm32h7xx.c **** #if defined (RCC_D1CFGR_D1CPRE)
 427:Core/Src/system_stm32h7xx.c ****   tmp = D1CorePrescTable[(RCC->D1CFGR & RCC_D1CFGR_D1CPRE)>> RCC_D1CFGR_D1CPRE_Pos];
 267              		.loc 1 427 3 view .LVU85
 268              		.loc 1 427 30 is_stmt 0 view .LVU86
 269 0038 3C4B     		ldr	r3, .L29
 270              		.loc 1 427 25 view .LVU87
 271 003a 3E48     		ldr	r0, .L29+8
 272              		.loc 1 427 30 view .LVU88
 273 003c 9969     		ldr	r1, [r3, #24]
 274              	.LVL1:
 428:Core/Src/system_stm32h7xx.c **** 
 429:Core/Src/system_stm32h7xx.c ****   /* common_system_clock frequency : CM7 CPU frequency  */
 430:Core/Src/system_stm32h7xx.c ****   common_system_clock >>= tmp;
 275              		.loc 1 430 3 is_stmt 1 view .LVU89
 431:Core/Src/system_stm32h7xx.c **** 
 432:Core/Src/system_stm32h7xx.c ****   /* SystemD2Clock frequency : CM4 CPU, AXI and AHBs Clock frequency  */
 433:Core/Src/system_stm32h7xx.c ****   SystemD2Clock = (common_system_clock >> ((D1CorePrescTable[(RCC->D1CFGR & RCC_D1CFGR_HPRE)>> RCC_
 276              		.loc 1 433 66 is_stmt 0 view .LVU90
 277 003e 9B69     		ldr	r3, [r3, #24]
 427:Core/Src/system_stm32h7xx.c **** 
 278              		.loc 1 427 59 view .LVU91
 279 0040 C1F30321 		ubfx	r1, r1, #8, #4
 280              	.LVL2:
 281              		.loc 1 433 17 view .LVU92
 282 0044 3C4C     		ldr	r4, .L29+12
 283              		.loc 1 433 93 view .LVU93
 284 0046 03F00F03 		and	r3, r3, #15
 427:Core/Src/system_stm32h7xx.c **** 
 285              		.loc 1 427 7 view .LVU94
ARM GAS  C:\Users\l1234\AppData\Local\Temp\ccyyUWg7.s 			page 14


 286 004a 10F801C0 		ldrb	ip, [r0, r1]	@ zero_extendqisi2
 287              		.loc 1 433 118 view .LVU95
 288 004e C35C     		ldrb	r3, [r0, r3]	@ zero_extendqisi2
 430:Core/Src/system_stm32h7xx.c **** 
 289              		.loc 1 430 23 view .LVU96
 290 0050 22FA0CF2 		lsr	r2, r2, ip
 291              	.LVL3:
 292              		.loc 1 433 3 is_stmt 1 view .LVU97
 434:Core/Src/system_stm32h7xx.c **** 
 435:Core/Src/system_stm32h7xx.c **** #else
 436:Core/Src/system_stm32h7xx.c ****   tmp = D1CorePrescTable[(RCC->CDCFGR1 & RCC_CDCFGR1_CDCPRE)>> RCC_CDCFGR1_CDCPRE_Pos];
 437:Core/Src/system_stm32h7xx.c **** 
 438:Core/Src/system_stm32h7xx.c ****   /* common_system_clock frequency : CM7 CPU frequency  */
 439:Core/Src/system_stm32h7xx.c ****   common_system_clock >>= tmp;
 440:Core/Src/system_stm32h7xx.c **** 
 441:Core/Src/system_stm32h7xx.c ****   /* SystemD2Clock frequency : AXI and AHBs Clock frequency  */
 442:Core/Src/system_stm32h7xx.c ****   SystemD2Clock = (common_system_clock >> ((D1CorePrescTable[(RCC->CDCFGR1 & RCC_CDCFGR1_HPRE)>> RC
 443:Core/Src/system_stm32h7xx.c **** 
 444:Core/Src/system_stm32h7xx.c **** #endif
 445:Core/Src/system_stm32h7xx.c **** 
 446:Core/Src/system_stm32h7xx.c **** #if defined(DUAL_CORE) && defined(CORE_CM4)
 447:Core/Src/system_stm32h7xx.c ****   SystemCoreClock = SystemD2Clock;
 448:Core/Src/system_stm32h7xx.c **** #else
 449:Core/Src/system_stm32h7xx.c ****   SystemCoreClock = common_system_clock;
 293              		.loc 1 449 19 is_stmt 0 view .LVU98
 294 0054 3949     		ldr	r1, .L29+16
 433:Core/Src/system_stm32h7xx.c **** 
 295              		.loc 1 433 118 view .LVU99
 296 0056 03F01F03 		and	r3, r3, #31
 297              		.loc 1 449 19 view .LVU100
 298 005a 0A60     		str	r2, [r1]
 433:Core/Src/system_stm32h7xx.c **** 
 299              		.loc 1 433 40 view .LVU101
 300 005c 22FA03F3 		lsr	r3, r2, r3
 433:Core/Src/system_stm32h7xx.c **** 
 301              		.loc 1 433 17 view .LVU102
 302 0060 2360     		str	r3, [r4]
 303              		.loc 1 449 3 is_stmt 1 view .LVU103
 450:Core/Src/system_stm32h7xx.c **** #endif /* DUAL_CORE && CORE_CM4 */
 451:Core/Src/system_stm32h7xx.c **** }
 304              		.loc 1 451 1 is_stmt 0 view .LVU104
 305 0062 30BC     		pop	{r4, r5}
 306              	.LCFI3:
 307              		.cfi_remember_state
 308              		.cfi_restore 5
 309              		.cfi_restore 4
 310              		.cfi_def_cfa_offset 0
 311 0064 7047     		bx	lr
 312              	.LVL4:
 313              	.L14:
 314              	.LCFI4:
 315              		.cfi_restore_state
 382:Core/Src/system_stm32h7xx.c ****     pllm = ((RCC->PLLCKSELR & RCC_PLLCKSELR_DIVM1)>> 4)  ;
 316              		.loc 1 382 5 is_stmt 1 view .LVU105
 382:Core/Src/system_stm32h7xx.c ****     pllm = ((RCC->PLLCKSELR & RCC_PLLCKSELR_DIVM1)>> 4)  ;
 317              		.loc 1 382 21 is_stmt 0 view .LVU106
 318 0066 314B     		ldr	r3, .L29
ARM GAS  C:\Users\l1234\AppData\Local\Temp\ccyyUWg7.s 			page 15


 319 0068 986A     		ldr	r0, [r3, #40]
 320              	.LVL5:
 383:Core/Src/system_stm32h7xx.c ****     pllfracen = ((RCC->PLLCFGR & RCC_PLLCFGR_PLL1FRACEN)>>RCC_PLLCFGR_PLL1FRACEN_Pos);
 321              		.loc 1 383 5 is_stmt 1 view .LVU107
 383:Core/Src/system_stm32h7xx.c ****     pllfracen = ((RCC->PLLCFGR & RCC_PLLCFGR_PLL1FRACEN)>>RCC_PLLCFGR_PLL1FRACEN_Pos);
 322              		.loc 1 383 17 is_stmt 0 view .LVU108
 323 006a 9C6A     		ldr	r4, [r3, #40]
 384:Core/Src/system_stm32h7xx.c ****     fracn1 = (float_t)(uint32_t)(pllfracen* ((RCC->PLL1FRACR & RCC_PLL1FRACR_FRACN1)>> 3));
 324              		.loc 1 384 22 view .LVU109
 325 006c DD6A     		ldr	r5, [r3, #44]
 387:Core/Src/system_stm32h7xx.c ****     {
 326              		.loc 1 387 8 view .LVU110
 327 006e 14F47C7F 		tst	r4, #1008
 385:Core/Src/system_stm32h7xx.c **** 
 328              		.loc 1 385 50 view .LVU111
 329 0072 596B     		ldr	r1, [r3, #52]
 383:Core/Src/system_stm32h7xx.c ****     pllfracen = ((RCC->PLLCFGR & RCC_PLLCFGR_PLL1FRACEN)>>RCC_PLLCFGR_PLL1FRACEN_Pos);
 330              		.loc 1 383 10 view .LVU112
 331 0074 C4F30512 		ubfx	r2, r4, #4, #6
 332              	.LVL6:
 384:Core/Src/system_stm32h7xx.c ****     fracn1 = (float_t)(uint32_t)(pllfracen* ((RCC->PLL1FRACR & RCC_PLL1FRACR_FRACN1)>> 3));
 333              		.loc 1 384 5 is_stmt 1 view .LVU113
 385:Core/Src/system_stm32h7xx.c **** 
 334              		.loc 1 385 5 view .LVU114
 387:Core/Src/system_stm32h7xx.c ****     {
 335              		.loc 1 387 5 view .LVU115
 387:Core/Src/system_stm32h7xx.c ****     {
 336              		.loc 1 387 8 is_stmt 0 view .LVU116
 337 0078 DED0     		beq	.L16
 389:Core/Src/system_stm32h7xx.c ****       {
 338              		.loc 1 389 7 is_stmt 1 view .LVU117
 385:Core/Src/system_stm32h7xx.c **** 
 339              		.loc 1 385 85 is_stmt 0 view .LVU118
 340 007a C1F3CC01 		ubfx	r1, r1, #3, #13
 341              	.LVL7:
 384:Core/Src/system_stm32h7xx.c ****     fracn1 = (float_t)(uint32_t)(pllfracen* ((RCC->PLL1FRACR & RCC_PLL1FRACR_FRACN1)>> 3));
 342              		.loc 1 384 15 view .LVU119
 343 007e 05F00105 		and	r5, r5, #1
 344              	.LVL8:
 394:Core/Src/system_stm32h7xx.c **** 
 345              		.loc 1 394 40 view .LVU120
 346 0082 07EE902A 		vmov	s15, r2	@ int
 382:Core/Src/system_stm32h7xx.c ****     pllm = ((RCC->PLLCKSELR & RCC_PLLCKSELR_DIVM1)>> 4)  ;
 347              		.loc 1 382 15 view .LVU121
 348 0086 00F00300 		and	r0, r0, #3
 349              	.LVL9:
 385:Core/Src/system_stm32h7xx.c **** 
 350              		.loc 1 385 23 view .LVU122
 351 008a 05FB01F1 		mul	r1, r5, r1
 394:Core/Src/system_stm32h7xx.c **** 
 352              		.loc 1 394 40 view .LVU123
 353 008e F8EEE76A 		vcvt.f32.s32	s13, s15
 354 0092 0128     		cmp	r0, #1
 394:Core/Src/system_stm32h7xx.c **** 
 355              		.loc 1 394 120 view .LVU124
 356 0094 07EE901A 		vmov	s15, r1	@ int
 357 0098 FAEEE97A 		vcvt.f32.s32	s15, s15, #13
ARM GAS  C:\Users\l1234\AppData\Local\Temp\ccyyUWg7.s 			page 16


 358 009c 43D0     		beq	.L19
 359 009e 0228     		cmp	r0, #2
 360 00a0 2DD0     		beq	.L20
 407:Core/Src/system_stm32h7xx.c ****           pllvco = ((float_t)hsivalue / (float_t)pllm) * ((float_t)(uint32_t)(RCC->PLL1DIVR & RCC_P
 361              		.loc 1 407 41 view .LVU125
 362 00a2 1968     		ldr	r1, [r3]
 363              	.LVL10:
 408:Core/Src/system_stm32h7xx.c ****         break;
 364              		.loc 1 408 11 is_stmt 1 view .LVU126
 408:Core/Src/system_stm32h7xx.c ****         break;
 365              		.loc 1 408 139 is_stmt 0 view .LVU127
 366 00a4 F7EE005A 		vmov.f32	s11, #1.0e+0
 407:Core/Src/system_stm32h7xx.c ****           pllvco = ((float_t)hsivalue / (float_t)pllm) * ((float_t)(uint32_t)(RCC->PLL1DIVR & RCC_P
 367              		.loc 1 407 20 view .LVU128
 368 00a8 214A     		ldr	r2, .L29+4
 369              	.LVL11:
 408:Core/Src/system_stm32h7xx.c ****         break;
 370              		.loc 1 408 82 view .LVU129
 371 00aa 1B6B     		ldr	r3, [r3, #48]
 407:Core/Src/system_stm32h7xx.c ****           pllvco = ((float_t)hsivalue / (float_t)pllm) * ((float_t)(uint32_t)(RCC->PLL1DIVR & RCC_P
 372              		.loc 1 407 62 view .LVU130
 373 00ac C1F3C101 		ubfx	r1, r1, #3, #2
 374              	.LVL12:
 408:Core/Src/system_stm32h7xx.c ****         break;
 375              		.loc 1 408 68 view .LVU131
 376 00b0 C3F30803 		ubfx	r3, r3, #0, #9
 407:Core/Src/system_stm32h7xx.c ****           pllvco = ((float_t)hsivalue / (float_t)pllm) * ((float_t)(uint32_t)(RCC->PLL1DIVR & RCC_P
 377              		.loc 1 407 20 view .LVU132
 378 00b4 CA40     		lsrs	r2, r2, r1
 408:Core/Src/system_stm32h7xx.c ****         break;
 379              		.loc 1 408 59 view .LVU133
 380 00b6 07EE103A 		vmov	s14, r3	@ int
 408:Core/Src/system_stm32h7xx.c ****         break;
 381              		.loc 1 408 21 view .LVU134
 382 00ba 06EE102A 		vmov	s12, r2	@ int
 408:Core/Src/system_stm32h7xx.c ****         break;
 383              		.loc 1 408 59 view .LVU135
 384 00be B8EEC77A 		vcvt.f32.s32	s14, s14
 408:Core/Src/system_stm32h7xx.c ****         break;
 385              		.loc 1 408 21 view .LVU136
 386 00c2 B8EEC66A 		vcvt.f32.s32	s12, s12
 408:Core/Src/system_stm32h7xx.c ****         break;
 387              		.loc 1 408 112 view .LVU137
 388 00c6 77EE277A 		vadd.f32	s15, s14, s15
 408:Core/Src/system_stm32h7xx.c ****         break;
 389              		.loc 1 408 39 view .LVU138
 390 00ca 86EE267A 		vdiv.f32	s14, s12, s13
 408:Core/Src/system_stm32h7xx.c ****         break;
 391              		.loc 1 408 139 view .LVU139
 392 00ce 77EEA57A 		vadd.f32	s15, s15, s11
 408:Core/Src/system_stm32h7xx.c ****         break;
 393              		.loc 1 408 18 view .LVU140
 394 00d2 27EE277A 		vmul.f32	s14, s14, s15
 395              	.LVL13:
 396              	.L22:
 411:Core/Src/system_stm32h7xx.c ****       common_system_clock =  (uint32_t)(float_t)(pllvco/(float_t)pllp);
 397              		.loc 1 411 7 is_stmt 1 view .LVU141
ARM GAS  C:\Users\l1234\AppData\Local\Temp\ccyyUWg7.s 			page 17


 411:Core/Src/system_stm32h7xx.c ****       common_system_clock =  (uint32_t)(float_t)(pllvco/(float_t)pllp);
 398              		.loc 1 411 20 is_stmt 0 view .LVU142
 399 00d6 154B     		ldr	r3, .L29
 400 00d8 1B6B     		ldr	r3, [r3, #48]
 401              	.LVL14:
 412:Core/Src/system_stm32h7xx.c ****     }
 402              		.loc 1 412 7 is_stmt 1 view .LVU143
 411:Core/Src/system_stm32h7xx.c ****       common_system_clock =  (uint32_t)(float_t)(pllvco/(float_t)pllp);
 403              		.loc 1 411 50 is_stmt 0 view .LVU144
 404 00da C3F34623 		ubfx	r3, r3, #9, #7
 405              	.LVL15:
 411:Core/Src/system_stm32h7xx.c ****       common_system_clock =  (uint32_t)(float_t)(pllvco/(float_t)pllp);
 406              		.loc 1 411 12 view .LVU145
 407 00de 0133     		adds	r3, r3, #1
 412:Core/Src/system_stm32h7xx.c ****     }
 408              		.loc 1 412 57 view .LVU146
 409 00e0 07EE903A 		vmov	s15, r3	@ int
 410 00e4 F8EEE77A 		vcvt.f32.s32	s15, s15
 412:Core/Src/system_stm32h7xx.c ****     }
 411              		.loc 1 412 40 view .LVU147
 412 00e8 C7EE276A 		vdiv.f32	s13, s14, s15
 412:Core/Src/system_stm32h7xx.c ****     }
 413              		.loc 1 412 27 view .LVU148
 414 00ec FCEEE67A 		vcvt.u32.f32	s15, s13
 415 00f0 17EE902A 		vmov	r2, s15	@ int
 416              	.LVL16:
 412:Core/Src/system_stm32h7xx.c ****     }
 417              		.loc 1 412 27 view .LVU149
 418 00f4 A0E7     		b	.L16
 419              	.LVL17:
 420              	.L23:
 363:Core/Src/system_stm32h7xx.c ****   {
 421              		.loc 1 363 3 view .LVU150
 422 00f6 124A     		ldr	r2, .L29+20
 423 00f8 9EE7     		b	.L16
 424              	.L17:
 370:Core/Src/system_stm32h7xx.c ****     break;
 425              		.loc 1 370 25 view .LVU151
 426 00fa 124A     		ldr	r2, .L29+24
 427 00fc 9CE7     		b	.L16
 428              	.LVL18:
 429              	.L20:
 403:Core/Src/system_stm32h7xx.c ****         break;
 430              		.loc 1 403 11 is_stmt 1 view .LVU152
 403:Core/Src/system_stm32h7xx.c ****         break;
 431              		.loc 1 403 40 is_stmt 0 view .LVU153
 432 00fe 9FED127A 		vldr.32	s14, .L29+28
 433              	.L28:
 434 0102 87EE266A 		vdiv.f32	s12, s14, s13
 403:Core/Src/system_stm32h7xx.c ****         break;
 435              		.loc 1 403 83 view .LVU154
 436 0106 1B6B     		ldr	r3, [r3, #48]
 403:Core/Src/system_stm32h7xx.c ****         break;
 437              		.loc 1 403 69 view .LVU155
 438 0108 C3F30803 		ubfx	r3, r3, #0, #9
 439 010c 07EE103A 		vmov	s14, r3	@ int
 403:Core/Src/system_stm32h7xx.c ****         break;
ARM GAS  C:\Users\l1234\AppData\Local\Temp\ccyyUWg7.s 			page 18


 440              		.loc 1 403 140 view .LVU156
 441 0110 F7EE005A 		vmov.f32	s11, #1.0e+0
 403:Core/Src/system_stm32h7xx.c ****         break;
 442              		.loc 1 403 60 view .LVU157
 443 0114 B8EEC77A 		vcvt.f32.s32	s14, s14
 403:Core/Src/system_stm32h7xx.c ****         break;
 444              		.loc 1 403 113 view .LVU158
 445 0118 37EE277A 		vadd.f32	s14, s14, s15
 403:Core/Src/system_stm32h7xx.c ****         break;
 446              		.loc 1 403 140 view .LVU159
 447 011c 37EE257A 		vadd.f32	s14, s14, s11
 403:Core/Src/system_stm32h7xx.c ****         break;
 448              		.loc 1 403 18 view .LVU160
 449 0120 27EE067A 		vmul.f32	s14, s14, s12
 450              	.LVL19:
 404:Core/Src/system_stm32h7xx.c **** 
 451              		.loc 1 404 9 is_stmt 1 view .LVU161
 452 0124 D7E7     		b	.L22
 453              	.LVL20:
 454              	.L19:
 399:Core/Src/system_stm32h7xx.c ****         break;
 455              		.loc 1 399 11 view .LVU162
 399:Core/Src/system_stm32h7xx.c ****         break;
 456              		.loc 1 399 40 is_stmt 0 view .LVU163
 457 0126 9FED097A 		vldr.32	s14, .L29+32
 458 012a EAE7     		b	.L28
 459              	.L30:
 460              		.align	2
 461              	.L29:
 462 012c 00440258 		.word	1476543488
 463 0130 0090D003 		.word	64000000
 464 0134 00000000 		.word	D1CorePrescTable
 465 0138 00000000 		.word	SystemD2Clock
 466 013c 00000000 		.word	SystemCoreClock
 467 0140 00366E01 		.word	24000000
 468 0144 00093D00 		.word	4000000
 469 0148 001BB74B 		.word	1270291200
 470 014c 0024744A 		.word	1249125376
 471              		.cfi_endproc
 472              	.LFE145:
 474              		.section	.text.ExitRun0Mode,"ax",%progbits
 475              		.align	1
 476              		.p2align 2,,3
 477              		.global	ExitRun0Mode
 478              		.syntax unified
 479              		.thumb
 480              		.thumb_func
 482              	ExitRun0Mode:
 483              	.LFB146:
 452:Core/Src/system_stm32h7xx.c **** 
 453:Core/Src/system_stm32h7xx.c **** /**
 454:Core/Src/system_stm32h7xx.c ****   * @brief  Exit Run* mode and Configure the system Power Supply
 455:Core/Src/system_stm32h7xx.c ****   *
 456:Core/Src/system_stm32h7xx.c ****   * @note   This function exits the Run* mode and configures the system power supply
 457:Core/Src/system_stm32h7xx.c ****   *         according to the definition to be used at compilation preprocessing level.
 458:Core/Src/system_stm32h7xx.c ****   *         The application shall set one of the following configuration option:
 459:Core/Src/system_stm32h7xx.c ****   *           - PWR_LDO_SUPPLY
ARM GAS  C:\Users\l1234\AppData\Local\Temp\ccyyUWg7.s 			page 19


 460:Core/Src/system_stm32h7xx.c ****   *           - PWR_DIRECT_SMPS_SUPPLY
 461:Core/Src/system_stm32h7xx.c ****   *           - PWR_EXTERNAL_SOURCE_SUPPLY
 462:Core/Src/system_stm32h7xx.c ****   *           - PWR_SMPS_1V8_SUPPLIES_LDO
 463:Core/Src/system_stm32h7xx.c ****   *           - PWR_SMPS_2V5_SUPPLIES_LDO
 464:Core/Src/system_stm32h7xx.c ****   *           - PWR_SMPS_1V8_SUPPLIES_EXT_AND_LDO
 465:Core/Src/system_stm32h7xx.c ****   *           - PWR_SMPS_2V5_SUPPLIES_EXT_AND_LDO
 466:Core/Src/system_stm32h7xx.c ****   *           - PWR_SMPS_1V8_SUPPLIES_EXT
 467:Core/Src/system_stm32h7xx.c ****   *           - PWR_SMPS_2V5_SUPPLIES_EXT
 468:Core/Src/system_stm32h7xx.c ****   *
 469:Core/Src/system_stm32h7xx.c ****   * @note   The function modifies the PWR->CR3 register to enable or disable specific
 470:Core/Src/system_stm32h7xx.c ****   *         power supply modes and waits until the voltage level flag is set, indicating
 471:Core/Src/system_stm32h7xx.c ****   *         that the power supply configuration is stable.
 472:Core/Src/system_stm32h7xx.c ****   *
 473:Core/Src/system_stm32h7xx.c ****   * @param  None
 474:Core/Src/system_stm32h7xx.c ****   * @retval None
 475:Core/Src/system_stm32h7xx.c ****   */
 476:Core/Src/system_stm32h7xx.c **** void ExitRun0Mode(void)
 477:Core/Src/system_stm32h7xx.c **** {
 484              		.loc 1 477 1 is_stmt 1 view -0
 485              		.cfi_startproc
 486              		@ args = 0, pretend = 0, frame = 0
 487              		@ frame_needed = 0, uses_anonymous_args = 0
 488              		@ link register save eliminated.
 478:Core/Src/system_stm32h7xx.c **** #if defined(USE_PWR_LDO_SUPPLY)
 479:Core/Src/system_stm32h7xx.c ****   #if defined(SMPS)
 480:Core/Src/system_stm32h7xx.c ****     /* Exit Run* mode by disabling SMPS and enabling LDO */
 481:Core/Src/system_stm32h7xx.c ****     PWR->CR3 = (PWR->CR3 & ~PWR_CR3_SMPSEN) | PWR_CR3_LDOEN;
 482:Core/Src/system_stm32h7xx.c ****   #else
 483:Core/Src/system_stm32h7xx.c ****     /* Enable LDO mode */
 484:Core/Src/system_stm32h7xx.c ****     PWR->CR3 |= PWR_CR3_LDOEN;
 489              		.loc 1 484 5 view .LVU165
 490              		.loc 1 484 8 is_stmt 0 view .LVU166
 491 0000 044A     		ldr	r2, .L35
 492 0002 D368     		ldr	r3, [r2, #12]
 493              		.loc 1 484 14 view .LVU167
 494 0004 43F00203 		orr	r3, r3, #2
 495 0008 D360     		str	r3, [r2, #12]
 485:Core/Src/system_stm32h7xx.c ****   #endif /* SMPS */
 486:Core/Src/system_stm32h7xx.c ****   /* Wait till voltage level flag is set */
 487:Core/Src/system_stm32h7xx.c ****   while ((PWR->CSR1 & PWR_CSR1_ACTVOSRDY) == 0U)
 496              		.loc 1 487 3 is_stmt 1 view .LVU168
 497              	.L32:
 488:Core/Src/system_stm32h7xx.c ****   {}
 498              		.loc 1 488 4 discriminator 1 view .LVU169
 487:Core/Src/system_stm32h7xx.c ****   {}
 499              		.loc 1 487 43 discriminator 1 view .LVU170
 487:Core/Src/system_stm32h7xx.c ****   {}
 500              		.loc 1 487 14 is_stmt 0 discriminator 1 view .LVU171
 501 000a 5368     		ldr	r3, [r2, #4]
 487:Core/Src/system_stm32h7xx.c ****   {}
 502              		.loc 1 487 43 discriminator 1 view .LVU172
 503 000c 9B04     		lsls	r3, r3, #18
 504 000e FCD5     		bpl	.L32
 489:Core/Src/system_stm32h7xx.c **** #elif defined(USE_PWR_EXTERNAL_SOURCE_SUPPLY)
 490:Core/Src/system_stm32h7xx.c ****   #if defined(SMPS)
 491:Core/Src/system_stm32h7xx.c ****     /* Exit Run* mode */
 492:Core/Src/system_stm32h7xx.c ****     PWR->CR3 = (PWR->CR3 & ~(PWR_CR3_SMPSEN | PWR_CR3_LDOEN)) | PWR_CR3_BYPASS;
ARM GAS  C:\Users\l1234\AppData\Local\Temp\ccyyUWg7.s 			page 20


 493:Core/Src/system_stm32h7xx.c ****   #else
 494:Core/Src/system_stm32h7xx.c ****     PWR->CR3 = (PWR->CR3 & ~(PWR_CR3_LDOEN)) | PWR_CR3_BYPASS;
 495:Core/Src/system_stm32h7xx.c ****   #endif /* SMPS */
 496:Core/Src/system_stm32h7xx.c ****   /* Wait till voltage level flag is set */
 497:Core/Src/system_stm32h7xx.c ****   while ((PWR->CSR1 & PWR_CSR1_ACTVOSRDY) == 0U)
 498:Core/Src/system_stm32h7xx.c ****   {}
 499:Core/Src/system_stm32h7xx.c **** #elif defined(USE_PWR_DIRECT_SMPS_SUPPLY) && defined(SMPS)
 500:Core/Src/system_stm32h7xx.c ****   /* Exit Run* mode */
 501:Core/Src/system_stm32h7xx.c ****   PWR->CR3 &= ~(PWR_CR3_LDOEN);
 502:Core/Src/system_stm32h7xx.c ****   /* Wait till voltage level flag is set */
 503:Core/Src/system_stm32h7xx.c ****   while ((PWR->CSR1 & PWR_CSR1_ACTVOSRDY) == 0U)
 504:Core/Src/system_stm32h7xx.c ****   {}
 505:Core/Src/system_stm32h7xx.c **** #elif defined(USE_PWR_SMPS_1V8_SUPPLIES_LDO) && defined(SMPS)
 506:Core/Src/system_stm32h7xx.c ****   /* Exit Run* mode */
 507:Core/Src/system_stm32h7xx.c ****   PWR->CR3 |= PWR_CR3_SMPSLEVEL_0 | PWR_CR3_SMPSEN | PWR_CR3_LDOEN;
 508:Core/Src/system_stm32h7xx.c ****   /* Wait till voltage level flag is set */
 509:Core/Src/system_stm32h7xx.c ****   while ((PWR->CSR1 & PWR_CSR1_ACTVOSRDY) == 0U)
 510:Core/Src/system_stm32h7xx.c ****   {}
 511:Core/Src/system_stm32h7xx.c **** #elif defined(USE_PWR_SMPS_2V5_SUPPLIES_LDO) && defined(SMPS)
 512:Core/Src/system_stm32h7xx.c ****   /* Exit Run* mode */
 513:Core/Src/system_stm32h7xx.c ****   PWR->CR3 |= PWR_CR3_SMPSLEVEL_1 | PWR_CR3_SMPSEN | PWR_CR3_LDOEN;
 514:Core/Src/system_stm32h7xx.c ****   /* Wait till voltage level flag is set */
 515:Core/Src/system_stm32h7xx.c ****   while ((PWR->CSR1 & PWR_CSR1_ACTVOSRDY) == 0U)
 516:Core/Src/system_stm32h7xx.c ****   {}
 517:Core/Src/system_stm32h7xx.c **** #elif defined(USE_PWR_SMPS_1V8_SUPPLIES_EXT_AND_LDO) && defined(SMPS)
 518:Core/Src/system_stm32h7xx.c ****   /* Exit Run* mode */
 519:Core/Src/system_stm32h7xx.c ****   PWR->CR3 |= PWR_CR3_SMPSLEVEL_0 | PWR_CR3_SMPSEXTHP | PWR_CR3_SMPSEN | PWR_CR3_LDOEN;
 520:Core/Src/system_stm32h7xx.c ****   /* Wait till voltage level flag is set */
 521:Core/Src/system_stm32h7xx.c ****   while ((PWR->CSR1 & PWR_CSR1_ACTVOSRDY) == 0U)
 522:Core/Src/system_stm32h7xx.c ****   {}
 523:Core/Src/system_stm32h7xx.c **** #elif defined(USE_PWR_SMPS_2V5_SUPPLIES_EXT_AND_LDO) && defined(SMPS)
 524:Core/Src/system_stm32h7xx.c ****   /* Exit Run* mode */
 525:Core/Src/system_stm32h7xx.c ****   PWR->CR3 |= PWR_CR3_SMPSLEVEL_1 | PWR_CR3_SMPSEXTHP | PWR_CR3_SMPSEN | PWR_CR3_LDOEN;
 526:Core/Src/system_stm32h7xx.c ****   /* Wait till voltage level flag is set */
 527:Core/Src/system_stm32h7xx.c ****   while ((PWR->CSR1 & PWR_CSR1_ACTVOSRDY) == 0U)
 528:Core/Src/system_stm32h7xx.c ****   {}
 529:Core/Src/system_stm32h7xx.c **** #elif defined(USE_PWR_SMPS_1V8_SUPPLIES_EXT) && defined(SMPS)
 530:Core/Src/system_stm32h7xx.c ****   /* Exit Run* mode */
 531:Core/Src/system_stm32h7xx.c ****   PWR->CR3 = (PWR->CR3 & ~(PWR_CR3_LDOEN)) | PWR_CR3_SMPSLEVEL_0 | PWR_CR3_SMPSEXTHP | PWR_CR3_SMPS
 532:Core/Src/system_stm32h7xx.c ****   /* Wait till voltage level flag is set */
 533:Core/Src/system_stm32h7xx.c ****   while ((PWR->CSR1 & PWR_CSR1_ACTVOSRDY) == 0U)
 534:Core/Src/system_stm32h7xx.c ****   {}
 535:Core/Src/system_stm32h7xx.c **** #elif defined(USE_PWR_SMPS_2V5_SUPPLIES_EXT) && defined(SMPS)
 536:Core/Src/system_stm32h7xx.c ****   /* Exit Run* mode */
 537:Core/Src/system_stm32h7xx.c ****   PWR->CR3 = (PWR->CR3 & ~(PWR_CR3_LDOEN)) | PWR_CR3_SMPSLEVEL_1 | PWR_CR3_SMPSEXTHP | PWR_CR3_SMPS
 538:Core/Src/system_stm32h7xx.c ****   /* Wait till voltage level flag is set */
 539:Core/Src/system_stm32h7xx.c ****   while ((PWR->CSR1 & PWR_CSR1_ACTVOSRDY) == 0U)
 540:Core/Src/system_stm32h7xx.c ****   {}
 541:Core/Src/system_stm32h7xx.c **** #else
 542:Core/Src/system_stm32h7xx.c ****   /* No system power supply configuration is selected at exit Run* mode */
 543:Core/Src/system_stm32h7xx.c **** #endif /* USE_PWR_LDO_SUPPLY */
 544:Core/Src/system_stm32h7xx.c **** }
 505              		.loc 1 544 1 view .LVU173
 506 0010 7047     		bx	lr
 507              	.L36:
 508 0012 00BF     		.align	2
 509              	.L35:
ARM GAS  C:\Users\l1234\AppData\Local\Temp\ccyyUWg7.s 			page 21


 510 0014 00480258 		.word	1476544512
 511              		.cfi_endproc
 512              	.LFE146:
 514              		.global	D1CorePrescTable
 515              		.section	.rodata.D1CorePrescTable,"a"
 516              		.align	2
 519              	D1CorePrescTable:
 520 0000 00000000 		.ascii	"\000\000\000\000\001\002\003\004\001\002\003\004\006"
 520      01020304 
 520      01020304 
 520      06
 521 000d 070809   		.ascii	"\007\010\011"
 522              		.global	SystemD2Clock
 523              		.section	.data.SystemD2Clock,"aw"
 524              		.align	2
 527              	SystemD2Clock:
 528 0000 0090D003 		.word	64000000
 529              		.global	SystemCoreClock
 530              		.section	.data.SystemCoreClock,"aw"
 531              		.align	2
 534              	SystemCoreClock:
 535 0000 0090D003 		.word	64000000
 536              		.text
 537              	.Letext0:
 538              		.file 2 "c:\\msys64\\mingw64\\arm-none-eabi\\include\\machine\\_default_types.h"
 539              		.file 3 "c:\\msys64\\mingw64\\arm-none-eabi\\include\\sys\\_stdint.h"
 540              		.file 4 "Drivers/CMSIS/Include/core_cm7.h"
 541              		.file 5 "Drivers/CMSIS/Device/ST/STM32H7xx/Include/system_stm32h7xx.h"
 542              		.file 6 "Drivers/CMSIS/Device/ST/STM32H7xx/Include/stm32h723xx.h"
 543              		.file 7 "c:\\msys64\\mingw64\\arm-none-eabi\\include\\math.h"
ARM GAS  C:\Users\l1234\AppData\Local\Temp\ccyyUWg7.s 			page 22


DEFINED SYMBOLS
                            *ABS*:00000000 system_stm32h7xx.c
C:\Users\l1234\AppData\Local\Temp\ccyyUWg7.s:20     .text.SystemInit:00000000 $t
C:\Users\l1234\AppData\Local\Temp\ccyyUWg7.s:27     .text.SystemInit:00000000 SystemInit
C:\Users\l1234\AppData\Local\Temp\ccyyUWg7.s:180    .text.SystemInit:000000ac $d
C:\Users\l1234\AppData\Local\Temp\ccyyUWg7.s:192    .text.SystemCoreClockUpdate:00000000 $t
C:\Users\l1234\AppData\Local\Temp\ccyyUWg7.s:199    .text.SystemCoreClockUpdate:00000000 SystemCoreClockUpdate
C:\Users\l1234\AppData\Local\Temp\ccyyUWg7.s:226    .text.SystemCoreClockUpdate:00000012 $d
C:\Users\l1234\AppData\Local\Temp\ccyyUWg7.s:462    .text.SystemCoreClockUpdate:0000012c $d
C:\Users\l1234\AppData\Local\Temp\ccyyUWg7.s:519    .rodata.D1CorePrescTable:00000000 D1CorePrescTable
C:\Users\l1234\AppData\Local\Temp\ccyyUWg7.s:527    .data.SystemD2Clock:00000000 SystemD2Clock
C:\Users\l1234\AppData\Local\Temp\ccyyUWg7.s:534    .data.SystemCoreClock:00000000 SystemCoreClock
C:\Users\l1234\AppData\Local\Temp\ccyyUWg7.s:475    .text.ExitRun0Mode:00000000 $t
C:\Users\l1234\AppData\Local\Temp\ccyyUWg7.s:482    .text.ExitRun0Mode:00000000 ExitRun0Mode
C:\Users\l1234\AppData\Local\Temp\ccyyUWg7.s:510    .text.ExitRun0Mode:00000014 $d
C:\Users\l1234\AppData\Local\Temp\ccyyUWg7.s:516    .rodata.D1CorePrescTable:00000000 $d
C:\Users\l1234\AppData\Local\Temp\ccyyUWg7.s:524    .data.SystemD2Clock:00000000 $d
C:\Users\l1234\AppData\Local\Temp\ccyyUWg7.s:531    .data.SystemCoreClock:00000000 $d
C:\Users\l1234\AppData\Local\Temp\ccyyUWg7.s:251    .text.SystemCoreClockUpdate:0000002b $d
C:\Users\l1234\AppData\Local\Temp\ccyyUWg7.s:251    .text.SystemCoreClockUpdate:0000002c $t

NO UNDEFINED SYMBOLS
