Archive member included to satisfy reference by file (symbol)

c:/msys64/mingw64/bin/../lib/gcc/arm-none-eabi/12.2.0/../../../../arm-none-eabi/lib/thumb/v7e-m+dp/hard\libc_nano.a(libc_a-atexit.o)
                              c:/msys64/mingw64/bin/../lib/gcc/arm-none-eabi/12.2.0/../../../../arm-none-eabi/lib/thumb/v7e-m+dp/hard/crt0.o (atexit)
c:/msys64/mingw64/bin/../lib/gcc/arm-none-eabi/12.2.0/../../../../arm-none-eabi/lib/thumb/v7e-m+dp/hard\libc_nano.a(libc_a-exit.o)
                              c:/msys64/mingw64/bin/../lib/gcc/arm-none-eabi/12.2.0/../../../../arm-none-eabi/lib/thumb/v7e-m+dp/hard/crt0.o (exit)
c:/msys64/mingw64/bin/../lib/gcc/arm-none-eabi/12.2.0/../../../../arm-none-eabi/lib/thumb/v7e-m+dp/hard\libc_nano.a(libc_a-findfp.o)
                              c:/msys64/mingw64/bin/../lib/gcc/arm-none-eabi/12.2.0/../../../../arm-none-eabi/lib/thumb/v7e-m+dp/hard\libc_nano.a(libc_a-exit.o) (__stdio_exit_handler)
c:/msys64/mingw64/bin/../lib/gcc/arm-none-eabi/12.2.0/../../../../arm-none-eabi/lib/thumb/v7e-m+dp/hard\libc_nano.a(libc_a-fwalk.o)
                              c:/msys64/mingw64/bin/../lib/gcc/arm-none-eabi/12.2.0/../../../../arm-none-eabi/lib/thumb/v7e-m+dp/hard\libc_nano.a(libc_a-findfp.o) (_fwalk_sglue)
c:/msys64/mingw64/bin/../lib/gcc/arm-none-eabi/12.2.0/../../../../arm-none-eabi/lib/thumb/v7e-m+dp/hard\libc_nano.a(libc_a-stdio.o)
                              c:/msys64/mingw64/bin/../lib/gcc/arm-none-eabi/12.2.0/../../../../arm-none-eabi/lib/thumb/v7e-m+dp/hard\libc_nano.a(libc_a-findfp.o) (__sread)
c:/msys64/mingw64/bin/../lib/gcc/arm-none-eabi/12.2.0/../../../../arm-none-eabi/lib/thumb/v7e-m+dp/hard\libc_nano.a(libc_a-memset.o)
                              c:/msys64/mingw64/bin/../lib/gcc/arm-none-eabi/12.2.0/../../../../arm-none-eabi/lib/thumb/v7e-m+dp/hard/crt0.o (memset)
c:/msys64/mingw64/bin/../lib/gcc/arm-none-eabi/12.2.0/../../../../arm-none-eabi/lib/thumb/v7e-m+dp/hard\libc_nano.a(libc_a-closer.o)
                              c:/msys64/mingw64/bin/../lib/gcc/arm-none-eabi/12.2.0/../../../../arm-none-eabi/lib/thumb/v7e-m+dp/hard\libc_nano.a(libc_a-stdio.o) (_close_r)
c:/msys64/mingw64/bin/../lib/gcc/arm-none-eabi/12.2.0/../../../../arm-none-eabi/lib/thumb/v7e-m+dp/hard\libc_nano.a(libc_a-reent.o)
                              c:/msys64/mingw64/bin/../lib/gcc/arm-none-eabi/12.2.0/../../../../arm-none-eabi/lib/thumb/v7e-m+dp/hard\libc_nano.a(libc_a-closer.o) (errno)
c:/msys64/mingw64/bin/../lib/gcc/arm-none-eabi/12.2.0/../../../../arm-none-eabi/lib/thumb/v7e-m+dp/hard\libc_nano.a(libc_a-impure.o)
                              c:/msys64/mingw64/bin/../lib/gcc/arm-none-eabi/12.2.0/../../../../arm-none-eabi/lib/thumb/v7e-m+dp/hard\libc_nano.a(libc_a-reent.o) (_impure_ptr)
c:/msys64/mingw64/bin/../lib/gcc/arm-none-eabi/12.2.0/../../../../arm-none-eabi/lib/thumb/v7e-m+dp/hard\libc_nano.a(libc_a-lseekr.o)
                              c:/msys64/mingw64/bin/../lib/gcc/arm-none-eabi/12.2.0/../../../../arm-none-eabi/lib/thumb/v7e-m+dp/hard\libc_nano.a(libc_a-stdio.o) (_lseek_r)
c:/msys64/mingw64/bin/../lib/gcc/arm-none-eabi/12.2.0/../../../../arm-none-eabi/lib/thumb/v7e-m+dp/hard\libc_nano.a(libc_a-readr.o)
                              c:/msys64/mingw64/bin/../lib/gcc/arm-none-eabi/12.2.0/../../../../arm-none-eabi/lib/thumb/v7e-m+dp/hard\libc_nano.a(libc_a-stdio.o) (_read_r)
c:/msys64/mingw64/bin/../lib/gcc/arm-none-eabi/12.2.0/../../../../arm-none-eabi/lib/thumb/v7e-m+dp/hard\libc_nano.a(libc_a-writer.o)
                              c:/msys64/mingw64/bin/../lib/gcc/arm-none-eabi/12.2.0/../../../../arm-none-eabi/lib/thumb/v7e-m+dp/hard\libc_nano.a(libc_a-stdio.o) (_write_r)
c:/msys64/mingw64/bin/../lib/gcc/arm-none-eabi/12.2.0/../../../../arm-none-eabi/lib/thumb/v7e-m+dp/hard\libc_nano.a(libc_a-errno.o)
                              build/sysmem.o (__errno)
c:/msys64/mingw64/bin/../lib/gcc/arm-none-eabi/12.2.0/../../../../arm-none-eabi/lib/thumb/v7e-m+dp/hard\libc_nano.a(libc_a-init.o)
                              c:/msys64/mingw64/bin/../lib/gcc/arm-none-eabi/12.2.0/../../../../arm-none-eabi/lib/thumb/v7e-m+dp/hard/crt0.o (__libc_init_array)
c:/msys64/mingw64/bin/../lib/gcc/arm-none-eabi/12.2.0/../../../../arm-none-eabi/lib/thumb/v7e-m+dp/hard\libc_nano.a(libc_a-fini.o)
                              c:/msys64/mingw64/bin/../lib/gcc/arm-none-eabi/12.2.0/../../../../arm-none-eabi/lib/thumb/v7e-m+dp/hard/crt0.o (__libc_fini_array)
c:/msys64/mingw64/bin/../lib/gcc/arm-none-eabi/12.2.0/../../../../arm-none-eabi/lib/thumb/v7e-m+dp/hard\libc_nano.a(libc_a-lock.o)
                              c:/msys64/mingw64/bin/../lib/gcc/arm-none-eabi/12.2.0/../../../../arm-none-eabi/lib/thumb/v7e-m+dp/hard\libc_nano.a(libc_a-findfp.o) (__retarget_lock_init_recursive)
c:/msys64/mingw64/bin/../lib/gcc/arm-none-eabi/12.2.0/../../../../arm-none-eabi/lib/thumb/v7e-m+dp/hard\libc_nano.a(libc_a-memcpy.o)
                              build/stm32h7xx_hal_fdcan.o (memcpy)
[...]
Memory Configuration

Name             Origin             Length             Attributes
DTCMRAM          0x20000000         0x00020000         xrw
RAM              0x24000000         0x00020000         xrw
RAM_D2           0x30000000         0x00008000         xrw
RAM_D3           0x38000000         0x00004000         xrw
ITCMRAM          0x00000000         0x00010000         xrw
FLASH            0x08000000         0x00100000         xr
*default*        0x00000000         0xffffffff

Linker script and memory map

LOAD c:/msys64/mingw64/bin/../lib/gcc/arm-none-eabi/12.2.0/thumb/v7e-m+dp/hard/crti.o
LOAD c:/msys64/mingw64/bin/../lib/gcc/arm-none-eabi/12.2.0/thumb/v7e-m+dp/hard/crtbegin.o
LOAD c:/msys64/mingw64/bin/../lib/gcc/arm-none-eabi/12.2.0/../../../../arm-none-eabi/lib/thumb/v7e-m+dp/hard/crt0.o
LOAD build/main.o
LOAD build/gpio.o
LOAD build/dma.o
LOAD build/fdcan.o
LOAD build/memorymap.o
LOAD build/spi.o
LOAD build/tim.o
LOAD build/usart.o
LOAD build/stm32h7xx_it.o
LOAD build/stm32h7xx_hal_msp.o
LOAD build/stm32h7xx_hal_timebase_tim.o
LOAD build/stm32h7xx_hal_tim.o
LOAD build/stm32h7xx_hal_tim_ex.o
LOAD build/stm32h7xx_hal_cortex.o
LOAD build/stm32h7xx_hal_rcc.o
LOAD build/stm32h7xx_hal_rcc_ex.o
LOAD build/stm32h7xx_hal_flash.o
LOAD build/stm32h7xx_hal_flash_ex.o
LOAD build/stm32h7xx_hal_gpio.o
LOAD build/stm32h7xx_hal_hsem.o
LOAD build/stm32h7xx_hal_dma.o
LOAD build/stm32h7xx_hal_dma_ex.o
LOAD build/stm32h7xx_hal_mdma.o
LOAD build/stm32h7xx_hal_pwr.o
LOAD build/stm32h7xx_hal_pwr_ex.o
LOAD build/stm32h7xx_hal.o
LOAD build/stm32h7xx_hal_i2c.o
LOAD build/stm32h7xx_hal_i2c_ex.o
LOAD build/stm32h7xx_hal_exti.o
LOAD build/stm32h7xx_hal_fdcan.o
LOAD build/stm32h7xx_hal_spi.o
LOAD build/stm32h7xx_hal_spi_ex.o
LOAD build/stm32h7xx_hal_uart.o
LOAD build/stm32h7xx_hal_uart_ex.o
LOAD build/system_stm32h7xx.o
LOAD build/sysmem.o
LOAD build/syscalls.o
LOAD build/nrf24.o
LOAD build/radio.o
LOAD build/usdelay.o
LOAD build/bsp_fdcan.o
LOAD build/bsp_inverse_kinematics.o
LOAD build/bsp_motor_feedback.o
LOAD build/bsp_pid.o
LOAD build/bsp_sbus_controller.o
LOAD build/startup_stm32h723xx.o
LOAD c:/msys64/mingw64/bin/../lib/gcc/arm-none-eabi/12.2.0/../../../../arm-none-eabi/lib/thumb/v7e-m+dp/hard\libc_nano.a
LOAD c:/msys64/mingw64/bin/../lib/gcc/arm-none-eabi/12.2.0/../../../../arm-none-eabi/lib/thumb/v7e-m+dp/hard\libm.a
LOAD c:/msys64/mingw64/bin/../lib/gcc/arm-none-eabi/12.2.0/../../../../arm-none-eabi/lib/thumb/v7e-m+dp/hard\libnosys.a
START GROUP
LOAD c:/msys64/mingw64/bin/../lib/gcc/arm-none-eabi/12.2.0/thumb/v7e-m+dp/hard\libgcc.a
LOAD c:/msys64/mingw64/bin/../lib/gcc/arm-none-eabi/12.2.0/../../../../arm-none-eabi/lib/thumb/v7e-m+dp/hard\libc_nano.a
END GROUP
START GROUP
LOAD c:/msys64/mingw64/bin/../lib/gcc/arm-none-eabi/12.2.0/thumb/v7e-m+dp/hard\libgcc.a
LOAD c:/msys64/mingw64/bin/../lib/gcc/arm-none-eabi/12.2.0/../../../../arm-none-eabi/lib/thumb/v7e-m+dp/hard\libc_nano.a
END GROUP
LOAD c:/msys64/mingw64/bin/../lib/gcc/arm-none-eabi/12.2.0/thumb/v7e-m+dp/hard/crtend.o
LOAD c:/msys64/mingw64/bin/../lib/gcc/arm-none-eabi/12.2.0/thumb/v7e-m+dp/hard/crtn.o
                0x20020000                        _estack = (ORIGIN (DTCMRAM) + LENGTH (DTCMRAM))
                0x00000200                        _Min_Heap_Size = 0x200
                0x00000400                        _Min_Stack_Size = 0x400

.isr_vector     0x08000000      0x2cc
                0x08000000                        . = ALIGN (0x4)
 *(.isr_vector)
 .isr_vector    0x08000000      0x2cc build/startup_stm32h723xx.o
                0x08000000                g_pfnVectors
                0x080002cc                        . = ALIGN (0x4)

.text           0x080002d0     0xa4e8
                0x080002d0                        . = ALIGN (0x4)
 *(.text)
 .text          0x080002d0       0xa4 c:/msys64/mingw64/bin/../lib/gcc/arm-none-eabi/12.2.0/../../../../arm-none-eabi/lib/thumb/v7e-m+dp/hard\libc_nano.a(libc_a-memset.o)
                0x080002d0                memset
 .text          0x08000374       0x50 c:/msys64/mingw64/bin/../lib/gcc/arm-none-eabi/12.2.0/../../../../arm-none-eabi/lib/thumb/v7e-m+dp/hard\libc_nano.a(libc_a-init.o)
                0x08000374                __libc_init_array
 .text          0x080003c4      0x134 c:/msys64/mingw64/bin/../lib/gcc/arm-none-eabi/12.2.0/../../../../arm-none-eabi/lib/thumb/v7e-m+dp/hard\libc_nano.a(libc_a-memcpy.o)
                0x080003c4                memcpy
 .text          0x080004f8       0x30 c:/msys64/mingw64/bin/../lib/gcc/arm-none-eabi/12.2.0/thumb/v7e-m+dp/hard\libgcc.a(_aeabi_uldivmod.o)
                0x080004f8                __aeabi_uldivmod
 .text          0x08000528        0x4 c:/msys64/mingw64/bin/../lib/gcc/arm-none-eabi/12.2.0/thumb/v7e-m+dp/hard\libgcc.a(_dvmd_tls.o)
                0x08000528                __aeabi_idiv0
                0x08000528                __aeabi_ldiv0
 *(.text*)
 .text.__do_global_dtors_aux
                0x0800052c       0x24 c:/msys64/mingw64/bin/../lib/gcc/arm-none-eabi/12.2.0/thumb/v7e-m+dp/hard/crtbegin.o
 .text.frame_dummy
                0x08000550       0x1c c:/msys64/mingw64/bin/../lib/gcc/arm-none-eabi/12.2.0/thumb/v7e-m+dp/hard/crtbegin.o
 *fill*         0x0800056c        0x4 
 .text.SystemClock_Config
                0x08000570       0xb4 build/main.o
                0x08000570                SystemClock_Config
 .text.PeriphCommonClock_Config
                0x08000624       0x2c build/main.o
                0x08000624                PeriphCommonClock_Config
 .text.startup.main
                0x08000650      0x308 build/main.o
                0x08000650                main
 .text.HAL_UART_RxCpltCallback
                0x08000958       0x14 build/main.o
                0x08000958                HAL_UART_RxCpltCallback
 .text.HAL_TIM_PeriodElapsedCallback
                0x0800096c       0x14 build/main.o
                0x0800096c                HAL_TIM_PeriodElapsedCallback
 .text.Error_Handler
                0x08000980        0x4 build/main.o
                0x08000980                Error_Handler
 .text.MX_GPIO_Init
                0x08000984      0x1b4 build/gpio.o
                0x08000984                MX_GPIO_Init
 .text.MX_DMA_Init
                0x08000b38       0x98 build/dma.o
                0x08000b38                MX_DMA_Init
 .text.MX_FDCAN1_Init
                0x08000bd0       0xc0 build/fdcan.o
                0x08000bd0                MX_FDCAN1_Init
 .text.MX_FDCAN2_Init
                0x08000c90       0xc0 build/fdcan.o
                0x08000c90                MX_FDCAN2_Init
 .text.MX_FDCAN3_Init
                0x08000d50       0xc0 build/fdcan.o
                0x08000d50                MX_FDCAN3_Init
 .text.HAL_FDCAN_MspInit
                0x08000e10      0x21c build/fdcan.o
                0x08000e10                HAL_FDCAN_MspInit
 .text.MX_SPI1_Init
                0x0800102c       0x5c build/spi.o
                0x0800102c                MX_SPI1_Init
 .text.HAL_SPI_MspInit
                0x08001088       0xe8 build/spi.o
                0x08001088                HAL_SPI_MspInit
 .text.MX_TIM1_Init
                0x08001170       0x80 build/tim.o
                0x08001170                MX_TIM1_Init
 .text.MX_TIM2_Init
                0x080011f0       0x68 build/tim.o
                0x080011f0                MX_TIM2_Init
 .text.MX_TIM4_Init
                0x08001258       0x74 build/tim.o
                0x08001258                MX_TIM4_Init
 *fill*         0x080012cc        0x4 
 .text.MX_TIM8_Init
                0x080012d0       0x80 build/tim.o
                0x080012d0                MX_TIM8_Init
 .text.MX_TIM23_Init
                0x08001350       0x74 build/tim.o
                0x08001350                MX_TIM23_Init
 .text.HAL_TIM_Base_MspInit
                0x080013c4       0xac build/tim.o
                0x080013c4                HAL_TIM_Base_MspInit
 .text.HAL_TIM_Encoder_MspInit
                0x08001470       0xd0 build/tim.o
                0x08001470                HAL_TIM_Encoder_MspInit
 .text.MX_UART5_Init
                0x08001540       0x94 build/usart.o
                0x08001540                MX_UART5_Init
 .text.MX_UART7_Init
                0x080015d4       0x88 build/usart.o
                0x080015d4                MX_UART7_Init
 .text.MX_USART1_UART_Init
                0x0800165c       0x94 build/usart.o
                0x0800165c                MX_USART1_UART_Init
 .text.MX_USART10_UART_Init
                0x080016f0       0x88 build/usart.o
                0x080016f0                MX_USART10_UART_Init
 .text.HAL_UART_MspInit
                0x08001778      0x460 build/usart.o
                0x08001778                HAL_UART_MspInit
 .text.NMI_Handler
                0x08001bd8        0x4 build/stm32h7xx_it.o
                0x08001bd8                NMI_Handler
 .text.HardFault_Handler
                0x08001bdc        0x4 build/stm32h7xx_it.o
                0x08001bdc                HardFault_Handler
 .text.MemManage_Handler
                0x08001be0        0x4 build/stm32h7xx_it.o
                0x08001be0                MemManage_Handler
 .text.BusFault_Handler
                0x08001be4        0x4 build/stm32h7xx_it.o
                0x08001be4                BusFault_Handler
 .text.UsageFault_Handler
                0x08001be8        0x4 build/stm32h7xx_it.o
                0x08001be8                UsageFault_Handler
 .text.SVC_Handler
                0x08001bec        0x4 build/stm32h7xx_it.o
                0x08001bec                SVC_Handler
 .text.DebugMon_Handler
                0x08001bf0        0x4 build/stm32h7xx_it.o
                0x08001bf0                DebugMon_Handler
 .text.PendSV_Handler
                0x08001bf4        0x4 build/stm32h7xx_it.o
                0x08001bf4                PendSV_Handler
 .text.SysTick_Handler
                0x08001bf8        0x4 build/stm32h7xx_it.o
                0x08001bf8                SysTick_Handler
 .text.DMA1_Stream0_IRQHandler
                0x08001bfc        0xc build/stm32h7xx_it.o
                0x08001bfc                DMA1_Stream0_IRQHandler
 .text.DMA1_Stream1_IRQHandler
                0x08001c08        0xc build/stm32h7xx_it.o
                0x08001c08                DMA1_Stream1_IRQHandler
 .text.DMA1_Stream2_IRQHandler
                0x08001c14        0xc build/stm32h7xx_it.o
                0x08001c14                DMA1_Stream2_IRQHandler
 .text.DMA1_Stream3_IRQHandler
                0x08001c20        0xc build/stm32h7xx_it.o
                0x08001c20                DMA1_Stream3_IRQHandler
 .text.DMA1_Stream4_IRQHandler
                0x08001c2c        0xc build/stm32h7xx_it.o
                0x08001c2c                DMA1_Stream4_IRQHandler
 .text.DMA1_Stream5_IRQHandler
                0x08001c38        0xc build/stm32h7xx_it.o
                0x08001c38                DMA1_Stream5_IRQHandler
 .text.DMA1_Stream6_IRQHandler
                0x08001c44        0xc build/stm32h7xx_it.o
                0x08001c44                DMA1_Stream6_IRQHandler
 .text.EXTI9_5_IRQHandler
                0x08001c50       0x14 build/stm32h7xx_it.o
                0x08001c50                EXTI9_5_IRQHandler
 .text.TIM4_IRQHandler
                0x08001c64        0xc build/stm32h7xx_it.o
                0x08001c64                TIM4_IRQHandler
 .text.SPI1_IRQHandler
                0x08001c70        0xc build/stm32h7xx_it.o
                0x08001c70                SPI1_IRQHandler
 .text.USART1_IRQHandler
                0x08001c7c        0xc build/stm32h7xx_it.o
                0x08001c7c                USART1_IRQHandler
 .text.EXTI15_10_IRQHandler
                0x08001c88        0x8 build/stm32h7xx_it.o
                0x08001c88                EXTI15_10_IRQHandler
 .text.UART5_IRQHandler
                0x08001c90        0xc build/stm32h7xx_it.o
                0x08001c90                UART5_IRQHandler
 .text.TIM6_DAC_IRQHandler
                0x08001c9c        0xc build/stm32h7xx_it.o
                0x08001c9c                TIM6_DAC_IRQHandler
 .text.FDCAN_CAL_IRQHandler
                0x08001ca8       0x1c build/stm32h7xx_it.o
                0x08001ca8                FDCAN_CAL_IRQHandler
 .text.UART7_IRQHandler
                0x08001cc4        0xc build/stm32h7xx_it.o
                0x08001cc4                UART7_IRQHandler
 .text.USART10_IRQHandler
                0x08001cd0        0xc build/stm32h7xx_it.o
                0x08001cd0                USART10_IRQHandler
 .text.FDCAN3_IT0_IRQHandler
                0x08001cdc        0xc build/stm32h7xx_it.o
                0x08001cdc                FDCAN3_IT0_IRQHandler
 .text.FDCAN3_IT1_IRQHandler
                0x08001ce8        0xc build/stm32h7xx_it.o
                0x08001ce8                FDCAN3_IT1_IRQHandler
 .text.TIM23_IRQHandler
                0x08001cf4        0xc build/stm32h7xx_it.o
                0x08001cf4                TIM23_IRQHandler
 .text.HAL_MspInit
                0x08001d00       0x24 build/stm32h7xx_hal_msp.o
                0x08001d00                HAL_MspInit
 .text.HAL_InitTick
                0x08001d24       0xa0 build/stm32h7xx_hal_timebase_tim.o
                0x08001d24                HAL_InitTick
 .text.HAL_TIM_Base_Init
                0x08001dc4      0x154 build/stm32h7xx_hal_tim.o
                0x08001dc4                HAL_TIM_Base_Init
 .text.HAL_TIM_Base_Start_IT
                0x08001f18       0xbc build/stm32h7xx_hal_tim.o
                0x08001f18                HAL_TIM_Base_Start_IT
 .text.HAL_TIM_Encoder_Init
                0x08001fd4      0x1b0 build/stm32h7xx_hal_tim.o
                0x08001fd4                HAL_TIM_Encoder_Init
 .text.HAL_TIM_ConfigClockSource
                0x08002184      0x18c build/stm32h7xx_hal_tim.o
                0x08002184                HAL_TIM_ConfigClockSource
 .text.HAL_TIM_OC_DelayElapsedCallback
                0x08002310        0x4 build/stm32h7xx_hal_tim.o
                0x08002310                HAL_TIM_OC_DelayElapsedCallback
 .text.HAL_TIM_IC_CaptureCallback
                0x08002314        0x4 build/stm32h7xx_hal_tim.o
                0x08002314                HAL_TIM_IC_CaptureCallback
 .text.HAL_TIM_PWM_PulseFinishedCallback
                0x08002318        0x4 build/stm32h7xx_hal_tim.o
                0x08002318                HAL_TIM_PWM_PulseFinishedCallback
 .text.HAL_TIM_TriggerCallback
                0x0800231c        0x4 build/stm32h7xx_hal_tim.o
                0x0800231c                HAL_TIM_TriggerCallback
 .text.HAL_TIM_IRQHandler
                0x08002320      0x158 build/stm32h7xx_hal_tim.o
                0x08002320                HAL_TIM_IRQHandler
 .text.HAL_TIMEx_MasterConfigSynchronization
                0x08002478       0xc8 build/stm32h7xx_hal_tim_ex.o
                0x08002478                HAL_TIMEx_MasterConfigSynchronization
 .text.HAL_TIMEx_CommutCallback
                0x08002540        0x4 build/stm32h7xx_hal_tim_ex.o
                0x08002540                HAL_TIMEx_CommutCallback
 .text.HAL_TIMEx_BreakCallback
                0x08002544        0x4 build/stm32h7xx_hal_tim_ex.o
                0x08002544                HAL_TIMEx_BreakCallback
 .text.HAL_TIMEx_Break2Callback
                0x08002548        0x4 build/stm32h7xx_hal_tim_ex.o
                0x08002548                HAL_TIMEx_Break2Callback
 .text.HAL_NVIC_SetPriorityGrouping
                0x0800254c       0x24 build/stm32h7xx_hal_cortex.o
                0x0800254c                HAL_NVIC_SetPriorityGrouping
 .text.HAL_NVIC_SetPriority
                0x08002570       0x78 build/stm32h7xx_hal_cortex.o
                0x08002570                HAL_NVIC_SetPriority
 .text.HAL_NVIC_EnableIRQ
                0x080025e8       0x1c build/stm32h7xx_hal_cortex.o
                0x080025e8                HAL_NVIC_EnableIRQ
 .text.HAL_RCC_GetSysClockFreq.part.0
                0x08002604       0xe4 build/stm32h7xx_hal_rcc.o
 .text.HAL_RCC_OscConfig
                0x080026e8      0x54c build/stm32h7xx_hal_rcc.o
                0x080026e8                HAL_RCC_OscConfig
 .text.HAL_RCC_GetSysClockFreq
                0x08002c34      0x11c build/stm32h7xx_hal_rcc.o
                0x08002c34                HAL_RCC_GetSysClockFreq
 .text.HAL_RCC_ClockConfig
                0x08002d50      0x254 build/stm32h7xx_hal_rcc.o
                0x08002d50                HAL_RCC_ClockConfig
 .text.HAL_RCC_GetHCLKFreq
                0x08002fa4       0x80 build/stm32h7xx_hal_rcc.o
                0x08002fa4                HAL_RCC_GetHCLKFreq
 .text.HAL_RCC_GetPCLK1Freq
                0x08003024       0x90 build/stm32h7xx_hal_rcc.o
                0x08003024                HAL_RCC_GetPCLK1Freq
 .text.HAL_RCC_GetPCLK2Freq
                0x080030b4       0x90 build/stm32h7xx_hal_rcc.o
                0x080030b4                HAL_RCC_GetPCLK2Freq
 .text.HAL_RCC_GetClockConfig
                0x08003144       0x58 build/stm32h7xx_hal_rcc.o
                0x08003144                HAL_RCC_GetClockConfig
 .text.RCCEx_PLL2_Config.part.0
                0x0800319c       0xe4 build/stm32h7xx_hal_rcc_ex.o
 .text.RCCEx_PLL3_Config.part.0
                0x08003280       0xe4 build/stm32h7xx_hal_rcc_ex.o
 .text.HAL_RCCEx_PeriphCLKConfig
                0x08003364      0xe04 build/stm32h7xx_hal_rcc_ex.o
                0x08003364                HAL_RCCEx_PeriphCLKConfig
 .text.HAL_RCCEx_GetD3PCLK1Freq
                0x08004168       0x24 build/stm32h7xx_hal_rcc_ex.o
                0x08004168                HAL_RCCEx_GetD3PCLK1Freq
 .text.HAL_RCCEx_GetPLL2ClockFreq
                0x0800418c      0x134 build/stm32h7xx_hal_rcc_ex.o
                0x0800418c                HAL_RCCEx_GetPLL2ClockFreq
 .text.HAL_RCCEx_GetPLL3ClockFreq
                0x080042c0      0x134 build/stm32h7xx_hal_rcc_ex.o
                0x080042c0                HAL_RCCEx_GetPLL3ClockFreq
 .text.HAL_GPIO_Init
                0x080043f4      0x268 build/stm32h7xx_hal_gpio.o
                0x080043f4                HAL_GPIO_Init
 .text.HAL_GPIO_ReadPin
                0x0800465c        0xc build/stm32h7xx_hal_gpio.o
                0x0800465c                HAL_GPIO_ReadPin
 .text.HAL_GPIO_WritePin
                0x08004668        0x8 build/stm32h7xx_hal_gpio.o
                0x08004668                HAL_GPIO_WritePin
 .text.HAL_GPIO_EXTI_Callback
                0x08004670        0x4 build/stm32h7xx_hal_gpio.o
                0x08004670                HAL_GPIO_EXTI_Callback
 .text.HAL_GPIO_EXTI_IRQHandler
                0x08004674       0x1c build/stm32h7xx_hal_gpio.o
                0x08004674                HAL_GPIO_EXTI_IRQHandler
 .text.DMA_CalcBaseAndBitshift
                0x08004690      0x100 build/stm32h7xx_hal_dma.o
 .text.DMA_CalcDMAMUXChannelBaseAndMask
                0x08004790       0xd0 build/stm32h7xx_hal_dma.o
 .text.HAL_DMA_Init
                0x08004860      0x4ec build/stm32h7xx_hal_dma.o
                0x08004860                HAL_DMA_Init
 .text.HAL_DMA_Abort
                0x08004d4c      0x364 build/stm32h7xx_hal_dma.o
                0x08004d4c                HAL_DMA_Abort
 .text.HAL_DMA_Abort_IT
                0x080050b0      0x150 build/stm32h7xx_hal_dma.o
                0x080050b0                HAL_DMA_Abort_IT
 .text.HAL_DMA_IRQHandler
                0x08005200      0x6a8 build/stm32h7xx_hal_dma.o
                0x08005200                HAL_DMA_IRQHandler
 .text.HAL_PWREx_ConfigSupply
                0x080058a8       0x48 build/stm32h7xx_hal_pwr_ex.o
                0x080058a8                HAL_PWREx_ConfigSupply
 .text.HAL_Init
                0x080058f0       0x60 build/stm32h7xx_hal.o
                0x080058f0                HAL_Init
 .text.HAL_IncTick
                0x08005950       0x18 build/stm32h7xx_hal.o
                0x08005950                HAL_IncTick
 .text.HAL_GetTick
                0x08005968        0xc build/stm32h7xx_hal.o
                0x08005968                HAL_GetTick
 .text.HAL_Delay
                0x08005974       0x24 build/stm32h7xx_hal.o
                0x08005974                HAL_Delay
 .text.HAL_FDCAN_ClockCalibrationCallback
                0x08005998        0x4 build/stm32h7xx_hal_fdcan.o
                0x08005998                HAL_FDCAN_ClockCalibrationCallback
 .text.HAL_FDCAN_TT_StopWatchCallback
                0x0800599c        0x4 build/stm32h7xx_hal_fdcan.o
                0x0800599c                HAL_FDCAN_TT_StopWatchCallback
 .text.FDCAN_CopyMessageToRAM
                0x080059a0       0x84 build/stm32h7xx_hal_fdcan.o
 .text.HAL_FDCAN_TT_GlobalTimeCallback
                0x08005a24        0x4 build/stm32h7xx_hal_fdcan.o
                0x08005a24                HAL_FDCAN_TT_GlobalTimeCallback
 .text.HAL_FDCAN_TxEventFifoCallback
                0x08005a28        0x4 build/stm32h7xx_hal_fdcan.o
                0x08005a28                HAL_FDCAN_TxEventFifoCallback
 .text.HAL_FDCAN_RxFifo1Callback
                0x08005a2c        0x4 build/stm32h7xx_hal_fdcan.o
                0x08005a2c                HAL_FDCAN_RxFifo1Callback
 .text.HAL_FDCAN_TxBufferCompleteCallback
                0x08005a30        0x4 build/stm32h7xx_hal_fdcan.o
                0x08005a30                HAL_FDCAN_TxBufferCompleteCallback
 .text.HAL_FDCAN_TxBufferAbortCallback
                0x08005a34        0x4 build/stm32h7xx_hal_fdcan.o
                0x08005a34                HAL_FDCAN_TxBufferAbortCallback
 .text.HAL_FDCAN_ErrorStatusCallback
                0x08005a38        0x4 build/stm32h7xx_hal_fdcan.o
                0x08005a38                HAL_FDCAN_ErrorStatusCallback
 .text.HAL_FDCAN_TT_ScheduleSyncCallback
                0x08005a3c        0x4 build/stm32h7xx_hal_fdcan.o
                0x08005a3c                HAL_FDCAN_TT_ScheduleSyncCallback
 .text.HAL_FDCAN_TT_TimeMarkCallback
                0x08005a40        0x4 build/stm32h7xx_hal_fdcan.o
                0x08005a40                HAL_FDCAN_TT_TimeMarkCallback
 .text.HAL_FDCAN_TxFifoEmptyCallback
                0x08005a44        0x4 build/stm32h7xx_hal_fdcan.o
                0x08005a44                HAL_FDCAN_TxFifoEmptyCallback
 .text.HAL_FDCAN_ErrorCallback
                0x08005a48        0x4 build/stm32h7xx_hal_fdcan.o
                0x08005a48                HAL_FDCAN_ErrorCallback
 .text.HAL_FDCAN_RxBufferNewMessageCallback
                0x08005a4c        0x4 build/stm32h7xx_hal_fdcan.o
                0x08005a4c                HAL_FDCAN_RxBufferNewMessageCallback
 .text.HAL_FDCAN_TimestampWraparoundCallback
                0x08005a50        0x4 build/stm32h7xx_hal_fdcan.o
                0x08005a50                HAL_FDCAN_TimestampWraparoundCallback
 .text.HAL_FDCAN_TimeoutOccurredCallback
                0x08005a54        0x4 build/stm32h7xx_hal_fdcan.o
                0x08005a54                HAL_FDCAN_TimeoutOccurredCallback
 .text.HAL_FDCAN_HighPriorityMessageCallback
                0x08005a58        0x4 build/stm32h7xx_hal_fdcan.o
                0x08005a58                HAL_FDCAN_HighPriorityMessageCallback
 .text.HAL_FDCAN_Init
                0x08005a5c      0x48c build/stm32h7xx_hal_fdcan.o
                0x08005a5c                HAL_FDCAN_Init
 .text.HAL_FDCAN_ConfigFilter
                0x08005ee8       0x88 build/stm32h7xx_hal_fdcan.o
                0x08005ee8                HAL_FDCAN_ConfigFilter
 .text.HAL_FDCAN_ConfigGlobalFilter
                0x08005f70       0x3c build/stm32h7xx_hal_fdcan.o
                0x08005f70                HAL_FDCAN_ConfigGlobalFilter
 .text.HAL_FDCAN_Start
                0x08005fac       0x3c build/stm32h7xx_hal_fdcan.o
                0x08005fac                HAL_FDCAN_Start
 .text.HAL_FDCAN_AddMessageToTxFifoQ
                0x08005fe8       0x70 build/stm32h7xx_hal_fdcan.o
                0x08005fe8                HAL_FDCAN_AddMessageToTxFifoQ
 .text.HAL_FDCAN_GetRxMessage
                0x08006058      0x18c build/stm32h7xx_hal_fdcan.o
                0x08006058                HAL_FDCAN_GetRxMessage
 .text.HAL_FDCAN_ActivateNotification
                0x080061e4       0x88 build/stm32h7xx_hal_fdcan.o
                0x080061e4                HAL_FDCAN_ActivateNotification
 .text.HAL_FDCAN_IRQHandler
                0x0800626c      0x32c build/stm32h7xx_hal_fdcan.o
                0x0800626c                HAL_FDCAN_IRQHandler
 .text.SPI_CloseTransfer
                0x08006598       0xb8 build/stm32h7xx_hal_spi.o
 .text.HAL_SPI_Init
                0x08006650      0x1b0 build/stm32h7xx_hal_spi.o
                0x08006650                HAL_SPI_Init
 .text.HAL_SPI_TransmitReceive
                0x08006800      0x3dc build/stm32h7xx_hal_spi.o
                0x08006800                HAL_SPI_TransmitReceive
 .text.HAL_SPI_TxCpltCallback
                0x08006bdc        0x4 build/stm32h7xx_hal_spi.o
                0x08006bdc                HAL_SPI_TxCpltCallback
 .text.HAL_SPI_RxCpltCallback
                0x08006be0        0x4 build/stm32h7xx_hal_spi.o
                0x08006be0                HAL_SPI_RxCpltCallback
 .text.HAL_SPI_TxRxCpltCallback
                0x08006be4        0x4 build/stm32h7xx_hal_spi.o
                0x08006be4                HAL_SPI_TxRxCpltCallback
 .text.HAL_SPI_ErrorCallback
                0x08006be8        0x4 build/stm32h7xx_hal_spi.o
                0x08006be8                HAL_SPI_ErrorCallback
 .text.SPI_DMAAbortOnError
                0x08006bec       0x1c build/stm32h7xx_hal_spi.o
 .text.HAL_SPI_SuspendCallback
                0x08006c08        0x4 build/stm32h7xx_hal_spi.o
                0x08006c08                HAL_SPI_SuspendCallback
 .text.HAL_SPI_IRQHandler
                0x08006c0c      0x208 build/stm32h7xx_hal_spi.o
                0x08006c0c                HAL_SPI_IRQHandler
 .text.HAL_UARTEx_RxEventCallback
                0x08006e14        0x4 build/stm32h7xx_hal_uart.o
                0x08006e14                HAL_UARTEx_RxEventCallback
 .text.UART_DMAAbortOnError
                0x08006e18       0x10 build/stm32h7xx_hal_uart.o
 .text.UART_RxISR_8BIT_FIFOEN
                0x08006e28      0x1dc build/stm32h7xx_hal_uart.o
 .text.UART_RxISR_16BIT_FIFOEN
                0x08007004      0x1d8 build/stm32h7xx_hal_uart.o
 .text.UART_RxISR_8BIT.part.0
                0x080071dc       0xa4 build/stm32h7xx_hal_uart.o
 .text.UART_RxISR_8BIT
                0x08007280       0x44 build/stm32h7xx_hal_uart.o
 .text.UART_RxISR_16BIT
                0x080072c4       0x48 build/stm32h7xx_hal_uart.o
 .text.HAL_UART_AbortReceiveCpltCallback
                0x0800730c        0x4 build/stm32h7xx_hal_uart.o
                0x0800730c                HAL_UART_AbortReceiveCpltCallback
 .text.HAL_UART_TxCpltCallback
                0x08007310        0x4 build/stm32h7xx_hal_uart.o
                0x08007310                HAL_UART_TxCpltCallback
 .text.HAL_UART_TxHalfCpltCallback
                0x08007314        0x4 build/stm32h7xx_hal_uart.o
                0x08007314                HAL_UART_TxHalfCpltCallback
 .text.HAL_UART_RxHalfCpltCallback
                0x08007318        0x4 build/stm32h7xx_hal_uart.o
                0x08007318                HAL_UART_RxHalfCpltCallback
 .text.HAL_UART_ErrorCallback
                0x0800731c        0x4 build/stm32h7xx_hal_uart.o
                0x0800731c                HAL_UART_ErrorCallback
 .text.HAL_UART_AbortCpltCallback
                0x08007320        0x4 build/stm32h7xx_hal_uart.o
                0x08007320                HAL_UART_AbortCpltCallback
 .text.HAL_UART_AbortTransmitCpltCallback
                0x08007324        0x4 build/stm32h7xx_hal_uart.o
                0x08007324                HAL_UART_AbortTransmitCpltCallback
 .text.HAL_UART_Receive_IT
                0x08007328      0x190 build/stm32h7xx_hal_uart.o
                0x08007328                HAL_UART_Receive_IT
 .text.HAL_UART_IRQHandler
                0x080074b8      0x3ac build/stm32h7xx_hal_uart.o
                0x080074b8                HAL_UART_IRQHandler
 .text.UART_SetConfig
                0x08007864      0x38c build/stm32h7xx_hal_uart.o
                0x08007864                UART_SetConfig
 .text.UART_AdvFeatureConfig
                0x08007bf0       0xb0 build/stm32h7xx_hal_uart.o
                0x08007bf0                UART_AdvFeatureConfig
 .text.UART_CheckIdleState
                0x08007ca0      0x258 build/stm32h7xx_hal_uart.o
                0x08007ca0                UART_CheckIdleState
 .text.HAL_UART_Init
                0x08007ef8       0xe4 build/stm32h7xx_hal_uart.o
                0x08007ef8                HAL_UART_Init
 .text.HAL_UARTEx_WakeupCallback
                0x08007fdc        0x4 build/stm32h7xx_hal_uart_ex.o
                0x08007fdc                HAL_UARTEx_WakeupCallback
 .text.HAL_UARTEx_RxFifoFullCallback
                0x08007fe0        0x4 build/stm32h7xx_hal_uart_ex.o
                0x08007fe0                HAL_UARTEx_RxFifoFullCallback
 .text.HAL_UARTEx_TxFifoEmptyCallback
                0x08007fe4        0x4 build/stm32h7xx_hal_uart_ex.o
                0x08007fe4                HAL_UARTEx_TxFifoEmptyCallback
 .text.HAL_UARTEx_DisableFifoMode
                0x08007fe8       0x3c build/stm32h7xx_hal_uart_ex.o
                0x08007fe8                HAL_UARTEx_DisableFifoMode
 .text.HAL_UARTEx_SetTxFifoThreshold
                0x08008024       0x84 build/stm32h7xx_hal_uart_ex.o
                0x08008024                HAL_UARTEx_SetTxFifoThreshold
 .text.HAL_UARTEx_SetRxFifoThreshold
                0x080080a8       0x84 build/stm32h7xx_hal_uart_ex.o
                0x080080a8                HAL_UARTEx_SetRxFifoThreshold
 .text.SystemInit
                0x0800812c       0xcc build/system_stm32h7xx.o
                0x0800812c                SystemInit
 .text.ExitRun0Mode
                0x080081f8       0x18 build/system_stm32h7xx.o
                0x080081f8                ExitRun0Mode
 .text.nRF24_ReadReg
                0x08008210       0x70 build/nrf24.o
                0x08008210                nRF24_ReadReg
 .text.nRF24_WriteReg
                0x08008280       0xac build/nrf24.o
                0x08008280                nRF24_WriteReg
 .text.nRF24_Init
                0x0800832c      0x790 build/nrf24.o
                0x0800832c                nRF24_Init
 .text.nRF24_Check
                0x08008abc      0x12c build/nrf24.o
                0x08008abc                nRF24_Check
 .text.nRF24_SetTxAddr
                0x08008be8       0x80 build/nrf24.o
                0x08008be8                nRF24_SetTxAddr
 .text.nRF24_PrettyPrint
                0x08008c68        0x4 build/nrf24.o
                0x08008c68                nRF24_PrettyPrint
 .text.nRF24_SetPowerMode
                0x08008c6c       0xdc build/nrf24.o
                0x08008c6c                nRF24_SetPowerMode
 .text.nRF24_SetOperationalMode
                0x08008d48       0xd8 build/nrf24.o
                0x08008d48                nRF24_SetOperationalMode
 .text.nRF24_SetDynamicPayloadLength
                0x08008e20      0x1dc build/nrf24.o
                0x08008e20                nRF24_SetDynamicPayloadLength
 .text.nRF24_SetPayloadWithAck
                0x08008ffc       0xdc build/nrf24.o
                0x08008ffc                nRF24_SetPayloadWithAck
 .text.nRF24_SetCRCScheme
                0x080090d8       0xd8 build/nrf24.o
                0x080090d8                nRF24_SetCRCScheme
 .text.nRF24_SetRFChannel
                0x080091b0       0x68 build/nrf24.o
                0x080091b0                nRF24_SetRFChannel
 .text.nRF24_SetAddrWidth
                0x08009218       0x6c build/nrf24.o
                0x08009218                nRF24_SetAddrWidth
 .text.nRF24_SetAddr
                0x08009284      0x10c build/nrf24.o
                0x08009284                nRF24_SetAddr
 .text.nRF24_SetTXPower
                0x08009390       0xd4 build/nrf24.o
                0x08009390                nRF24_SetTXPower
 .text.nRF24_SetDataRate
                0x08009464       0xd4 build/nrf24.o
                0x08009464                nRF24_SetDataRate
 .text.nRF24_SetRXPipe
                0x08009538      0x1cc build/nrf24.o
                0x08009538                nRF24_SetRXPipe
 .text.nRF24_EnableAA
                0x08009704       0xd4 build/nrf24.o
                0x08009704                nRF24_EnableAA
 .text.nRF24_GetStatus_RXFIFO
                0x080097d8       0x70 build/nrf24.o
                0x080097d8                nRF24_GetStatus_RXFIFO
 .text.nRF24_ClearIRQFlags
                0x08009848       0xd0 build/nrf24.o
                0x08009848                nRF24_ClearIRQFlags
 .text.nRF24_ReadPayload
                0x08009918      0x128 build/nrf24.o
                0x08009918                nRF24_ReadPayload
 .text.nRF24_ActivateFeatures
                0x08009a40       0x68 build/nrf24.o
                0x08009a40                nRF24_ActivateFeatures
 .text.nRF24_WriteAckPayload
                0x08009aa8       0x84 build/nrf24.o
                0x08009aa8                nRF24_WriteAckPayload
 .text.poll     0x08009b2c      0x1b4 build/radio.o
                0x08009b2c                poll
 .text.radio    0x08009ce0       0xf4 build/radio.o
                0x08009ce0                radio
 .text.BSP_FDCAN_Filter_Init
                0x08009dd4       0x7c build/bsp_fdcan.o
                0x08009dd4                BSP_FDCAN_Filter_Init
 .text.BSP_FDCAN_Init
                0x08009e50       0x50 build/bsp_fdcan.o
                0x08009e50                BSP_FDCAN_Init
 .text.BSP_FDCAN_Send_Message
                0x08009ea0       0x24 build/bsp_fdcan.o
                0x08009ea0                BSP_FDCAN_Send_Message
 .text.HAL_FDCAN_RxFifo0Callback
                0x08009ec4       0x34 build/bsp_fdcan.o
                0x08009ec4                HAL_FDCAN_RxFifo0Callback
 .text.BSP_InverseKinematics_Init
                0x08009ef8       0x10 build/bsp_inverse_kinematics.o
                0x08009ef8                BSP_InverseKinematics_Init
 .text.BSP_InverseKinematics_Calculate
                0x08009f08      0x170 build/bsp_inverse_kinematics.o
                0x08009f08                BSP_InverseKinematics_Calculate
 .text.BSP_MotorFeedback_Init
                0x0800a078       0x30 build/bsp_motor_feedback.o
                0x0800a078                BSP_MotorFeedback_Init
 .text.BSP_MotorFeedback_ProcessMessage
                0x0800a0a8       0x70 build/bsp_motor_feedback.o
                0x0800a0a8                BSP_MotorFeedback_ProcessMessage
 .text.BSP_MotorFeedback_GetMotorData
                0x0800a118       0x14 build/bsp_motor_feedback.o
                0x0800a118                BSP_MotorFeedback_GetMotorData
 .text.BSP_PID_Calculate
                0x0800a12c      0x17c build/bsp_pid.o
                0x0800a12c                BSP_PID_Calculate
 .text.BSP_SBUS_UART_RxCpltCallback
                0x0800a2a8      0x200 build/bsp_sbus_controller.o
                0x0800a2a8                BSP_SBUS_UART_RxCpltCallback
 .text.Reset_Handler
                0x0800a4a8       0x54 build/startup_stm32h723xx.o
                0x0800a4a8                Reset_Handler
 .text.Default_Handler
                0x0800a4fc        0x2 build/startup_stm32h723xx.o
                0x0800a4fc                RTC_Alarm_IRQHandler
                0x0800a4fc                EXTI2_IRQHandler
                0x0800a4fc                TIM8_CC_IRQHandler
                0x0800a4fc                UART8_IRQHandler
                0x0800a4fc                SPI4_IRQHandler
                0x0800a4fc                TIM1_CC_IRQHandler
                0x0800a4fc                BDMA_Channel6_IRQHandler
                0x0800a4fc                DMA2_Stream5_IRQHandler
                0x0800a4fc                CORDIC_IRQHandler
                0x0800a4fc                BDMA_Channel1_IRQHandler
                0x0800a4fc                TAMP_STAMP_IRQHandler
                0x0800a4fc                EXTI3_IRQHandler
                0x0800a4fc                LPTIM4_IRQHandler
                0x0800a4fc                TIM8_TRG_COM_TIM14_IRQHandler
                0x0800a4fc                LPTIM2_IRQHandler
                0x0800a4fc                DFSDM1_FLT1_IRQHandler
                0x0800a4fc                DMAMUX2_OVR_IRQHandler
                0x0800a4fc                TIM8_UP_TIM13_IRQHandler
                0x0800a4fc                I2C3_ER_IRQHandler
                0x0800a4fc                DFSDM1_FLT2_IRQHandler
                0x0800a4fc                I2C5_EV_IRQHandler
                0x0800a4fc                MDMA_IRQHandler
                0x0800a4fc                LPTIM3_IRQHandler
                0x0800a4fc                HSEM1_IRQHandler
                0x0800a4fc                EXTI0_IRQHandler
                0x0800a4fc                I2C2_EV_IRQHandler
                0x0800a4fc                FPU_IRQHandler
                0x0800a4fc                OTG_HS_WKUP_IRQHandler
                0x0800a4fc                FDCAN1_IT1_IRQHandler
                0x0800a4fc                LTDC_ER_IRQHandler
                0x0800a4fc                DMA2_Stream2_IRQHandler
                0x0800a4fc                OCTOSPI1_IRQHandler
                0x0800a4fc                DMA2_Stream3_IRQHandler
                0x0800a4fc                OCTOSPI2_IRQHandler
                0x0800a4fc                DFSDM1_FLT3_IRQHandler
                0x0800a4fc                USART6_IRQHandler
                0x0800a4fc                TIM17_IRQHandler
                0x0800a4fc                USART3_IRQHandler
                0x0800a4fc                BDMA_Channel7_IRQHandler
                0x0800a4fc                LPTIM5_IRQHandler
                0x0800a4fc                ADC3_IRQHandler
                0x0800a4fc                DMA2_Stream0_IRQHandler
                0x0800a4fc                BDMA_Channel2_IRQHandler
                0x0800a4fc                I2C1_EV_IRQHandler
                0x0800a4fc                DMAMUX1_OVR_IRQHandler
                0x0800a4fc                TIM16_IRQHandler
                0x0800a4fc                UART4_IRQHandler
                0x0800a4fc                BDMA_Channel5_IRQHandler
                0x0800a4fc                TIM3_IRQHandler
                0x0800a4fc                RCC_IRQHandler
                0x0800a4fc                UART9_IRQHandler
                0x0800a4fc                TIM8_BRK_TIM12_IRQHandler
                0x0800a4fc                TIM1_TRG_COM_IRQHandler
                0x0800a4fc                Default_Handler
                0x0800a4fc                ECC_IRQHandler
                0x0800a4fc                FMAC_IRQHandler
                0x0800a4fc                CEC_IRQHandler
                0x0800a4fc                BDMA_Channel0_IRQHandler
                0x0800a4fc                ADC_IRQHandler
                0x0800a4fc                I2C5_ER_IRQHandler
                0x0800a4fc                DMA1_Stream7_IRQHandler
                0x0800a4fc                SPI5_IRQHandler
                0x0800a4fc                TIM7_IRQHandler
                0x0800a4fc                SDMMC1_IRQHandler
                0x0800a4fc                TIM5_IRQHandler
                0x0800a4fc                DMA2_Stream7_IRQHandler
                0x0800a4fc                TIM15_IRQHandler
                0x0800a4fc                PVD_AVD_IRQHandler
                0x0800a4fc                I2C3_EV_IRQHandler
                0x0800a4fc                RTC_WKUP_IRQHandler
                0x0800a4fc                LTDC_IRQHandler
                0x0800a4fc                ETH_WKUP_IRQHandler
                0x0800a4fc                SPDIF_RX_IRQHandler
                0x0800a4fc                SPI2_IRQHandler
                0x0800a4fc                OTG_HS_EP1_IN_IRQHandler
                0x0800a4fc                TIM24_IRQHandler
                0x0800a4fc                CRS_IRQHandler
                0x0800a4fc                EXTI4_IRQHandler
                0x0800a4fc                RNG_IRQHandler
                0x0800a4fc                FDCAN2_IT1_IRQHandler
                0x0800a4fc                ETH_IRQHandler
                0x0800a4fc                TIM1_UP_IRQHandler
                0x0800a4fc                BDMA_Channel4_IRQHandler
                0x0800a4fc                OTG_HS_EP1_OUT_IRQHandler
                0x0800a4fc                WWDG_IRQHandler
                0x0800a4fc                SPI6_IRQHandler
                0x0800a4fc                MDIOS_IRQHandler
                0x0800a4fc                I2C4_EV_IRQHandler
                0x0800a4fc                FDCAN2_IT0_IRQHandler
                0x0800a4fc                LPUART1_IRQHandler
                0x0800a4fc                FDCAN1_IT0_IRQHandler
                0x0800a4fc                TIM2_IRQHandler
                0x0800a4fc                OTG_HS_IRQHandler
                0x0800a4fc                DMA2D_IRQHandler
                0x0800a4fc                TIM1_BRK_IRQHandler
                0x0800a4fc                EXTI1_IRQHandler
                0x0800a4fc                SDMMC2_IRQHandler
                0x0800a4fc                BDMA_Channel3_IRQHandler
                0x0800a4fc                DTS_IRQHandler
                0x0800a4fc                MDIOS_WKUP_IRQHandler
                0x0800a4fc                USART2_IRQHandler
                0x0800a4fc                DFSDM1_FLT0_IRQHandler
                0x0800a4fc                SAI4_IRQHandler
                0x0800a4fc                I2C2_ER_IRQHandler
                0x0800a4fc                DMA2_Stream1_IRQHandler
                0x0800a4fc                FLASH_IRQHandler
                0x0800a4fc                DMA2_Stream4_IRQHandler
                0x0800a4fc                SPI3_IRQHandler
                0x0800a4fc                WAKEUP_PIN_IRQHandler
                0x0800a4fc                I2C1_ER_IRQHandler
                0x0800a4fc                FMC_IRQHandler
                0x0800a4fc                SWPMI1_IRQHandler
                0x0800a4fc                COMP1_IRQHandler
                0x0800a4fc                LPTIM1_IRQHandler
                0x0800a4fc                DCMI_PSSI_IRQHandler
                0x0800a4fc                I2C4_ER_IRQHandler
                0x0800a4fc                DMA2_Stream6_IRQHandler
                0x0800a4fc                SAI1_IRQHandler
 .text.__udivmoddi4
                0x0800a4fe      0x2a0 c:/msys64/mingw64/bin/../lib/gcc/arm-none-eabi/12.2.0/thumb/v7e-m+dp/hard\libgcc.a(_udivmoddi4.o)
                0x0800a4fe                __udivmoddi4
 *(.glue_7)
 .glue_7        0x0800a79e        0x0 linker stubs
 *(.glue_7t)
 .glue_7t       0x0800a79e        0x0 linker stubs
 *(.eh_frame)
 *fill*         0x0800a79e        0x2 
 .eh_frame      0x0800a7a0        0x0 c:/msys64/mingw64/bin/../lib/gcc/arm-none-eabi/12.2.0/thumb/v7e-m+dp/hard/crtbegin.o
 *(.init)
 .init          0x0800a7a0        0x4 c:/msys64/mingw64/bin/../lib/gcc/arm-none-eabi/12.2.0/thumb/v7e-m+dp/hard/crti.o
                0x0800a7a0                _init
 .init          0x0800a7a4        0x8 c:/msys64/mingw64/bin/../lib/gcc/arm-none-eabi/12.2.0/thumb/v7e-m+dp/hard/crtn.o
 *(.fini)
 .fini          0x0800a7ac        0x4 c:/msys64/mingw64/bin/../lib/gcc/arm-none-eabi/12.2.0/thumb/v7e-m+dp/hard/crti.o
                0x0800a7ac                _fini
 .fini          0x0800a7b0        0x8 c:/msys64/mingw64/bin/../lib/gcc/arm-none-eabi/12.2.0/thumb/v7e-m+dp/hard/crtn.o
                0x0800a7b8                        . = ALIGN (0x4)
                0x0800a7b8                        _etext = .

.vfp11_veneer   0x0800a7b8        0x0
 .vfp11_veneer  0x0800a7b8        0x0 linker stubs

.v4_bx          0x0800a7b8        0x0
 .v4_bx         0x0800a7b8        0x0 linker stubs

.iplt           0x0800a7b8        0x0
 .iplt          0x0800a7b8        0x0 c:/msys64/mingw64/bin/../lib/gcc/arm-none-eabi/12.2.0/thumb/v7e-m+dp/hard/crtbegin.o

.rodata         0x0800a7b8       0xbc
                0x0800a7b8                        . = ALIGN (0x4)
 *(.rodata)
 .rodata        0x0800a7b8       0x4c build/stm32h7xx_hal_fdcan.o
 *(.rodata*)
 .rodata.flagBitshiftOffset.0
                0x0800a804        0x8 build/stm32h7xx_hal_dma.o
 .rodata.DLCtoBytes
                0x0800a80c       0x10 build/stm32h7xx_hal_fdcan.o
 .rodata.UARTPrescTable
                0x0800a81c       0x18 build/stm32h7xx_hal_uart.o
                0x0800a81c                UARTPrescTable
 .rodata.denominator.0
                0x0800a834        0x8 build/stm32h7xx_hal_uart_ex.o
 .rodata.numerator.1
                0x0800a83c        0x8 build/stm32h7xx_hal_uart_ex.o
 .rodata.D1CorePrescTable
                0x0800a844       0x10 build/system_stm32h7xx.o
                0x0800a844                D1CorePrescTable
 .rodata.nRF24_Check.str1.4
                0x0800a854        0xe build/nrf24.o
                                  0x6 (size before relaxing)
 *fill*         0x0800a862        0x2 
 .rodata.nRF24_ADDR_REGS
                0x0800a864        0x7 build/nrf24.o
 *fill*         0x0800a86b        0x1 
 .rodata.nRF24_RX_PW_PIPE
                0x0800a86c        0x6 build/nrf24.o
 .rodata.radio.str1.4
                0x0800a872        0x6 build/radio.o
                0x0800a878                        . = ALIGN (0x4)
 *fill*         0x0800a872        0x2 

.ARM.extab
 *(.ARM.extab* .gnu.linkonce.armextab.*)

.ARM            0x0800a874        0x8
                0x0800a874                        __exidx_start = .
 *(.ARM.exidx*)
 .ARM.exidx     0x0800a874        0x8 c:/msys64/mingw64/bin/../lib/gcc/arm-none-eabi/12.2.0/../../../../arm-none-eabi/lib/thumb/v7e-m+dp/hard\libc_nano.a(libc_a-memcpy.o)
 .ARM.exidx.text.__udivmoddi4
                0x0800a87c        0x0 c:/msys64/mingw64/bin/../lib/gcc/arm-none-eabi/12.2.0/thumb/v7e-m+dp/hard\libgcc.a(_udivmoddi4.o)
                                  0x8 (size before relaxing)
                0x0800a87c                        __exidx_end = .

.rel.dyn        0x0800a87c        0x0
 .rel.iplt      0x0800a87c        0x0 c:/msys64/mingw64/bin/../lib/gcc/arm-none-eabi/12.2.0/thumb/v7e-m+dp/hard/crtbegin.o

.preinit_array  0x0800a87c        0x0
                0x0800a87c                        PROVIDE (__preinit_array_start = .)
 *(.preinit_array*)
                0x0800a87c                        PROVIDE (__preinit_array_end = .)

.init_array     0x0800a87c        0x4
                0x0800a87c                        PROVIDE (__init_array_start = .)
 *(SORT_BY_NAME(.init_array.*))
 *(.init_array*)
 .init_array    0x0800a87c        0x4 c:/msys64/mingw64/bin/../lib/gcc/arm-none-eabi/12.2.0/thumb/v7e-m+dp/hard/crtbegin.o
                0x0800a880                        PROVIDE (__init_array_end = .)

.fini_array     0x0800a880        0x4
                0x0800a880                        PROVIDE (__fini_array_start = .)
 *(SORT_BY_NAME(.fini_array.*))
 *(.fini_array*)
 .fini_array    0x0800a880        0x4 c:/msys64/mingw64/bin/../lib/gcc/arm-none-eabi/12.2.0/thumb/v7e-m+dp/hard/crtbegin.o
                0x0800a884                        PROVIDE (__fini_array_end = .)
                0x0800a884                        _sidata = LOADADDR (.data)

.data           0x20000000       0x40 load address 0x0800a884
                0x20000000                        . = ALIGN (0x4)
                0x20000000                        _sdata = .
 *(.data)
 .data          0x20000000       0x10 build/bsp_sbus_controller.o
                0x20000000                sbus_channels_mapped
                0x20000008                sbus_channels
 *(.data*)
 .data.alpha    0x20000010        0x4 build/main.o
                0x20000010                alpha
 .data.uwTickFreq
                0x20000014        0x1 build/stm32h7xx_hal.o
                0x20000014                uwTickFreq
 *fill*         0x20000015        0x3 
 .data.uwTickPrio
                0x20000018        0x4 build/stm32h7xx_hal.o
                0x20000018                uwTickPrio
 .data.SystemD2Clock
                0x2000001c        0x4 build/system_stm32h7xx.o
                0x2000001c                SystemD2Clock
 .data.SystemCoreClock
                0x20000020        0x4 build/system_stm32h7xx.o
                0x20000020                SystemCoreClock
 .data.g_velocity_filter
                0x20000024        0x4 build/bsp_pid.o
                0x20000024                g_velocity_filter
 .data.g_pid_gains
                0x20000028        0xc build/bsp_pid.o
                0x20000028                g_pid_gains
 .data.g_deadband_params
                0x20000034        0x8 build/bsp_pid.o
                0x20000034                g_deadband_params
 .data.sbus_signal_lost
                0x2000003c        0x1 build/bsp_sbus_controller.o
                0x2000003c                sbus_signal_lost
                0x20000040                        . = ALIGN (0x4)
 *fill*         0x2000003d        0x3 
                0x20000040                        _edata = .

.igot.plt       0x20000040        0x0 load address 0x0800a8c4
 .igot.plt      0x20000040        0x0 c:/msys64/mingw64/bin/../lib/gcc/arm-none-eabi/12.2.0/thumb/v7e-m+dp/hard/crtbegin.o
                0x20000040                        . = ALIGN (0x4)

.bss            0x20000040      0xcd4 load address 0x0800a8c4
                0x20000040                        _sbss = .
                0x20000040                        __bss_start__ = _sbss
 *(.bss)
 *(.bss*)
 .bss.completed.1
                0x20000040        0x1 c:/msys64/mingw64/bin/../lib/gcc/arm-none-eabi/12.2.0/thumb/v7e-m+dp/hard/crtbegin.o
 *fill*         0x20000041        0x3 
 .bss.object.0  0x20000044       0x18 c:/msys64/mingw64/bin/../lib/gcc/arm-none-eabi/12.2.0/thumb/v7e-m+dp/hard/crtbegin.o
 .bss.output4_filtered
                0x2000005c        0x4 build/main.o
                0x2000005c                output4_filtered
 .bss.output3_filtered
                0x20000060        0x4 build/main.o
                0x20000060                output3_filtered
 .bss.output2_filtered
                0x20000064        0x4 build/main.o
                0x20000064                output2_filtered
 .bss.output1_filtered
                0x20000068        0x4 build/main.o
                0x20000068                output1_filtered
 .bss.can_init_status
                0x2000006c        0x1 build/main.o
                0x2000006c                can_init_status
 *fill*         0x2000006d        0x3 
 .bss.HAL_RCC_FDCAN_CLK_ENABLED
                0x20000070        0x4 build/fdcan.o
 .bss.hfdcan3   0x20000074       0xec build/fdcan.o
                0x20000074                hfdcan3
 .bss.hfdcan2   0x20000160       0xec build/fdcan.o
                0x20000160                hfdcan2
 .bss.hfdcan1   0x2000024c       0xec build/fdcan.o
                0x2000024c                hfdcan1
 .bss.hspi1     0x20000338       0x88 build/spi.o
                0x20000338                hspi1
 .bss.htim23    0x200003c0       0x4c build/tim.o
                0x200003c0                htim23
 *fill*         0x2000040c        0x4 
 .bss.htim8     0x20000410       0x4c build/tim.o
                0x20000410                htim8
 *fill*         0x2000045c        0x4 
 .bss.htim4     0x20000460       0x4c build/tim.o
                0x20000460                htim4
 *fill*         0x200004ac        0x4 
 .bss.htim2     0x200004b0       0x4c build/tim.o
                0x200004b0                htim2
 *fill*         0x200004fc        0x4 
 .bss.htim1     0x20000500       0x4c build/tim.o
                0x20000500                htim1
 *fill*         0x2000054c        0x4 
 .bss.hdma_usart10_tx
                0x20000550       0x78 build/usart.o
                0x20000550                hdma_usart10_tx
 .bss.hdma_usart10_rx
                0x200005c8       0x78 build/usart.o
                0x200005c8                hdma_usart10_rx
 .bss.hdma_usart1_rx
                0x20000640       0x78 build/usart.o
                0x20000640                hdma_usart1_rx
 .bss.hdma_usart1_tx
                0x200006b8       0x78 build/usart.o
                0x200006b8                hdma_usart1_tx
 .bss.hdma_uart7_tx
                0x20000730       0x78 build/usart.o
                0x20000730                hdma_uart7_tx
 .bss.hdma_uart7_rx
                0x200007a8       0x78 build/usart.o
                0x200007a8                hdma_uart7_rx
 .bss.hdma_uart5_rx
                0x20000820       0x78 build/usart.o
                0x20000820                hdma_uart5_rx
 .bss.huart10   0x20000898       0xcc build/usart.o
                0x20000898                huart10
 *fill*         0x20000964        0x4 
 .bss.huart1    0x20000968       0xcc build/usart.o
                0x20000968                huart1
 *fill*         0x20000a34        0x4 
 .bss.huart7    0x20000a38       0xcc build/usart.o
                0x20000a38                huart7
 *fill*         0x20000b04        0x4 
 .bss.huart5    0x20000b08       0xcc build/usart.o
                0x20000b08                huart5
 .bss.htim6     0x20000bd4       0x4c build/stm32h7xx_hal_timebase_tim.o
                0x20000bd4                htim6
 .bss.uwTick    0x20000c20        0x4 build/stm32h7xx_hal.o
                0x20000c20                uwTick
 .bss.rawPacket
                0x20000c24        0xa build/radio.o
                0x20000c24                rawPacket
 *fill*         0x20000c2e        0x2 
 .bss.currentPacket
                0x20000c30       0x18 build/radio.o
                0x20000c30                currentPacket
 .bss.rx_buffer
                0x20000c48        0x8 build/bsp_fdcan.o
 .bss.velocity_debug
                0x20000c50       0x34 build/bsp_inverse_kinematics.o
                0x20000c50                velocity_debug
 .bss.feedback_buffer
                0x20000c84       0x28 build/bsp_motor_feedback.o
 .bss.pid_states
                0x20000cac       0x40 build/bsp_pid.o
                0x20000cac                pid_states
 .bss.sbus_rx_byte
                0x20000cec        0x1 build/bsp_sbus_controller.o
 *fill*         0x20000ced        0x3 
 .bss.sbus_frame
                0x20000cf0       0x19 build/bsp_sbus_controller.o
 *fill*         0x20000d09        0x1 
 .bss.frame_index
                0x20000d0a        0x2 build/bsp_sbus_controller.o
 .bss.frame_complete
                0x20000d0c        0x1 build/bsp_sbus_controller.o
 *fill*         0x20000d0d        0x3 
 .bss.sbus_last_update
                0x20000d10        0x4 build/bsp_sbus_controller.o
                0x20000d10                sbus_last_update
 *(COMMON)
                0x20000d14                        . = ALIGN (0x4)
                0x20000d14                        _ebss = .
                0x20000d14                        __bss_end__ = _ebss

._user_heap_stack
                0x20000d14      0x604 load address 0x0800a8c4
                0x20000d18                        . = ALIGN (0x8)
 *fill*         0x20000d14        0x4 
                [!provide]                        PROVIDE (end = .)
                0x20000d18                        PROVIDE (_end = .)
                0x20000f18                        . = (. + _Min_Heap_Size)
 *fill*         0x20000d18      0x200 
                0x20001318                        . = (. + _Min_Stack_Size)
 *fill*         0x20000f18      0x400 
                0x20001318                        . = ALIGN (0x8)

/DISCARD/
 libc.a(*)
 libm.a(*)
 libgcc.a(*)
OUTPUT(build/thermeoG2.elf elf32-littlearm)
LOAD linker stubs
LOAD c:/msys64/mingw64/bin/../lib/gcc/arm-none-eabi/12.2.0/../../../../arm-none-eabi/lib/thumb/v7e-m+dp/hard\libc.a
LOAD c:/msys64/mingw64/bin/../lib/gcc/arm-none-eabi/12.2.0/../../../../arm-none-eabi/lib/thumb/v7e-m+dp/hard\libm.a
LOAD c:/msys64/mingw64/bin/../lib/gcc/arm-none-eabi/12.2.0/thumb/v7e-m+dp/hard\libgcc.a

.ARM.attributes
                0x00000000       0x2e
 .ARM.attributes
                0x00000000       0x20 c:/msys64/mingw64/bin/../lib/gcc/arm-none-eabi/12.2.0/thumb/v7e-m+dp/hard/crti.o
 .ARM.attributes
                0x00000020       0x32 c:/msys64/mingw64/bin/../lib/gcc/arm-none-eabi/12.2.0/thumb/v7e-m+dp/hard/crtbegin.o
 .ARM.attributes
                0x00000052       0x32 build/main.o
 .ARM.attributes
                0x00000084       0x32 build/gpio.o
 .ARM.attributes
                0x000000b6       0x32 build/dma.o
 .ARM.attributes
                0x000000e8       0x32 build/fdcan.o
 .ARM.attributes
                0x0000011a       0x32 build/spi.o
 .ARM.attributes
                0x0000014c       0x32 build/tim.o
 .ARM.attributes
                0x0000017e       0x32 build/usart.o
 .ARM.attributes
                0x000001b0       0x32 build/stm32h7xx_it.o
 .ARM.attributes
                0x000001e2       0x32 build/stm32h7xx_hal_msp.o
 .ARM.attributes
                0x00000214       0x32 build/stm32h7xx_hal_timebase_tim.o
 .ARM.attributes
                0x00000246       0x32 build/stm32h7xx_hal_tim.o
 .ARM.attributes
                0x00000278       0x32 build/stm32h7xx_hal_tim_ex.o
 .ARM.attributes
                0x000002aa       0x32 build/stm32h7xx_hal_cortex.o
 .ARM.attributes
                0x000002dc       0x32 build/stm32h7xx_hal_rcc.o
 .ARM.attributes
                0x0000030e       0x32 build/stm32h7xx_hal_rcc_ex.o
 .ARM.attributes
                0x00000340       0x32 build/stm32h7xx_hal_gpio.o
 .ARM.attributes
                0x00000372       0x32 build/stm32h7xx_hal_dma.o
 .ARM.attributes
                0x000003a4       0x32 build/stm32h7xx_hal_pwr_ex.o
 .ARM.attributes
                0x000003d6       0x32 build/stm32h7xx_hal.o
 .ARM.attributes
                0x00000408       0x32 build/stm32h7xx_hal_fdcan.o
 .ARM.attributes
                0x0000043a       0x32 build/stm32h7xx_hal_spi.o
 .ARM.attributes
                0x0000046c       0x32 build/stm32h7xx_hal_uart.o
 .ARM.attributes
                0x0000049e       0x32 build/stm32h7xx_hal_uart_ex.o
 .ARM.attributes
                0x000004d0       0x32 build/system_stm32h7xx.o
 .ARM.attributes
                0x00000502       0x32 build/nrf24.o
 .ARM.attributes
                0x00000534       0x32 build/radio.o
 .ARM.attributes
                0x00000566       0x32 build/bsp_fdcan.o
 .ARM.attributes
                0x00000598       0x32 build/bsp_inverse_kinematics.o
 .ARM.attributes
                0x000005ca       0x32 build/bsp_motor_feedback.o
 .ARM.attributes
                0x000005fc       0x32 build/bsp_pid.o
 .ARM.attributes
                0x0000062e       0x32 build/bsp_sbus_controller.o
 .ARM.attributes
                0x00000660       0x21 build/startup_stm32h723xx.o
 .ARM.attributes
                0x00000681       0x32 c:/msys64/mingw64/bin/../lib/gcc/arm-none-eabi/12.2.0/../../../../arm-none-eabi/lib/thumb/v7e-m+dp/hard\libc_nano.a(libc_a-memset.o)
 .ARM.attributes
                0x000006b3       0x32 c:/msys64/mingw64/bin/../lib/gcc/arm-none-eabi/12.2.0/../../../../arm-none-eabi/lib/thumb/v7e-m+dp/hard\libc_nano.a(libc_a-init.o)
 .ARM.attributes
                0x000006e5       0x1e c:/msys64/mingw64/bin/../lib/gcc/arm-none-eabi/12.2.0/../../../../arm-none-eabi/lib/thumb/v7e-m+dp/hard\libc_nano.a(libc_a-memcpy.o)
 .ARM.attributes
                0x00000703       0x20 c:/msys64/mingw64/bin/../lib/gcc/arm-none-eabi/12.2.0/thumb/v7e-m+dp/hard\libgcc.a(_aeabi_uldivmod.o)
 .ARM.attributes
                0x00000723       0x32 c:/msys64/mingw64/bin/../lib/gcc/arm-none-eabi/12.2.0/thumb/v7e-m+dp/hard\libgcc.a(_udivmoddi4.o)
 .ARM.attributes
                0x00000755       0x20 c:/msys64/mingw64/bin/../lib/gcc/arm-none-eabi/12.2.0/thumb/v7e-m+dp/hard\libgcc.a(_dvmd_tls.o)
 .ARM.attributes
                0x00000775       0x20 c:/msys64/mingw64/bin/../lib/gcc/arm-none-eabi/12.2.0/thumb/v7e-m+dp/hard/crtn.o

.comment        0x00000000       0x12
 .comment       0x00000000       0x12 build/main.o
                                 0x13 (size before relaxing)
 .comment       0x00000012       0x13 build/gpio.o
 .comment       0x00000012       0x13 build/dma.o
 .comment       0x00000012       0x13 build/fdcan.o
 .comment       0x00000012       0x13 build/spi.o
 .comment       0x00000012       0x13 build/tim.o
 .comment       0x00000012       0x13 build/usart.o
 .comment       0x00000012       0x13 build/stm32h7xx_it.o
 .comment       0x00000012       0x13 build/stm32h7xx_hal_msp.o
 .comment       0x00000012       0x13 build/stm32h7xx_hal_timebase_tim.o
 .comment       0x00000012       0x13 build/stm32h7xx_hal_tim.o
 .comment       0x00000012       0x13 build/stm32h7xx_hal_tim_ex.o
 .comment       0x00000012       0x13 build/stm32h7xx_hal_cortex.o
 .comment       0x00000012       0x13 build/stm32h7xx_hal_rcc.o
 .comment       0x00000012       0x13 build/stm32h7xx_hal_rcc_ex.o
 .comment       0x00000012       0x13 build/stm32h7xx_hal_gpio.o
 .comment       0x00000012       0x13 build/stm32h7xx_hal_dma.o
 .comment       0x00000012       0x13 build/stm32h7xx_hal_pwr_ex.o
 .comment       0x00000012       0x13 build/stm32h7xx_hal.o
 .comment       0x00000012       0x13 build/stm32h7xx_hal_fdcan.o
 .comment       0x00000012       0x13 build/stm32h7xx_hal_spi.o
 .comment       0x00000012       0x13 build/stm32h7xx_hal_uart.o
 .comment       0x00000012       0x13 build/stm32h7xx_hal_uart_ex.o
 .comment       0x00000012       0x13 build/system_stm32h7xx.o
 .comment       0x00000012       0x13 build/nrf24.o
 .comment       0x00000012       0x13 build/radio.o
 .comment       0x00000012       0x13 build/bsp_fdcan.o
 .comment       0x00000012       0x13 build/bsp_inverse_kinematics.o
 .comment       0x00000012       0x13 build/bsp_motor_feedback.o
 .comment       0x00000012       0x13 build/bsp_pid.o
 .comment       0x00000012       0x13 build/bsp_sbus_controller.o
 .comment       0x00000012       0x13 c:/msys64/mingw64/bin/../lib/gcc/arm-none-eabi/12.2.0/../../../../arm-none-eabi/lib/thumb/v7e-m+dp/hard\libc_nano.a(libc_a-memset.o)
 .comment       0x00000012       0x13 c:/msys64/mingw64/bin/../lib/gcc/arm-none-eabi/12.2.0/../../../../arm-none-eabi/lib/thumb/v7e-m+dp/hard\libc_nano.a(libc_a-init.o)
 .comment       0x00000012       0x13 c:/msys64/mingw64/bin/../lib/gcc/arm-none-eabi/12.2.0/thumb/v7e-m+dp/hard\libgcc.a(_udivmoddi4.o)

.debug_info     0x00000000    0x3f961
 .debug_info    0x00000000     0x2f5c build/main.o
 .debug_info    0x00002f5c      0xce7 build/gpio.o
 .debug_info    0x00003c43      0xa4d build/dma.o
 .debug_info    0x00004690     0x1f96 build/fdcan.o
 .debug_info    0x00006626     0x17ec build/spi.o
 .debug_info    0x00007e12     0x1a56 build/tim.o
 .debug_info    0x00009868     0x21f5 build/usart.o
 .debug_info    0x0000ba5d     0x20de build/stm32h7xx_it.o
 .debug_info    0x0000db3b      0x53f build/stm32h7xx_hal_msp.o
 .debug_info    0x0000e07a     0x12f0 build/stm32h7xx_hal_timebase_tim.o
 .debug_info    0x0000f36a     0x5404 build/stm32h7xx_hal_tim.o
 .debug_info    0x0001476e     0x2334 build/stm32h7xx_hal_tim_ex.o
 .debug_info    0x00016aa2     0x15aa build/stm32h7xx_hal_cortex.o
 .debug_info    0x0001804c     0x14d5 build/stm32h7xx_hal_rcc.o
 .debug_info    0x00019521     0x26da build/stm32h7xx_hal_rcc_ex.o
 .debug_info    0x0001bbfb      0xf02 build/stm32h7xx_hal_gpio.o
 .debug_info    0x0001cafd      0xff4 build/stm32h7xx_hal_dma.o
 .debug_info    0x0001daf1     0x113c build/stm32h7xx_hal_pwr_ex.o
 .debug_info    0x0001ec2d     0x1ad7 build/stm32h7xx_hal.o
 .debug_info    0x00020704     0x4198 build/stm32h7xx_hal_fdcan.o
 .debug_info    0x0002489c     0x1ca7 build/stm32h7xx_hal_spi.o
 .debug_info    0x00026543     0x8602 build/stm32h7xx_hal_uart.o
 .debug_info    0x0002eb45     0x16ad build/stm32h7xx_hal_uart_ex.o
 .debug_info    0x000301f2      0xd9b build/system_stm32h7xx.o
 .debug_info    0x00030f8d     0x938b build/nrf24.o
 .debug_info    0x0003a318     0x1b7c build/radio.o
 .debug_info    0x0003be94     0x175a build/bsp_fdcan.o
 .debug_info    0x0003d5ee      0x38b build/bsp_inverse_kinematics.o
 .debug_info    0x0003d979      0x350 build/bsp_motor_feedback.o
 .debug_info    0x0003dcc9      0x424 build/bsp_pid.o
 .debug_info    0x0003e0ed      0xe77 build/bsp_sbus_controller.o
 .debug_info    0x0003ef64       0x30 build/startup_stm32h723xx.o
 .debug_info    0x0003ef94      0x135 c:/msys64/mingw64/bin/../lib/gcc/arm-none-eabi/12.2.0/../../../../arm-none-eabi/lib/thumb/v7e-m+dp/hard\libc_nano.a(libc_a-memset.o)
 .debug_info    0x0003f0c9      0x10b c:/msys64/mingw64/bin/../lib/gcc/arm-none-eabi/12.2.0/../../../../arm-none-eabi/lib/thumb/v7e-m+dp/hard\libc_nano.a(libc_a-init.o)
 .debug_info    0x0003f1d4       0x33 c:/msys64/mingw64/bin/../lib/gcc/arm-none-eabi/12.2.0/../../../../arm-none-eabi/lib/thumb/v7e-m+dp/hard\libc_nano.a(libc_a-memcpy.o)
 .debug_info    0x0003f207       0x24 c:/msys64/mingw64/bin/../lib/gcc/arm-none-eabi/12.2.0/thumb/v7e-m+dp/hard\libgcc.a(_aeabi_uldivmod.o)
 .debug_info    0x0003f22b      0x6fd c:/msys64/mingw64/bin/../lib/gcc/arm-none-eabi/12.2.0/thumb/v7e-m+dp/hard\libgcc.a(_udivmoddi4.o)
 .debug_info    0x0003f928       0x39 c:/msys64/mingw64/bin/../lib/gcc/arm-none-eabi/12.2.0/thumb/v7e-m+dp/hard\libgcc.a(_dvmd_tls.o)

.debug_abbrev   0x00000000     0x5dbc
 .debug_abbrev  0x00000000      0x3df build/main.o
 .debug_abbrev  0x000003df      0x19d build/gpio.o
 .debug_abbrev  0x0000057c      0x130 build/dma.o
 .debug_abbrev  0x000006ac      0x28a build/fdcan.o
 .debug_abbrev  0x00000936      0x24e build/spi.o
 .debug_abbrev  0x00000b84      0x2cb build/tim.o
 .debug_abbrev  0x00000e4f      0x2c9 build/usart.o
 .debug_abbrev  0x00001118      0x28a build/stm32h7xx_it.o
 .debug_abbrev  0x000013a2       0xc6 build/stm32h7xx_hal_msp.o
 .debug_abbrev  0x00001468      0x23a build/stm32h7xx_hal_timebase_tim.o
 .debug_abbrev  0x000016a2      0x3c1 build/stm32h7xx_hal_tim.o
 .debug_abbrev  0x00001a63      0x3a3 build/stm32h7xx_hal_tim_ex.o
 .debug_abbrev  0x00001e06      0x39c build/stm32h7xx_hal_cortex.o
 .debug_abbrev  0x000021a2      0x316 build/stm32h7xx_hal_rcc.o
 .debug_abbrev  0x000024b8      0x365 build/stm32h7xx_hal_rcc_ex.o
 .debug_abbrev  0x0000281d      0x26c build/stm32h7xx_hal_gpio.o
 .debug_abbrev  0x00002a89      0x35a build/stm32h7xx_hal_dma.o
 .debug_abbrev  0x00002de3      0x305 build/stm32h7xx_hal_pwr_ex.o
 .debug_abbrev  0x000030e8      0x312 build/stm32h7xx_hal.o
 .debug_abbrev  0x000033fa      0x370 build/stm32h7xx_hal_fdcan.o
 .debug_abbrev  0x0000376a      0x3ff build/stm32h7xx_hal_spi.o
 .debug_abbrev  0x00003b69      0x563 build/stm32h7xx_hal_uart.o
 .debug_abbrev  0x000040cc      0x37a build/stm32h7xx_hal_uart_ex.o
 .debug_abbrev  0x00004446      0x144 build/system_stm32h7xx.o
 .debug_abbrev  0x0000458a      0x4f5 build/nrf24.o
 .debug_abbrev  0x00004a7f      0x48e build/radio.o
 .debug_abbrev  0x00004f0d      0x302 build/bsp_fdcan.o
 .debug_abbrev  0x0000520f      0x1b8 build/bsp_inverse_kinematics.o
 .debug_abbrev  0x000053c7      0x16d build/bsp_motor_feedback.o
 .debug_abbrev  0x00005534      0x1d3 build/bsp_pid.o
 .debug_abbrev  0x00005707      0x353 build/bsp_sbus_controller.o
 .debug_abbrev  0x00005a5a       0x1d build/startup_stm32h723xx.o
 .debug_abbrev  0x00005a77       0xb7 c:/msys64/mingw64/bin/../lib/gcc/arm-none-eabi/12.2.0/../../../../arm-none-eabi/lib/thumb/v7e-m+dp/hard\libc_nano.a(libc_a-memset.o)
 .debug_abbrev  0x00005b2e       0xc9 c:/msys64/mingw64/bin/../lib/gcc/arm-none-eabi/12.2.0/../../../../arm-none-eabi/lib/thumb/v7e-m+dp/hard\libc_nano.a(libc_a-init.o)
 .debug_abbrev  0x00005bf7       0x28 c:/msys64/mingw64/bin/../lib/gcc/arm-none-eabi/12.2.0/../../../../arm-none-eabi/lib/thumb/v7e-m+dp/hard\libc_nano.a(libc_a-memcpy.o)
 .debug_abbrev  0x00005c1f       0x14 c:/msys64/mingw64/bin/../lib/gcc/arm-none-eabi/12.2.0/thumb/v7e-m+dp/hard\libgcc.a(_aeabi_uldivmod.o)
 .debug_abbrev  0x00005c33      0x16a c:/msys64/mingw64/bin/../lib/gcc/arm-none-eabi/12.2.0/thumb/v7e-m+dp/hard\libgcc.a(_udivmoddi4.o)
 .debug_abbrev  0x00005d9d       0x1f c:/msys64/mingw64/bin/../lib/gcc/arm-none-eabi/12.2.0/thumb/v7e-m+dp/hard\libgcc.a(_dvmd_tls.o)

.debug_loc      0x00000000    0x2d840
 .debug_loc     0x00000000      0x2ec build/main.o
 .debug_loc     0x000002ec       0x39 build/gpio.o
 .debug_loc     0x00000325       0x44 build/dma.o
 .debug_loc     0x00000369      0x2c0 build/fdcan.o
 .debug_loc     0x00000629      0x11b build/spi.o
 .debug_loc     0x00000744      0x3bc build/tim.o
 .debug_loc     0x00000b00      0x2a4 build/usart.o
 .debug_loc     0x00000da4       0x58 build/stm32h7xx_it.o
 .debug_loc     0x00000dfc       0x2c build/stm32h7xx_hal_msp.o
 .debug_loc     0x00000e28      0x127 build/stm32h7xx_hal_timebase_tim.o
 .debug_loc     0x00000f4f     0x7ce6 build/stm32h7xx_hal_tim.o
 .debug_loc     0x00008c35     0x2495 build/stm32h7xx_hal_tim_ex.o
 .debug_loc     0x0000b0ca      0x83d build/stm32h7xx_hal_cortex.o
 .debug_loc     0x0000b907      0xc99 build/stm32h7xx_hal_rcc.o
 .debug_loc     0x0000c5a0     0x21b3 build/stm32h7xx_hal_rcc_ex.o
 .debug_loc     0x0000e753      0x569 build/stm32h7xx_hal_gpio.o
 .debug_loc     0x0000ecbc     0x2278 build/stm32h7xx_hal_dma.o
 .debug_loc     0x00010f34      0x5fa build/stm32h7xx_hal_pwr_ex.o
 .debug_loc     0x0001152e      0x503 build/stm32h7xx_hal.o
 .debug_loc     0x00011a31     0x4218 build/stm32h7xx_hal_fdcan.o
 .debug_loc     0x00015c49     0x1f5d build/stm32h7xx_hal_spi.o
 .debug_loc     0x00017ba6     0x87e6 build/stm32h7xx_hal_uart.o
 .debug_loc     0x0002038c     0x1095 build/stm32h7xx_hal_uart_ex.o
 .debug_loc     0x00021421      0x1d2 build/system_stm32h7xx.o
 .debug_loc     0x000215f3     0x8f63 build/nrf24.o
 .debug_loc     0x0002a556     0x1a2d build/radio.o
 .debug_loc     0x0002bf83      0x78f build/bsp_fdcan.o
 .debug_loc     0x0002c712      0x3eb build/bsp_inverse_kinematics.o
 .debug_loc     0x0002cafd      0x170 build/bsp_motor_feedback.o
 .debug_loc     0x0002cc6d      0x313 build/bsp_pid.o
 .debug_loc     0x0002cf80      0x8c0 build/bsp_sbus_controller.o

.debug_aranges  0x00000000     0x1b08
 .debug_aranges
                0x00000000       0x50 build/main.o
 .debug_aranges
                0x00000050       0x20 build/gpio.o
 .debug_aranges
                0x00000070       0x20 build/dma.o
 .debug_aranges
                0x00000090       0x40 build/fdcan.o
 .debug_aranges
                0x000000d0       0x30 build/spi.o
 .debug_aranges
                0x00000100       0x60 build/tim.o
 .debug_aranges
                0x00000160       0x48 build/usart.o
 .debug_aranges
                0x000001a8      0x100 build/stm32h7xx_it.o
 .debug_aranges
                0x000002a8       0x20 build/stm32h7xx_hal_msp.o
 .debug_aranges
                0x000002c8       0x30 build/stm32h7xx_hal_timebase_tim.o
 .debug_aranges
                0x000002f8      0x390 build/stm32h7xx_hal_tim.o
 .debug_aranges
                0x00000688      0x190 build/stm32h7xx_hal_tim_ex.o
 .debug_aranges
                0x00000818       0xc0 build/stm32h7xx_hal_cortex.o
 .debug_aranges
                0x000008d8       0x90 build/stm32h7xx_hal_rcc.o
 .debug_aranges
                0x00000968       0xf8 build/stm32h7xx_hal_rcc_ex.o
 .debug_aranges
                0x00000a60       0x58 build/stm32h7xx_hal_gpio.o
 .debug_aranges
                0x00000ab8       0x88 build/stm32h7xx_hal_dma.o
 .debug_aranges
                0x00000b40      0x148 build/stm32h7xx_hal_pwr_ex.o
 .debug_aranges
                0x00000c88      0x1c8 build/stm32h7xx_hal.o
 .debug_aranges
                0x00000e50      0x3f0 build/stm32h7xx_hal_fdcan.o
 .debug_aranges
                0x00001240      0x198 build/stm32h7xx_hal_spi.o
 .debug_aranges
                0x000013d8      0x268 build/stm32h7xx_hal_uart.o
 .debug_aranges
                0x00001640       0x98 build/stm32h7xx_hal_uart_ex.o
 .debug_aranges
                0x000016d8       0x30 build/system_stm32h7xx.o
 .debug_aranges
                0x00001708      0x150 build/nrf24.o
 .debug_aranges
                0x00001858       0x58 build/radio.o
 .debug_aranges
                0x000018b0       0x68 build/bsp_fdcan.o
 .debug_aranges
                0x00001918       0x30 build/bsp_inverse_kinematics.o
 .debug_aranges
                0x00001948       0x48 build/bsp_motor_feedback.o
 .debug_aranges
                0x00001990       0x40 build/bsp_pid.o
 .debug_aranges
                0x000019d0       0x50 build/bsp_sbus_controller.o
 .debug_aranges
                0x00001a20       0x28 build/startup_stm32h723xx.o
 .debug_aranges
                0x00001a48       0x20 c:/msys64/mingw64/bin/../lib/gcc/arm-none-eabi/12.2.0/../../../../arm-none-eabi/lib/thumb/v7e-m+dp/hard\libc_nano.a(libc_a-memset.o)
 .debug_aranges
                0x00001a68       0x20 c:/msys64/mingw64/bin/../lib/gcc/arm-none-eabi/12.2.0/../../../../arm-none-eabi/lib/thumb/v7e-m+dp/hard\libc_nano.a(libc_a-init.o)
 .debug_aranges
                0x00001a88       0x20 c:/msys64/mingw64/bin/../lib/gcc/arm-none-eabi/12.2.0/../../../../arm-none-eabi/lib/thumb/v7e-m+dp/hard\libc_nano.a(libc_a-memcpy.o)
 .debug_aranges
                0x00001aa8       0x20 c:/msys64/mingw64/bin/../lib/gcc/arm-none-eabi/12.2.0/thumb/v7e-m+dp/hard\libgcc.a(_aeabi_uldivmod.o)
 .debug_aranges
                0x00001ac8       0x20 c:/msys64/mingw64/bin/../lib/gcc/arm-none-eabi/12.2.0/thumb/v7e-m+dp/hard\libgcc.a(_udivmoddi4.o)
 .debug_aranges
                0x00001ae8       0x20 c:/msys64/mingw64/bin/../lib/gcc/arm-none-eabi/12.2.0/thumb/v7e-m+dp/hard\libgcc.a(_dvmd_tls.o)

.debug_ranges   0x00000000     0x76d8
 .debug_ranges  0x00000000       0x60 build/main.o
 .debug_ranges  0x00000060       0x48 build/gpio.o
 .debug_ranges  0x000000a8       0x30 build/dma.o
 .debug_ranges  0x000000d8       0xb8 build/fdcan.o
 .debug_ranges  0x00000190       0x68 build/spi.o
 .debug_ranges  0x000001f8      0x100 build/tim.o
 .debug_ranges  0x000002f8      0x138 build/usart.o
 .debug_ranges  0x00000430       0xf0 build/stm32h7xx_it.o
 .debug_ranges  0x00000520       0x28 build/stm32h7xx_hal_msp.o
 .debug_ranges  0x00000548       0x38 build/stm32h7xx_hal_timebase_tim.o
 .debug_ranges  0x00000580      0xa20 build/stm32h7xx_hal_tim.o
 .debug_ranges  0x00000fa0      0x348 build/stm32h7xx_hal_tim_ex.o
 .debug_ranges  0x000012e8      0x190 build/stm32h7xx_hal_cortex.o
 .debug_ranges  0x00001478      0x218 build/stm32h7xx_hal_rcc.o
 .debug_ranges  0x00001690      0x348 build/stm32h7xx_hal_rcc_ex.o
 .debug_ranges  0x000019d8       0x78 build/stm32h7xx_hal_gpio.o
 .debug_ranges  0x00001a50      0x310 build/stm32h7xx_hal_dma.o
 .debug_ranges  0x00001d60      0x1c8 build/stm32h7xx_hal_pwr_ex.o
 .debug_ranges  0x00001f28      0x1b8 build/stm32h7xx_hal.o
 .debug_ranges  0x000020e0      0x448 build/stm32h7xx_hal_fdcan.o
 .debug_ranges  0x00002528      0x280 build/stm32h7xx_hal_spi.o
 .debug_ranges  0x000027a8      0xd30 build/stm32h7xx_hal_uart.o
 .debug_ranges  0x000034d8       0xf8 build/stm32h7xx_hal_uart_ex.o
 .debug_ranges  0x000035d0       0x20 build/system_stm32h7xx.o
 .debug_ranges  0x000035f0     0x3a88 build/nrf24.o
 .debug_ranges  0x00007078      0x1d0 build/radio.o
 .debug_ranges  0x00007248      0x160 build/bsp_fdcan.o
 .debug_ranges  0x000073a8      0x158 build/bsp_inverse_kinematics.o
 .debug_ranges  0x00007500       0x50 build/bsp_motor_feedback.o
 .debug_ranges  0x00007550       0x58 build/bsp_pid.o
 .debug_ranges  0x000075a8      0x110 build/bsp_sbus_controller.o
 .debug_ranges  0x000076b8       0x20 build/startup_stm32h723xx.o

.debug_line     0x00000000    0x28aca
 .debug_line    0x00000000      0x992 build/main.o
 .debug_line    0x00000992      0x25b build/gpio.o
 .debug_line    0x00000bed      0x161 build/dma.o
 .debug_line    0x00000d4e      0x8c8 build/fdcan.o
 .debug_line    0x00001616      0x377 build/spi.o
 .debug_line    0x0000198d      0x70d build/tim.o
 .debug_line    0x0000209a      0xa19 build/usart.o
 .debug_line    0x00002ab3      0x48a build/stm32h7xx_it.o
 .debug_line    0x00002f3d      0x11c build/stm32h7xx_hal_msp.o
 .debug_line    0x00003059      0x2bf build/stm32h7xx_hal_timebase_tim.o
 .debug_line    0x00003318     0x6172 build/stm32h7xx_hal_tim.o
 .debug_line    0x0000948a     0x1ea4 build/stm32h7xx_hal_tim_ex.o
 .debug_line    0x0000b32e      0x7e7 build/stm32h7xx_hal_cortex.o
 .debug_line    0x0000bb15     0x1526 build/stm32h7xx_hal_rcc.o
 .debug_line    0x0000d03b     0x20e7 build/stm32h7xx_hal_rcc_ex.o
 .debug_line    0x0000f122      0x78f build/stm32h7xx_hal_gpio.o
 .debug_line    0x0000f8b1     0x2436 build/stm32h7xx_hal_dma.o
 .debug_line    0x00011ce7      0xa13 build/stm32h7xx_hal_pwr_ex.o
 .debug_line    0x000126fa      0xa0e build/stm32h7xx_hal.o
 .debug_line    0x00013108     0x3d6c build/stm32h7xx_hal_fdcan.o
 .debug_line    0x00016e74     0x2bfe build/stm32h7xx_hal_spi.o
 .debug_line    0x00019a72     0x705e build/stm32h7xx_hal_uart.o
 .debug_line    0x00020ad0      0xe76 build/stm32h7xx_hal_uart_ex.o
 .debug_line    0x00021946      0x41c build/system_stm32h7xx.o
 .debug_line    0x00021d62     0x3ea4 build/nrf24.o
 .debug_line    0x00025c06      0xb89 build/radio.o
 .debug_line    0x0002678f      0x592 build/bsp_fdcan.o
 .debug_line    0x00026d21      0x432 build/bsp_inverse_kinematics.o
 .debug_line    0x00027153      0x2bd build/bsp_motor_feedback.o
 .debug_line    0x00027410      0x3a5 build/bsp_pid.o
 .debug_line    0x000277b5      0x8f4 build/bsp_sbus_controller.o
 .debug_line    0x000280a9       0x74 build/startup_stm32h723xx.o
 .debug_line    0x0002811d      0x1cd c:/msys64/mingw64/bin/../lib/gcc/arm-none-eabi/12.2.0/../../../../arm-none-eabi/lib/thumb/v7e-m+dp/hard\libc_nano.a(libc_a-memset.o)
 .debug_line    0x000282ea      0x144 c:/msys64/mingw64/bin/../lib/gcc/arm-none-eabi/12.2.0/../../../../arm-none-eabi/lib/thumb/v7e-m+dp/hard\libc_nano.a(libc_a-init.o)
 .debug_line    0x0002842e       0xb9 c:/msys64/mingw64/bin/../lib/gcc/arm-none-eabi/12.2.0/../../../../arm-none-eabi/lib/thumb/v7e-m+dp/hard\libc_nano.a(libc_a-memcpy.o)
 .debug_line    0x000284e7       0x4e c:/msys64/mingw64/bin/../lib/gcc/arm-none-eabi/12.2.0/thumb/v7e-m+dp/hard\libgcc.a(_aeabi_uldivmod.o)
 .debug_line    0x00028535      0x54b c:/msys64/mingw64/bin/../lib/gcc/arm-none-eabi/12.2.0/thumb/v7e-m+dp/hard\libgcc.a(_udivmoddi4.o)
 .debug_line    0x00028a80       0x4a c:/msys64/mingw64/bin/../lib/gcc/arm-none-eabi/12.2.0/thumb/v7e-m+dp/hard\libgcc.a(_dvmd_tls.o)

.debug_str      0x00000000     0xa47a
 .debug_str     0x00000000     0xa47a build/main.o
                               0x1f45 (size before relaxing)
 .debug_str     0x0000a47a      0xc96 build/gpio.o
 .debug_str     0x0000a47a      0xbc9 build/dma.o
 .debug_str     0x0000a47a     0x180c build/fdcan.o
 .debug_str     0x0000a47a     0x1644 build/spi.o
 .debug_str     0x0000a47a     0x15a0 build/tim.o
 .debug_str     0x0000a47a     0x183d build/usart.o
 .debug_str     0x0000a47a     0x171c build/stm32h7xx_it.o
 .debug_str     0x0000a47a      0x3c7 build/stm32h7xx_hal_msp.o
 .debug_str     0x0000a47a     0x13a0 build/stm32h7xx_hal_timebase_tim.o
 .debug_str     0x0000a47a     0x183e build/stm32h7xx_hal_tim.o
 .debug_str     0x0000a47a     0x11ca build/stm32h7xx_hal_tim_ex.o
 .debug_str     0x0000a47a     0x1016 build/stm32h7xx_hal_cortex.o
 .debug_str     0x0000a47a      0x990 build/stm32h7xx_hal_rcc.o
 .debug_str     0x0000a47a      0xed2 build/stm32h7xx_hal_rcc_ex.o
 .debug_str     0x0000a47a      0x6ab build/stm32h7xx_hal_gpio.o
 .debug_str     0x0000a47a      0x92e build/stm32h7xx_hal_dma.o
 .debug_str     0x0000a47a      0x989 build/stm32h7xx_hal_pwr_ex.o
 .debug_str     0x0000a47a     0x1571 build/stm32h7xx_hal.o
 .debug_str     0x0000a47a     0x2578 build/stm32h7xx_hal_fdcan.o
 .debug_str     0x0000a47a      0xda9 build/stm32h7xx_hal_spi.o
 .debug_str     0x0000a47a     0x17fa build/stm32h7xx_hal_uart.o
 .debug_str     0x0000a47a      0xc97 build/stm32h7xx_hal_uart_ex.o
 .debug_str     0x0000a47a      0x6b1 build/system_stm32h7xx.o
 .debug_str     0x0000a47a      0xd7f build/nrf24.o
 .debug_str     0x0000a47a      0xe3f build/radio.o
 .debug_str     0x0000a47a      0xc2e build/bsp_fdcan.o
 .debug_str     0x0000a47a      0x2e5 build/bsp_inverse_kinematics.o
 .debug_str     0x0000a47a      0x398 build/bsp_motor_feedback.o
 .debug_str     0x0000a47a      0x2e4 build/bsp_pid.o
 .debug_str     0x0000a47a      0xa27 build/bsp_sbus_controller.o
 .debug_str     0x0000a47a       0x5c build/startup_stm32h723xx.o
 .debug_str     0x0000a47a      0x19e c:/msys64/mingw64/bin/../lib/gcc/arm-none-eabi/12.2.0/../../../../arm-none-eabi/lib/thumb/v7e-m+dp/hard\libc_nano.a(libc_a-memset.o)
 .debug_str     0x0000a47a      0x1eb c:/msys64/mingw64/bin/../lib/gcc/arm-none-eabi/12.2.0/../../../../arm-none-eabi/lib/thumb/v7e-m+dp/hard\libc_nano.a(libc_a-init.o)
 .debug_str     0x0000a47a       0xa3 c:/msys64/mingw64/bin/../lib/gcc/arm-none-eabi/12.2.0/../../../../arm-none-eabi/lib/thumb/v7e-m+dp/hard\libc_nano.a(libc_a-memcpy.o)
 .debug_str     0x0000a47a       0xb4 c:/msys64/mingw64/bin/../lib/gcc/arm-none-eabi/12.2.0/thumb/v7e-m+dp/hard\libgcc.a(_aeabi_uldivmod.o)
 .debug_str     0x0000a47a      0x6c0 c:/msys64/mingw64/bin/../lib/gcc/arm-none-eabi/12.2.0/thumb/v7e-m+dp/hard\libgcc.a(_udivmoddi4.o)
 .debug_str     0x0000a47a       0xd4 c:/msys64/mingw64/bin/../lib/gcc/arm-none-eabi/12.2.0/thumb/v7e-m+dp/hard\libgcc.a(_dvmd_tls.o)

.debug_frame    0x00000000     0x4c2c
 .debug_frame   0x00000000       0xd4 build/main.o
 .debug_frame   0x000000d4       0x38 build/gpio.o
 .debug_frame   0x0000010c       0x34 build/dma.o
 .debug_frame   0x00000140       0xf0 build/fdcan.o
 .debug_frame   0x00000230       0x74 build/spi.o
 .debug_frame   0x000002a4      0x158 build/tim.o
 .debug_frame   0x000003fc       0xf0 build/usart.o
 .debug_frame   0x000004ec      0x1f8 build/stm32h7xx_it.o
 .debug_frame   0x000006e4       0x28 build/stm32h7xx_hal_msp.o
 .debug_frame   0x0000070c       0x54 build/stm32h7xx_hal_timebase_tim.o
 .debug_frame   0x00000760      0xbdc build/stm32h7xx_hal_tim.o
 .debug_frame   0x0000133c      0x514 build/stm32h7xx_hal_tim_ex.o
 .debug_frame   0x00001850      0x17c build/stm32h7xx_hal_cortex.o
 .debug_frame   0x000019cc      0x1d4 build/stm32h7xx_hal_rcc.o
 .debug_frame   0x00001ba0      0x2b8 build/stm32h7xx_hal_rcc_ex.o
 .debug_frame   0x00001e58      0x100 build/stm32h7xx_hal_gpio.o
 .debug_frame   0x00001f58      0x24c build/stm32h7xx_hal_dma.o
 .debug_frame   0x000021a4      0x2f8 build/stm32h7xx_hal_pwr_ex.o
 .debug_frame   0x0000249c      0x3c8 build/stm32h7xx_hal.o
 .debug_frame   0x00002864      0x9c4 build/stm32h7xx_hal_fdcan.o
 .debug_frame   0x00003228      0x4e0 build/stm32h7xx_hal_spi.o
 .debug_frame   0x00003708      0x778 build/stm32h7xx_hal_uart.o
 .debug_frame   0x00003e80      0x1c0 build/stm32h7xx_hal_uart_ex.o
 .debug_frame   0x00004040       0x5c build/system_stm32h7xx.o
 .debug_frame   0x0000409c      0x69c build/nrf24.o
 .debug_frame   0x00004738       0xe8 build/radio.o
 .debug_frame   0x00004820      0x168 build/bsp_fdcan.o
 .debug_frame   0x00004988       0x40 build/bsp_inverse_kinematics.o
 .debug_frame   0x000049c8       0x7c build/bsp_motor_feedback.o
 .debug_frame   0x00004a44       0x70 build/bsp_pid.o
 .debug_frame   0x00004ab4       0xc0 build/bsp_sbus_controller.o
 .debug_frame   0x00004b74       0x2c c:/msys64/mingw64/bin/../lib/gcc/arm-none-eabi/12.2.0/../../../../arm-none-eabi/lib/thumb/v7e-m+dp/hard\libc_nano.a(libc_a-memset.o)
 .debug_frame   0x00004ba0       0x2c c:/msys64/mingw64/bin/../lib/gcc/arm-none-eabi/12.2.0/../../../../arm-none-eabi/lib/thumb/v7e-m+dp/hard\libc_nano.a(libc_a-init.o)
 .debug_frame   0x00004bcc       0x2c c:/msys64/mingw64/bin/../lib/gcc/arm-none-eabi/12.2.0/thumb/v7e-m+dp/hard\libgcc.a(_aeabi_uldivmod.o)
 .debug_frame   0x00004bf8       0x34 c:/msys64/mingw64/bin/../lib/gcc/arm-none-eabi/12.2.0/thumb/v7e-m+dp/hard\libgcc.a(_udivmoddi4.o)

.debug_loclists
                0x00000000      0x983
 .debug_loclists
                0x00000000      0x1b6 c:/msys64/mingw64/bin/../lib/gcc/arm-none-eabi/12.2.0/../../../../arm-none-eabi/lib/thumb/v7e-m+dp/hard\libc_nano.a(libc_a-memset.o)
 .debug_loclists
                0x000001b6       0x65 c:/msys64/mingw64/bin/../lib/gcc/arm-none-eabi/12.2.0/../../../../arm-none-eabi/lib/thumb/v7e-m+dp/hard\libc_nano.a(libc_a-init.o)
 .debug_loclists
                0x0000021b      0x768 c:/msys64/mingw64/bin/../lib/gcc/arm-none-eabi/12.2.0/thumb/v7e-m+dp/hard\libgcc.a(_udivmoddi4.o)

.debug_line_str
                0x00000000      0x144
 .debug_line_str
                0x00000000      0x144 c:/msys64/mingw64/bin/../lib/gcc/arm-none-eabi/12.2.0/../../../../arm-none-eabi/lib/thumb/v7e-m+dp/hard\libc_nano.a(libc_a-memcpy.o)
                                 0x90 (size before relaxing)
 .debug_line_str
                0x00000144       0xa8 c:/msys64/mingw64/bin/../lib/gcc/arm-none-eabi/12.2.0/thumb/v7e-m+dp/hard\libgcc.a(_aeabi_uldivmod.o)
 .debug_line_str
                0x00000144       0xac c:/msys64/mingw64/bin/../lib/gcc/arm-none-eabi/12.2.0/thumb/v7e-m+dp/hard\libgcc.a(_dvmd_tls.o)

.debug_rnglists
                0x00000000       0x6d
 .debug_rnglists
                0x00000000       0x6d c:/msys64/mingw64/bin/../lib/gcc/arm-none-eabi/12.2.0/thumb/v7e-m+dp/hard\libgcc.a(_udivmoddi4.o)

Cross Reference Table

Symbol                                            File
ADC3_IRQHandler                                   build/startup_stm32h723xx.o
ADC_IRQHandler                                    build/startup_stm32h723xx.o
BDMA_Channel0_IRQHandler                          build/startup_stm32h723xx.o
BDMA_Channel1_IRQHandler                          build/startup_stm32h723xx.o
BDMA_Channel2_IRQHandler                          build/startup_stm32h723xx.o
BDMA_Channel3_IRQHandler                          build/startup_stm32h723xx.o
BDMA_Channel4_IRQHandler                          build/startup_stm32h723xx.o
BDMA_Channel5_IRQHandler                          build/startup_stm32h723xx.o
BDMA_Channel6_IRQHandler                          build/startup_stm32h723xx.o
BDMA_Channel7_IRQHandler                          build/startup_stm32h723xx.o
BSP_ConvertVelocityToCurrent                      build/bsp_inverse_kinematics.o
BSP_FDCAN1_RxCallback                             build/bsp_fdcan.o
BSP_FDCAN2_RxCallback                             build/bsp_fdcan.o
BSP_FDCAN3_RxCallback                             build/bsp_fdcan.o
BSP_FDCAN_Clear_Error                             build/bsp_fdcan.o
BSP_FDCAN_Filter_Init                             build/bsp_fdcan.o
BSP_FDCAN_Init                                    build/bsp_fdcan.o
                                                  build/main.o
BSP_FDCAN_Receive_Message                         build/bsp_fdcan.o
BSP_FDCAN_Send_Message                            build/bsp_fdcan.o
                                                  build/main.o
BSP_FDCAN_Send_Motor_Command                      build/bsp_fdcan.o
BSP_InverseKinematics_Calculate                   build/bsp_inverse_kinematics.o
                                                  build/main.o
BSP_InverseKinematics_Init                        build/bsp_inverse_kinematics.o
                                                  build/main.o
BSP_MotorFeedback_GetErrorStatus                  build/bsp_motor_feedback.o
BSP_MotorFeedback_GetLastUpdateTime               build/bsp_motor_feedback.o
BSP_MotorFeedback_GetMotorData                    build/bsp_motor_feedback.o
                                                  build/main.o
BSP_MotorFeedback_GetUpdateCount                  build/bsp_motor_feedback.o
BSP_MotorFeedback_Init                            build/bsp_motor_feedback.o
                                                  build/bsp_fdcan.o
BSP_MotorFeedback_ProcessMessage                  build/bsp_motor_feedback.o
                                                  build/bsp_fdcan.o
BSP_PID_Calculate                                 build/bsp_pid.o
                                                  build/main.o
BSP_PID_Init                                      build/bsp_pid.o
BSP_PID_Reset                                     build/bsp_pid.o
BSP_PID_UpdateDeadbandParams                      build/bsp_pid.o
BSP_PID_UpdateGains                               build/bsp_pid.o
BSP_SBUS_GetChannels                              build/bsp_sbus_controller.o
BSP_SBUS_GetMappedChannels                        build/bsp_sbus_controller.o
BSP_SBUS_Init                                     build/bsp_sbus_controller.o
BSP_SBUS_IsSignalValid                            build/bsp_sbus_controller.o
BSP_SBUS_ProcessData                              build/bsp_sbus_controller.o
BSP_SBUS_UART_RxCpltCallback                      build/bsp_sbus_controller.o
                                                  build/main.o
BSP_SBUS_UART_StartReceive                        build/bsp_sbus_controller.o
BusFault_Handler                                  build/stm32h7xx_it.o
CEC_IRQHandler                                    build/startup_stm32h723xx.o
COMP1_IRQHandler                                  build/startup_stm32h723xx.o
CORDIC_IRQHandler                                 build/startup_stm32h723xx.o
CRS_IRQHandler                                    build/startup_stm32h723xx.o
D1CorePrescTable                                  build/system_stm32h7xx.o
                                                  build/stm32h7xx_hal.o
                                                  build/stm32h7xx_hal_rcc_ex.o
                                                  build/stm32h7xx_hal_rcc.o
DCMI_PSSI_IRQHandler                              build/startup_stm32h723xx.o
DFSDM1_FLT0_IRQHandler                            build/startup_stm32h723xx.o
DFSDM1_FLT1_IRQHandler                            build/startup_stm32h723xx.o
DFSDM1_FLT2_IRQHandler                            build/startup_stm32h723xx.o
DFSDM1_FLT3_IRQHandler                            build/startup_stm32h723xx.o
DMA1_Stream0_IRQHandler                           build/stm32h7xx_it.o
DMA1_Stream1_IRQHandler                           build/stm32h7xx_it.o
DMA1_Stream2_IRQHandler                           build/stm32h7xx_it.o
DMA1_Stream3_IRQHandler                           build/stm32h7xx_it.o
DMA1_Stream4_IRQHandler                           build/stm32h7xx_it.o
DMA1_Stream5_IRQHandler                           build/stm32h7xx_it.o
DMA1_Stream6_IRQHandler                           build/stm32h7xx_it.o
DMA1_Stream7_IRQHandler                           build/startup_stm32h723xx.o
DMA2D_IRQHandler                                  build/startup_stm32h723xx.o
DMA2_Stream0_IRQHandler                           build/startup_stm32h723xx.o
DMA2_Stream1_IRQHandler                           build/startup_stm32h723xx.o
DMA2_Stream2_IRQHandler                           build/startup_stm32h723xx.o
DMA2_Stream3_IRQHandler                           build/startup_stm32h723xx.o
DMA2_Stream4_IRQHandler                           build/startup_stm32h723xx.o
DMA2_Stream5_IRQHandler                           build/startup_stm32h723xx.o
DMA2_Stream6_IRQHandler                           build/startup_stm32h723xx.o
DMA2_Stream7_IRQHandler                           build/startup_stm32h723xx.o
DMAMUX1_OVR_IRQHandler                            build/startup_stm32h723xx.o
DMAMUX2_OVR_IRQHandler                            build/startup_stm32h723xx.o
DTS_IRQHandler                                    build/startup_stm32h723xx.o
DebugMon_Handler                                  build/stm32h7xx_it.o
Default_Handler                                   build/startup_stm32h723xx.o
ECC_IRQHandler                                    build/startup_stm32h723xx.o
ETH_IRQHandler                                    build/startup_stm32h723xx.o
ETH_WKUP_IRQHandler                               build/startup_stm32h723xx.o
EXTI0_IRQHandler                                  build/startup_stm32h723xx.o
EXTI15_10_IRQHandler                              build/stm32h7xx_it.o
EXTI1_IRQHandler                                  build/startup_stm32h723xx.o
EXTI2_IRQHandler                                  build/startup_stm32h723xx.o
EXTI3_IRQHandler                                  build/startup_stm32h723xx.o
EXTI4_IRQHandler                                  build/startup_stm32h723xx.o
EXTI9_5_IRQHandler                                build/stm32h7xx_it.o
Error_Handler                                     build/main.o
                                                  build/radio.o
                                                  build/nrf24.o
                                                  build/usart.o
                                                  build/tim.o
                                                  build/spi.o
                                                  build/fdcan.o
ExitRun0Mode                                      build/system_stm32h7xx.o
                                                  build/startup_stm32h723xx.o
FDCAN1_IT0_IRQHandler                             build/startup_stm32h723xx.o
FDCAN1_IT1_IRQHandler                             build/startup_stm32h723xx.o
FDCAN2_IT0_IRQHandler                             build/startup_stm32h723xx.o
FDCAN2_IT1_IRQHandler                             build/startup_stm32h723xx.o
FDCAN3_IT0_IRQHandler                             build/stm32h7xx_it.o
FDCAN3_IT1_IRQHandler                             build/stm32h7xx_it.o
FDCAN_CAL_IRQHandler                              build/stm32h7xx_it.o
FLASH_CRC_WaitForLastOperation                    build/stm32h7xx_hal_flash.o
                                                  build/stm32h7xx_hal_flash_ex.o
FLASH_Erase_Sector                                build/stm32h7xx_hal_flash_ex.o
                                                  build/stm32h7xx_hal_flash.o
FLASH_IRQHandler                                  build/startup_stm32h723xx.o
FLASH_OB_WaitForLastOperation                     build/stm32h7xx_hal_flash.o
                                                  build/stm32h7xx_hal_flash_ex.o
FLASH_WaitForLastOperation                        build/stm32h7xx_hal_flash.o
                                                  build/stm32h7xx_hal_flash_ex.o
FMAC_IRQHandler                                   build/startup_stm32h723xx.o
FMC_IRQHandler                                    build/startup_stm32h723xx.o
FPU_IRQHandler                                    build/startup_stm32h723xx.o
HAL_DBGMCU_DisableDBGSleepMode                    build/stm32h7xx_hal.o
HAL_DBGMCU_DisableDBGStandbyMode                  build/stm32h7xx_hal.o